Archive member included because of file (symbol)

c:/ti/ccsv6/tools/compiler/gcc-arm-none-eabi-4_8-2014q3/bin/../lib/gcc/arm-none-eabi/4.8.4/../../../../arm-none-eabi/lib\libc.a(lib_a-exit.o)
                              c:/ti/ccsv6/tools/compiler/gcc-arm-none-eabi-4_8-2014q3/bin/../lib/gcc/arm-none-eabi/4.8.4/../../../../arm-none-eabi/lib/crt0.o (exit)
c:/ti/ccsv6/tools/compiler/gcc-arm-none-eabi-4_8-2014q3/bin/../lib/gcc/arm-none-eabi/4.8.4/../../../../arm-none-eabi/lib\libc.a(lib_a-impure.o)
                              c:/ti/ccsv6/tools/compiler/gcc-arm-none-eabi-4_8-2014q3/bin/../lib/gcc/arm-none-eabi/4.8.4/../../../../arm-none-eabi/lib\libc.a(lib_a-exit.o) (_global_impure_ptr)
c:/ti/ccsv6/tools/compiler/gcc-arm-none-eabi-4_8-2014q3/bin/../lib/gcc/arm-none-eabi/4.8.4/../../../../arm-none-eabi/lib\libc.a(lib_a-init.o)
                              c:/ti/ccsv6/tools/compiler/gcc-arm-none-eabi-4_8-2014q3/bin/../lib/gcc/arm-none-eabi/4.8.4/../../../../arm-none-eabi/lib/crt0.o (__libc_init_array)
c:/ti/ccsv6/tools/compiler/gcc-arm-none-eabi-4_8-2014q3/bin/../lib/gcc/arm-none-eabi/4.8.4/../../../../arm-none-eabi/lib\libc.a(lib_a-memset.o)
                              c:/ti/ccsv6/tools/compiler/gcc-arm-none-eabi-4_8-2014q3/bin/../lib/gcc/arm-none-eabi/4.8.4/../../../../arm-none-eabi/lib/crt0.o (memset)
c:/ti/ccsv6/tools/compiler/gcc-arm-none-eabi-4_8-2014q3/bin/../lib/gcc/arm-none-eabi/4.8.4/../../../../arm-none-eabi/lib\libc.a(lib_a-__call_atexit.o)
                              c:/ti/ccsv6/tools/compiler/gcc-arm-none-eabi-4_8-2014q3/bin/../lib/gcc/arm-none-eabi/4.8.4/../../../../arm-none-eabi/lib\libc.a(lib_a-exit.o) (__call_exitprocs)
c:/ti/ccsv6/tools/compiler/gcc-arm-none-eabi-4_8-2014q3/bin/../lib/gcc/arm-none-eabi/4.8.4/../../../../arm-none-eabi/lib\libc.a(lib_a-atexit.o)
                              c:/ti/ccsv6/tools/compiler/gcc-arm-none-eabi-4_8-2014q3/bin/../lib/gcc/arm-none-eabi/4.8.4/../../../../arm-none-eabi/lib\libc.a(lib_a-__call_atexit.o) (atexit)
c:/ti/ccsv6/tools/compiler/gcc-arm-none-eabi-4_8-2014q3/bin/../lib/gcc/arm-none-eabi/4.8.4/../../../../arm-none-eabi/lib\libc.a(lib_a-fini.o)
                              c:/ti/ccsv6/tools/compiler/gcc-arm-none-eabi-4_8-2014q3/bin/../lib/gcc/arm-none-eabi/4.8.4/../../../../arm-none-eabi/lib\libc.a(lib_a-__call_atexit.o) (__libc_fini_array)
c:/ti/ccsv6/tools/compiler/gcc-arm-none-eabi-4_8-2014q3/bin/../lib/gcc/arm-none-eabi/4.8.4/../../../../arm-none-eabi/lib\libc.a(lib_a-__atexit.o)
                              c:/ti/ccsv6/tools/compiler/gcc-arm-none-eabi-4_8-2014q3/bin/../lib/gcc/arm-none-eabi/4.8.4/../../../../arm-none-eabi/lib\libc.a(lib_a-atexit.o) (__register_exitproc)
c:/ti/ccsv6/tools/compiler/gcc-arm-none-eabi-4_8-2014q3/bin/../lib/gcc/arm-none-eabi/4.8.4\libgcc.a(_udivsi3.o)
                              ./uartStdio.o (__aeabi_uidiv)
c:/ti/ccsv6/tools/compiler/gcc-arm-none-eabi-4_8-2014q3/bin/../lib/gcc/arm-none-eabi/4.8.4\libgcc.a(_dvmd_tls.o)
                              c:/ti/ccsv6/tools/compiler/gcc-arm-none-eabi-4_8-2014q3/bin/../lib/gcc/arm-none-eabi/4.8.4\libgcc.a(_udivsi3.o) (__aeabi_idiv0)
c:/ti/ccsv6/tools/compiler/gcc-arm-none-eabi-4_8-2014q3/bin/../lib/gcc/arm-none-eabi/4.8.4/../../../../arm-none-eabi/lib\libnosys.a(_exit.o)
                              c:/ti/ccsv6/tools/compiler/gcc-arm-none-eabi-4_8-2014q3/bin/../lib/gcc/arm-none-eabi/4.8.4/../../../../arm-none-eabi/lib\libc.a(lib_a-exit.o) (_exit)

Allocating common symbols
Common symbol       size              file

fnRAMVectors        0x200             ./interrupt.o

Memory Configuration

Name             Origin             Length             Attributes
SRAM             0x402f0400         0x0000fc00
L3OCMC0          0x40300000         0x00010000
M3SHUMEM         0x44d00000         0x00004000
M3SHDMEM         0x44d80000         0x00002000
DDR0             0x80000000         0x40000000
*default*        0x00000000         0xffffffff

Linker script and memory map

LOAD c:/ti/ccsv6/tools/compiler/gcc-arm-none-eabi-4_8-2014q3/bin/../lib/gcc/arm-none-eabi/4.8.4/crti.o
LOAD c:/ti/ccsv6/tools/compiler/gcc-arm-none-eabi-4_8-2014q3/bin/../lib/gcc/arm-none-eabi/4.8.4/crtbegin.o
LOAD c:/ti/ccsv6/tools/compiler/gcc-arm-none-eabi-4_8-2014q3/bin/../lib/gcc/arm-none-eabi/4.8.4/../../../../arm-none-eabi/lib/crt0.o
                0x0001c000                STACKSIZE = 0x1c000
                0x00000400                HEAPSIZE = 0x400
LOAD ./ascii.o
LOAD ./consoleUtils.o
LOAD ./cpu.o
LOAD ./dmtimer.o
LOAD ./interrupt.o
LOAD ./main.o
LOAD ./startup_ARMCA8.o
LOAD ./uart.o
LOAD ./uartConsole.o
LOAD ./uartStdio.o
LOAD ./uart_irda_cir.o

.rsthand        0x80000000       0xb4
                0x80000000                . = ALIGN (0x10000)
 *(.isr_vector)
 *startup_ARMCA8.o(.text)
 .text          0x80000000       0xb4 ./startup_ARMCA8.o
                0x80000000                Entry

.text           0x800000b4     0x739c
                0x800000b4                . = ALIGN (0x4)
 *(.text*)
 .text          0x800000b4        0x0 c:/ti/ccsv6/tools/compiler/gcc-arm-none-eabi-4_8-2014q3/bin/../lib/gcc/arm-none-eabi/4.8.4/crti.o
 .text          0x800000b4       0x94 c:/ti/ccsv6/tools/compiler/gcc-arm-none-eabi-4_8-2014q3/bin/../lib/gcc/arm-none-eabi/4.8.4/crtbegin.o
 .text          0x80000148      0x114 c:/ti/ccsv6/tools/compiler/gcc-arm-none-eabi-4_8-2014q3/bin/../lib/gcc/arm-none-eabi/4.8.4/../../../../arm-none-eabi/lib/crt0.o
                0x80000148                _start
                0x80000148                _mainCRTStartup
 .text          0x8000025c      0x784 ./ascii.o
                0x8000025c                ASCIIToDigit
                0x80000348                DigitToASCII
                0x80000404                StrToEthrAddr
                0x80000578                EthrAddrToStr
                0x800006e8                TimeToStr
                0x80000864                DateToStr
 .text          0x800009e0      0x2bc ./consoleUtils.o
                0x800009e0                ConsoleUtilsInit
                0x800009f0                ConsoleUtilsSetType
                0x80000a3c                ConsoleUtilsPrintf
                0x80000a98                ConsoleUtilsScanf
                0x80000b08                ConsoleUtilsGets
                0x80000b6c                ConsoleUtilsPuts
                0x80000bbc                ConsoleUtilsGetChar
                0x80000c4c                ConsoleUtilsPutChar
 .text          0x80000c9c       0xd0 ./cpu.o
                0x80000c9c                CPUSwitchToPrivilegedMode
                0x80000cb4                CPUSwitchToUserMode
                0x80000cd8                CPUAbortHandler
                0x80000cec                CPUirqd
                0x80000d0c                CPUirqe
                0x80000d2c                CPUfiqd
                0x80000d4c                CPUfiqe
 .text          0x80000d6c      0xa4c ./dmtimer.o
                0x80000d6c                DMTimerEnable
                0x80000dd4                DMTimerDisable
                0x80000e3c                DMTimerModeConfigure
                0x80000f00                DMTimerPreScalerClkEnable
                0x80000fc4                DMTimerPreScalerClkDisable
                0x8000102c                DMTimerCounterSet
                0x8000108c                DMTimerCounterGet
                0x800010e8                DMTimerReloadSet
                0x80001148                DMTimerReloadGet
                0x80001174                DMTimerGPOConfigure
                0x80001238                DMTimerCompareSet
                0x80001298                DMTimerCompareGet
                0x800012c4                DMTimerIntRawStatusSet
                0x800012f8                DMTimerIntRawStatusGet
                0x80001324                DMTimerIntStatusGet
                0x80001350                DMTimerIntStatusClear
                0x80001384                DMTimerIntEnable
                0x800013b8                DMTimerIntDisable
                0x800013ec                DMTimerTriggerSet
                0x80001448                DMTimerIntEnableGet
                0x80001474                DMTimerResetConfigure
                0x800014d4                DMTimerReset
                0x80001528                DMTimerContextSave
                0x800015dc                DMTimerContextRestore
                0x8000172c                DMTimerPostedModeConfig
                0x8000178c                DMTimerWritePostedStatusGet
 .text          0x800017b8      0x634 ./interrupt.o
                0x800017cc                IntRegister
                0x80001800                IntUnRegister
                0x80001834                IntAINTCInit
                0x800018c4                IntPrioritySet
                0x80001914                IntSystemEnable
                0x80001960                IntSystemDisable
                0x800019ac                IntIfClkFreeRunSet
                0x800019dc                IntIfClkAutoGateSet
                0x80001a0c                IntActiveIrqNumGet
                0x80001a34                IntSpurIrqFlagGet
                0x80001a5c                IntProtectionEnable
                0x80001a80                IntProtectionDisable
                0x80001ab0                IntSyncClkFreeRunSet
                0x80001ae0                IntSyncClkAutoGateSet
                0x80001b10                IntFuncClkFreeRunSet
                0x80001b40                IntFuncClkAutoGateSet
                0x80001b70                IntCurrIrqPriorityGet
                0x80001b98                IntPriorityThresholdGet
                0x80001bc0                IntPriorityThresholdSet
                0x80001bf0                IntRawStatusGet
                0x80001c4c                IntSoftwareIntSet
                0x80001c94                IntSoftwareIntClear
                0x80001cdc                IntPendingIrqMaskedStatusGet
                0x80001d34                IntMasterIRQEnable
                0x80001d44                IntMasterIRQDisable
                0x80001d54                IntMasterFIQEnable
                0x80001d64                IntMasterFIQDisable
                0x80001d74                IntMasterStatusGet
                0x80001d90                IntDisable
                0x80001dbc                IntEnable
 .text          0x80001dec      0x5ac ./main.o
                0x80001dec                main
                0x80001ecc                setIntControllerAutoIdle
                0x80001f0c                setIntPriorityAndMode
                0x80001f80                clearInterruptMask
                0x80001fbc                setInterruptMask
                0x8000200c                intcIdleSettings
                0x80002058                globalInterruptEnable
                0x80002138                DMTimer2ModuleClkConfig
 .text          0x80002398      0x3a4 ./uart.o
                0x80002398                UARTPinMuxSetup
                0x800023e0                UART0ModuleClkConfig
 .text          0x8000273c      0x1b8 ./uartConsole.o
                0x80002874                UARTConsoleInit
                0x800028a0                UARTConsolePutc
                0x800028d0                UARTConsoleGetc
 .text          0x800028f4     0x1ebc ./uartStdio.o
                0x800028f4                UARTStdioInit
                0x800029c0                UARTPuts
                0x80002a8c                UARTGets
                0x80002b4c                UARTPutNum
                0x80002cac                UARTPutHexNum
                0x80002e18                UARTGetNum
                0x80002f08                UARTGetHexNum
                0x800031a4                UARTPutc
                0x800031cc                UARTGetc
                0x800031e4                UARTwrite
                0x80003268                UARTprintf
                0x80003894                UARTScanf
                0x80004190                UARTPrintf
 .text          0x800047b0     0x25ec ./uart_irda_cir.o
                0x800047b0                UARTOperatingModeSelect
                0x80004834                UARTDivisorValCompute
                0x80004920                UARTDivisorLatchWrite
                0x80004af8                UARTDivisorLatchEnable
                0x80004b30                UARTDivisorLatchDisable
                0x80004b68                UARTRegConfigModeEnable
                0x80004c00                UARTRegConfModeRestore
                0x80004c30                UARTBreakCtl
                0x80004c90                UARTLineCharacConfig
                0x80004d34                UARTParityModeSet
                0x80004d94                UARTParityModeGet
                0x80004dc4                UARTFIFOConfig
                0x8000521c                UARTDMAEnable
                0x8000529c                UARTDMADisable
                0x800052f0                UARTFIFORegisterWrite
                0x80005388                UARTEnhanFuncEnable
                0x80005408                UARTEnhanFuncBitValRestore
                0x8000548c                UARTSubConfigMSRSPRModeEn
                0x80005598                UARTSubConfigTCRTLRModeEn
                0x800056a4                UARTSubConfigXOFFModeEn
                0x800057b0                UARTTCRTLRBitValRestore
                0x800058c0                UARTIntEnable
                0x800059d8                UARTIntDisable
                0x80005ad0                UARTSpaceAvail
                0x80005b40                UARTCharsAvail
                0x80005bb0                UARTCharPutNonBlocking
                0x80005c34                UARTCharGetNonBlocking
                0x80005cac                UARTCharGet
                0x80005d28                UARTCharGetTimeout
                0x80005dcc                UARTCharPut
                0x80005e3c                UARTFIFOCharPut
                0x80005e6c                UARTFIFOCharGet
                0x80005e9c                UARTFIFOWrite
                0x80005f10                UARTRxErrorGet
                0x80005f74                UARTIntIdentityGet
                0x80005fd8                UARTIntPendingStatusGet
                0x80006048                UARTFIFOEnableStatusGet
                0x800060b8                UARTAutoRTSAutoCTSControl
                0x80006164                UARTSpecialCharDetectControl
                0x800061e8                UARTSoftwareFlowCtrlOptSet
                0x8000626c                UARTPulseShapingControl
                0x800062cc                UARTModuleReset
                0x80006320                UARTIdleModeConfigure
                0x80006380                UARTWakeUpControl
                0x800063e0                UARTAutoIdleModeControl
                0x80006440                UARTFlowCtrlTrigLvlConfig
                0x800064a0                UARTXON1XOFF1ValProgram
                0x800064ec                UARTXON2XOFF2ValProgram
                0x80006538                UARTXONAnyFeatureControl
                0x80006630                UARTLoopbackModeControl
                0x80006690                UARTModemControlSet
                0x800066d4                UARTModemControlClear
                0x8000671c                UARTModemStatusGet
                0x8000674c                UARTModemStatusChangeCheck
                0x8000677c                UARTResumeOperation
                0x800067a4                UARTWakeUpEventsEnable
                0x800067e8                UARTWakeUpEventsDisable
                0x80006830                UARTFIFOTrigLvlGranControl
                0x800068b8                UARTDSRInterruptControl
                0x80006918                UARTTxEmptyIntControl
                0x80006978                UARTRXCTSDSRWakeUpConfigure
                0x800069d8                UARTRXCTSDSRTransitionStatusGet
                0x80006a08                UARTDMACounterResetControl
                0x80006a68                UARTTxFIFOFullStatusGet
                0x80006a98                UARTTxFIFOLevelGet
                0x80006ac4                UARTRxFIFOLevelGet
                0x80006af0                UARTAutobaudParityGet
                0x80006b54                UARTAutobaudWordLenGet
                0x80006bb8                UARTAutobaudSpeedGet
                0x80006c1c                UARTScratchPadRegWrite
                0x80006c7c                UARTScratchPadRegRead
                0x80006cac                UARTModuleVersionNumberGet
                0x80006cdc                UARTTxDMAThresholdControl
                0x80006d3c                UARTTxDMAThresholdValConfig
 .text          0x80006d9c        0x0 c:/ti/ccsv6/tools/compiler/gcc-arm-none-eabi-4_8-2014q3/bin/../lib/gcc/arm-none-eabi/4.8.4/../../../../arm-none-eabi/lib\libc.a(lib_a-exit.o)
 .text.exit     0x80006d9c       0x34 c:/ti/ccsv6/tools/compiler/gcc-arm-none-eabi-4_8-2014q3/bin/../lib/gcc/arm-none-eabi/4.8.4/../../../../arm-none-eabi/lib\libc.a(lib_a-exit.o)
                0x80006d9c                exit
 .text          0x80006dd0        0x0 c:/ti/ccsv6/tools/compiler/gcc-arm-none-eabi-4_8-2014q3/bin/../lib/gcc/arm-none-eabi/4.8.4/../../../../arm-none-eabi/lib\libc.a(lib_a-impure.o)
 .text          0x80006dd0        0x0 c:/ti/ccsv6/tools/compiler/gcc-arm-none-eabi-4_8-2014q3/bin/../lib/gcc/arm-none-eabi/4.8.4/../../../../arm-none-eabi/lib\libc.a(lib_a-init.o)
 .text.__libc_init_array
                0x80006dd0       0x88 c:/ti/ccsv6/tools/compiler/gcc-arm-none-eabi-4_8-2014q3/bin/../lib/gcc/arm-none-eabi/4.8.4/../../../../arm-none-eabi/lib\libc.a(lib_a-init.o)
                0x80006dd0                __libc_init_array
 .text          0x80006e58        0x0 c:/ti/ccsv6/tools/compiler/gcc-arm-none-eabi-4_8-2014q3/bin/../lib/gcc/arm-none-eabi/4.8.4/../../../../arm-none-eabi/lib\libc.a(lib_a-memset.o)
 .text.memset   0x80006e58       0xf4 c:/ti/ccsv6/tools/compiler/gcc-arm-none-eabi-4_8-2014q3/bin/../lib/gcc/arm-none-eabi/4.8.4/../../../../arm-none-eabi/lib\libc.a(lib_a-memset.o)
                0x80006e58                memset
 .text          0x80006f4c        0x0 c:/ti/ccsv6/tools/compiler/gcc-arm-none-eabi-4_8-2014q3/bin/../lib/gcc/arm-none-eabi/4.8.4/../../../../arm-none-eabi/lib\libc.a(lib_a-__call_atexit.o)
 .text.startup.register_fini
                0x80006f4c       0x24 c:/ti/ccsv6/tools/compiler/gcc-arm-none-eabi-4_8-2014q3/bin/../lib/gcc/arm-none-eabi/4.8.4/../../../../arm-none-eabi/lib\libc.a(lib_a-__call_atexit.o)
 .text.__call_exitprocs
                0x80006f70      0x170 c:/ti/ccsv6/tools/compiler/gcc-arm-none-eabi-4_8-2014q3/bin/../lib/gcc/arm-none-eabi/4.8.4/../../../../arm-none-eabi/lib\libc.a(lib_a-__call_atexit.o)
                0x80006f70                __call_exitprocs
 .text          0x800070e0        0x0 c:/ti/ccsv6/tools/compiler/gcc-arm-none-eabi-4_8-2014q3/bin/../lib/gcc/arm-none-eabi/4.8.4/../../../../arm-none-eabi/lib\libc.a(lib_a-atexit.o)
 .text.atexit   0x800070e0       0x20 c:/ti/ccsv6/tools/compiler/gcc-arm-none-eabi-4_8-2014q3/bin/../lib/gcc/arm-none-eabi/4.8.4/../../../../arm-none-eabi/lib\libc.a(lib_a-atexit.o)
                0x800070e0                atexit
 .text          0x80007100        0x0 c:/ti/ccsv6/tools/compiler/gcc-arm-none-eabi-4_8-2014q3/bin/../lib/gcc/arm-none-eabi/4.8.4/../../../../arm-none-eabi/lib\libc.a(lib_a-fini.o)
 .text.__libc_fini_array
                0x80007100       0x48 c:/ti/ccsv6/tools/compiler/gcc-arm-none-eabi-4_8-2014q3/bin/../lib/gcc/arm-none-eabi/4.8.4/../../../../arm-none-eabi/lib\libc.a(lib_a-fini.o)
                0x80007100                __libc_fini_array
 .text          0x80007148        0x0 c:/ti/ccsv6/tools/compiler/gcc-arm-none-eabi-4_8-2014q3/bin/../lib/gcc/arm-none-eabi/4.8.4/../../../../arm-none-eabi/lib\libc.a(lib_a-__atexit.o)
 .text.__register_exitproc
                0x80007148       0xf0 c:/ti/ccsv6/tools/compiler/gcc-arm-none-eabi-4_8-2014q3/bin/../lib/gcc/arm-none-eabi/4.8.4/../../../../arm-none-eabi/lib\libc.a(lib_a-__atexit.o)
                0x80007148                __register_exitproc
 .text          0x80007238      0x114 c:/ti/ccsv6/tools/compiler/gcc-arm-none-eabi-4_8-2014q3/bin/../lib/gcc/arm-none-eabi/4.8.4\libgcc.a(_udivsi3.o)
                0x80007238                __aeabi_uidiv
                0x80007238                __udivsi3
                0x8000732c                __aeabi_uidivmod
 .text          0x8000734c        0x4 c:/ti/ccsv6/tools/compiler/gcc-arm-none-eabi-4_8-2014q3/bin/../lib/gcc/arm-none-eabi/4.8.4\libgcc.a(_dvmd_tls.o)
                0x8000734c                __aeabi_idiv0
                0x8000734c                __aeabi_ldiv0
 .text          0x80007350        0x0 c:/ti/ccsv6/tools/compiler/gcc-arm-none-eabi-4_8-2014q3/bin/../lib/gcc/arm-none-eabi/4.8.4/../../../../arm-none-eabi/lib\libnosys.a(_exit.o)
 .text._exit    0x80007350        0x4 c:/ti/ccsv6/tools/compiler/gcc-arm-none-eabi-4_8-2014q3/bin/../lib/gcc/arm-none-eabi/4.8.4/../../../../arm-none-eabi/lib\libnosys.a(_exit.o)
                0x80007350                _exit
 .text          0x80007354        0x0 c:/ti/ccsv6/tools/compiler/gcc-arm-none-eabi-4_8-2014q3/bin/../lib/gcc/arm-none-eabi/4.8.4/crtend.o
 .text          0x80007354        0x0 c:/ti/ccsv6/tools/compiler/gcc-arm-none-eabi-4_8-2014q3/bin/../lib/gcc/arm-none-eabi/4.8.4/crtn.o
 *(.rodata*)
 .rodata        0x80007354       0x50 ./consoleUtils.o
 .rodata        0x800073a4       0x40 ./main.o
 .rodata        0x800073e4       0x64 ./uartStdio.o
 .rodata.str1.4
                0x80007448        0x4 c:/ti/ccsv6/tools/compiler/gcc-arm-none-eabi-4_8-2014q3/bin/../lib/gcc/arm-none-eabi/4.8.4/../../../../arm-none-eabi/lib\libc.a(lib_a-impure.o)
 .rodata._global_impure_ptr
                0x8000744c        0x4 c:/ti/ccsv6/tools/compiler/gcc-arm-none-eabi-4_8-2014q3/bin/../lib/gcc/arm-none-eabi/4.8.4/../../../../arm-none-eabi/lib\libc.a(lib_a-impure.o)
                0x8000744c                _global_impure_ptr

.glue_7         0x80007450        0x0
 .glue_7        0x00000000        0x0 linker stubs

.glue_7t        0x80007450        0x0
 .glue_7t       0x00000000        0x0 linker stubs

.vfp11_veneer   0x80007450        0x0
 .vfp11_veneer  0x00000000        0x0 linker stubs

.v4_bx          0x80007450        0x0
 .v4_bx         0x00000000        0x0 linker stubs

.init           0x80007450       0x18
 .init          0x80007450        0xc c:/ti/ccsv6/tools/compiler/gcc-arm-none-eabi-4_8-2014q3/bin/../lib/gcc/arm-none-eabi/4.8.4/crti.o
                0x80007450                _init
 .init          0x8000745c        0xc c:/ti/ccsv6/tools/compiler/gcc-arm-none-eabi-4_8-2014q3/bin/../lib/gcc/arm-none-eabi/4.8.4/crtn.o

.fini           0x80007468       0x18
 .fini          0x80007468        0xc c:/ti/ccsv6/tools/compiler/gcc-arm-none-eabi-4_8-2014q3/bin/../lib/gcc/arm-none-eabi/4.8.4/crti.o
                0x80007468                _fini
 .fini          0x80007474        0xc c:/ti/ccsv6/tools/compiler/gcc-arm-none-eabi-4_8-2014q3/bin/../lib/gcc/arm-none-eabi/4.8.4/crtn.o

.iplt           0x80007480        0x0
 .iplt          0x00000000        0x0 c:/ti/ccsv6/tools/compiler/gcc-arm-none-eabi-4_8-2014q3/bin/../lib/gcc/arm-none-eabi/4.8.4/crtbegin.o

.eh_frame       0x80007480        0x4
 .eh_frame      0x80007480        0x0 c:/ti/ccsv6/tools/compiler/gcc-arm-none-eabi-4_8-2014q3/bin/../lib/gcc/arm-none-eabi/4.8.4/crtbegin.o
 .eh_frame      0x80007480        0x4 c:/ti/ccsv6/tools/compiler/gcc-arm-none-eabi-4_8-2014q3/bin/../lib/gcc/arm-none-eabi/4.8.4/crtend.o

.ARM.extab      0x80007484        0x0
 .ARM.extab     0x80007484        0x0 c:/ti/ccsv6/tools/compiler/gcc-arm-none-eabi-4_8-2014q3/bin/../lib/gcc/arm-none-eabi/4.8.4/../../../../arm-none-eabi/lib/crt0.o

.ARM.exidx      0x80007484        0x8
 .ARM.exidx     0x80007484        0x8 c:/ti/ccsv6/tools/compiler/gcc-arm-none-eabi-4_8-2014q3/bin/../lib/gcc/arm-none-eabi/4.8.4/../../../../arm-none-eabi/lib/crt0.o

.rel.dyn        0x8000748c        0x0
 .rel.iplt      0x00000000        0x0 c:/ti/ccsv6/tools/compiler/gcc-arm-none-eabi-4_8-2014q3/bin/../lib/gcc/arm-none-eabi/4.8.4/crtbegin.o

.data           0x80007490      0x434
                0x80007490                . = ALIGN (0x4)
 *(.data*)
 .data          0x80007490        0x0 c:/ti/ccsv6/tools/compiler/gcc-arm-none-eabi-4_8-2014q3/bin/../lib/gcc/arm-none-eabi/4.8.4/crti.o
 .data          0x80007490        0x4 c:/ti/ccsv6/tools/compiler/gcc-arm-none-eabi-4_8-2014q3/bin/../lib/gcc/arm-none-eabi/4.8.4/crtbegin.o
                0x80007490                __dso_handle
 .data          0x80007494        0x0 c:/ti/ccsv6/tools/compiler/gcc-arm-none-eabi-4_8-2014q3/bin/../lib/gcc/arm-none-eabi/4.8.4/../../../../arm-none-eabi/lib/crt0.o
 .data          0x80007494        0x0 ./ascii.o
 .data          0x80007494        0x0 ./consoleUtils.o
 .data          0x80007494        0x0 ./cpu.o
 .data          0x80007494        0x0 ./dmtimer.o
 .data          0x80007494        0x0 ./interrupt.o
 .data          0x80007494        0x4 ./main.o
 .data          0x80007498        0x0 ./startup_ARMCA8.o
 .data          0x80007498        0x0 ./uart.o
 .data          0x80007498        0x0 ./uartConsole.o
 .data          0x80007498        0x0 ./uartStdio.o
 .data          0x80007498        0x0 ./uart_irda_cir.o
 .data          0x80007498        0x0 c:/ti/ccsv6/tools/compiler/gcc-arm-none-eabi-4_8-2014q3/bin/../lib/gcc/arm-none-eabi/4.8.4/../../../../arm-none-eabi/lib\libc.a(lib_a-exit.o)
 .data          0x80007498        0x0 c:/ti/ccsv6/tools/compiler/gcc-arm-none-eabi-4_8-2014q3/bin/../lib/gcc/arm-none-eabi/4.8.4/../../../../arm-none-eabi/lib\libc.a(lib_a-impure.o)
 .data.impure_data
                0x80007498      0x428 c:/ti/ccsv6/tools/compiler/gcc-arm-none-eabi-4_8-2014q3/bin/../lib/gcc/arm-none-eabi/4.8.4/../../../../arm-none-eabi/lib\libc.a(lib_a-impure.o)
 .data._impure_ptr
                0x800078c0        0x4 c:/ti/ccsv6/tools/compiler/gcc-arm-none-eabi-4_8-2014q3/bin/../lib/gcc/arm-none-eabi/4.8.4/../../../../arm-none-eabi/lib\libc.a(lib_a-impure.o)
                0x800078c0                _impure_ptr
 .data          0x800078c4        0x0 c:/ti/ccsv6/tools/compiler/gcc-arm-none-eabi-4_8-2014q3/bin/../lib/gcc/arm-none-eabi/4.8.4/../../../../arm-none-eabi/lib\libc.a(lib_a-init.o)
 .data          0x800078c4        0x0 c:/ti/ccsv6/tools/compiler/gcc-arm-none-eabi-4_8-2014q3/bin/../lib/gcc/arm-none-eabi/4.8.4/../../../../arm-none-eabi/lib\libc.a(lib_a-memset.o)
 .data          0x800078c4        0x0 c:/ti/ccsv6/tools/compiler/gcc-arm-none-eabi-4_8-2014q3/bin/../lib/gcc/arm-none-eabi/4.8.4/../../../../arm-none-eabi/lib\libc.a(lib_a-__call_atexit.o)
 .data          0x800078c4        0x0 c:/ti/ccsv6/tools/compiler/gcc-arm-none-eabi-4_8-2014q3/bin/../lib/gcc/arm-none-eabi/4.8.4/../../../../arm-none-eabi/lib\libc.a(lib_a-atexit.o)
 .data          0x800078c4        0x0 c:/ti/ccsv6/tools/compiler/gcc-arm-none-eabi-4_8-2014q3/bin/../lib/gcc/arm-none-eabi/4.8.4/../../../../arm-none-eabi/lib\libc.a(lib_a-fini.o)
 .data          0x800078c4        0x0 c:/ti/ccsv6/tools/compiler/gcc-arm-none-eabi-4_8-2014q3/bin/../lib/gcc/arm-none-eabi/4.8.4/../../../../arm-none-eabi/lib\libc.a(lib_a-__atexit.o)
 .data          0x800078c4        0x0 c:/ti/ccsv6/tools/compiler/gcc-arm-none-eabi-4_8-2014q3/bin/../lib/gcc/arm-none-eabi/4.8.4\libgcc.a(_udivsi3.o)
 .data          0x800078c4        0x0 c:/ti/ccsv6/tools/compiler/gcc-arm-none-eabi-4_8-2014q3/bin/../lib/gcc/arm-none-eabi/4.8.4\libgcc.a(_dvmd_tls.o)
 .data          0x800078c4        0x0 c:/ti/ccsv6/tools/compiler/gcc-arm-none-eabi-4_8-2014q3/bin/../lib/gcc/arm-none-eabi/4.8.4/../../../../arm-none-eabi/lib\libnosys.a(_exit.o)
 .data          0x800078c4        0x0 c:/ti/ccsv6/tools/compiler/gcc-arm-none-eabi-4_8-2014q3/bin/../lib/gcc/arm-none-eabi/4.8.4/crtend.o
 .data          0x800078c4        0x0 c:/ti/ccsv6/tools/compiler/gcc-arm-none-eabi-4_8-2014q3/bin/../lib/gcc/arm-none-eabi/4.8.4/crtn.o

.init_array     0x800078c4        0x4
 .init_array    0x800078c4        0x4 c:/ti/ccsv6/tools/compiler/gcc-arm-none-eabi-4_8-2014q3/bin/../lib/gcc/arm-none-eabi/4.8.4/crtbegin.o

.fini_array     0x800078c8        0x4
 .fini_array    0x800078c8        0x4 c:/ti/ccsv6/tools/compiler/gcc-arm-none-eabi-4_8-2014q3/bin/../lib/gcc/arm-none-eabi/4.8.4/crtbegin.o

.jcr            0x800078cc        0x4
 .jcr           0x800078cc        0x0 c:/ti/ccsv6/tools/compiler/gcc-arm-none-eabi-4_8-2014q3/bin/../lib/gcc/arm-none-eabi/4.8.4/crtbegin.o
 .jcr           0x800078cc        0x4 c:/ti/ccsv6/tools/compiler/gcc-arm-none-eabi-4_8-2014q3/bin/../lib/gcc/arm-none-eabi/4.8.4/crtend.o

.igot.plt       0x800078d0        0x0
 .igot.plt      0x00000000        0x0 c:/ti/ccsv6/tools/compiler/gcc-arm-none-eabi-4_8-2014q3/bin/../lib/gcc/arm-none-eabi/4.8.4/crtbegin.o

.init_array.00000
                0x800078d0        0x4
 .init_array.00000
                0x800078d0        0x4 c:/ti/ccsv6/tools/compiler/gcc-arm-none-eabi-4_8-2014q3/bin/../lib/gcc/arm-none-eabi/4.8.4/../../../../arm-none-eabi/lib\libc.a(lib_a-__call_atexit.o)

.bss            0x800078d4      0x224
                0x800078d4                . = ALIGN (0x4)
                0x800078d4                __bss_start__ = .
 *(.bss*)
 .bss           0x800078d4        0x0 c:/ti/ccsv6/tools/compiler/gcc-arm-none-eabi-4_8-2014q3/bin/../lib/gcc/arm-none-eabi/4.8.4/crti.o
 .bss           0x800078d4       0x1c c:/ti/ccsv6/tools/compiler/gcc-arm-none-eabi-4_8-2014q3/bin/../lib/gcc/arm-none-eabi/4.8.4/crtbegin.o
 .bss           0x800078f0        0x0 c:/ti/ccsv6/tools/compiler/gcc-arm-none-eabi-4_8-2014q3/bin/../lib/gcc/arm-none-eabi/4.8.4/../../../../arm-none-eabi/lib/crt0.o
 .bss           0x800078f0        0x0 ./ascii.o
 .bss           0x800078f0        0x1 ./consoleUtils.o
 .bss           0x800078f1        0x0 ./cpu.o
 .bss           0x800078f1        0x0 ./dmtimer.o
 .bss           0x800078f1        0x0 ./interrupt.o
 *fill*         0x800078f1        0x3 
 .bss           0x800078f4        0x4 ./main.o
 .bss           0x800078f8        0x0 ./startup_ARMCA8.o
 .bss           0x800078f8        0x0 ./uart.o
 .bss           0x800078f8        0x0 ./uartConsole.o
 .bss           0x800078f8        0x0 ./uartStdio.o
 .bss           0x800078f8        0x0 ./uart_irda_cir.o
 .bss           0x800078f8        0x0 c:/ti/ccsv6/tools/compiler/gcc-arm-none-eabi-4_8-2014q3/bin/../lib/gcc/arm-none-eabi/4.8.4/../../../../arm-none-eabi/lib\libc.a(lib_a-exit.o)
 .bss           0x800078f8        0x0 c:/ti/ccsv6/tools/compiler/gcc-arm-none-eabi-4_8-2014q3/bin/../lib/gcc/arm-none-eabi/4.8.4/../../../../arm-none-eabi/lib\libc.a(lib_a-impure.o)
 .bss           0x800078f8        0x0 c:/ti/ccsv6/tools/compiler/gcc-arm-none-eabi-4_8-2014q3/bin/../lib/gcc/arm-none-eabi/4.8.4/../../../../arm-none-eabi/lib\libc.a(lib_a-init.o)
 .bss           0x800078f8        0x0 c:/ti/ccsv6/tools/compiler/gcc-arm-none-eabi-4_8-2014q3/bin/../lib/gcc/arm-none-eabi/4.8.4/../../../../arm-none-eabi/lib\libc.a(lib_a-memset.o)
 .bss           0x800078f8        0x0 c:/ti/ccsv6/tools/compiler/gcc-arm-none-eabi-4_8-2014q3/bin/../lib/gcc/arm-none-eabi/4.8.4/../../../../arm-none-eabi/lib\libc.a(lib_a-__call_atexit.o)
 .bss           0x800078f8        0x0 c:/ti/ccsv6/tools/compiler/gcc-arm-none-eabi-4_8-2014q3/bin/../lib/gcc/arm-none-eabi/4.8.4/../../../../arm-none-eabi/lib\libc.a(lib_a-atexit.o)
 .bss           0x800078f8        0x0 c:/ti/ccsv6/tools/compiler/gcc-arm-none-eabi-4_8-2014q3/bin/../lib/gcc/arm-none-eabi/4.8.4/../../../../arm-none-eabi/lib\libc.a(lib_a-fini.o)
 .bss           0x800078f8        0x0 c:/ti/ccsv6/tools/compiler/gcc-arm-none-eabi-4_8-2014q3/bin/../lib/gcc/arm-none-eabi/4.8.4/../../../../arm-none-eabi/lib\libc.a(lib_a-__atexit.o)
 .bss           0x800078f8        0x0 c:/ti/ccsv6/tools/compiler/gcc-arm-none-eabi-4_8-2014q3/bin/../lib/gcc/arm-none-eabi/4.8.4\libgcc.a(_udivsi3.o)
 .bss           0x800078f8        0x0 c:/ti/ccsv6/tools/compiler/gcc-arm-none-eabi-4_8-2014q3/bin/../lib/gcc/arm-none-eabi/4.8.4\libgcc.a(_dvmd_tls.o)
 .bss           0x800078f8        0x0 c:/ti/ccsv6/tools/compiler/gcc-arm-none-eabi-4_8-2014q3/bin/../lib/gcc/arm-none-eabi/4.8.4/../../../../arm-none-eabi/lib\libnosys.a(_exit.o)
 .bss           0x800078f8        0x0 c:/ti/ccsv6/tools/compiler/gcc-arm-none-eabi-4_8-2014q3/bin/../lib/gcc/arm-none-eabi/4.8.4/crtend.o
 .bss           0x800078f8        0x0 c:/ti/ccsv6/tools/compiler/gcc-arm-none-eabi-4_8-2014q3/bin/../lib/gcc/arm-none-eabi/4.8.4/crtn.o
 *(COMMON)
 COMMON         0x800078f8      0x200 ./interrupt.o
                0x800078f8                fnRAMVectors
                0x80007af8                __bss_end__ = .

.heap           0x80007af8      0x800
                0x80007af8                . = ALIGN (0x4)
                0x80007af8                __end__ = .
                0x80007af8                end = __end__
                0x80007af8                __HeapBase = __end__
 *(.heap*)
                0x800082f8                . = (. + 0x800)
 *fill*         0x80007af8      0x800 
                0x800082f8                __HeapLimit = .

.stack          0x800082f8  0x7fffff8
                0x800082f8                . = ALIGN (0x4)
                0x800082f8                __StackLimit = .
 *(.stack*)
                0x880082f0                . = (. + 0x7fffff8)
 *fill*         0x800082f8  0x7fffff8 
                0x880082f0                __StackTop = .
                0x880082f0                __stack = __StackTop
START GROUP
LOAD c:/ti/ccsv6/tools/compiler/gcc-arm-none-eabi-4_8-2014q3/bin/../lib/gcc/arm-none-eabi/4.8.4/../../../../arm-none-eabi/lib\libc.a
LOAD c:/ti/ccsv6/tools/compiler/gcc-arm-none-eabi-4_8-2014q3/bin/../lib/gcc/arm-none-eabi/4.8.4\libgcc.a
LOAD c:/ti/ccsv6/tools/compiler/gcc-arm-none-eabi-4_8-2014q3/bin/../lib/gcc/arm-none-eabi/4.8.4/../../../../arm-none-eabi/lib\libnosys.a
END GROUP
START GROUP
LOAD c:/ti/ccsv6/tools/compiler/gcc-arm-none-eabi-4_8-2014q3/bin/../lib/gcc/arm-none-eabi/4.8.4\libgcc.a
LOAD c:/ti/ccsv6/tools/compiler/gcc-arm-none-eabi-4_8-2014q3/bin/../lib/gcc/arm-none-eabi/4.8.4/../../../../arm-none-eabi/lib\libg.a
LOAD c:/ti/ccsv6/tools/compiler/gcc-arm-none-eabi-4_8-2014q3/bin/../lib/gcc/arm-none-eabi/4.8.4/../../../../arm-none-eabi/lib\libc.a
END GROUP
LOAD c:/ti/ccsv6/tools/compiler/gcc-arm-none-eabi-4_8-2014q3/bin/../lib/gcc/arm-none-eabi/4.8.4/crtend.o
LOAD c:/ti/ccsv6/tools/compiler/gcc-arm-none-eabi-4_8-2014q3/bin/../lib/gcc/arm-none-eabi/4.8.4/crtn.o
OUTPUT(TimerTest.out elf32-littlearm)

.ARM.attributes
                0x00000000       0x33
 .ARM.attributes
                0x00000000       0x16 c:/ti/ccsv6/tools/compiler/gcc-arm-none-eabi-4_8-2014q3/bin/../lib/gcc/arm-none-eabi/4.8.4/crti.o
 .ARM.attributes
                0x00000016       0x30 c:/ti/ccsv6/tools/compiler/gcc-arm-none-eabi-4_8-2014q3/bin/../lib/gcc/arm-none-eabi/4.8.4/crtbegin.o
 .ARM.attributes
                0x00000046       0x14 c:/ti/ccsv6/tools/compiler/gcc-arm-none-eabi-4_8-2014q3/bin/../lib/gcc/arm-none-eabi/4.8.4/../../../../arm-none-eabi/lib/crt0.o
 .ARM.attributes
                0x0000005a       0x37 ./ascii.o
 .ARM.attributes
                0x00000091       0x37 ./consoleUtils.o
 .ARM.attributes
                0x000000c8       0x37 ./cpu.o
 .ARM.attributes
                0x000000ff       0x37 ./dmtimer.o
 .ARM.attributes
                0x00000136       0x37 ./interrupt.o
 .ARM.attributes
                0x0000016d       0x37 ./main.o
 .ARM.attributes
                0x000001a4       0x1f ./startup_ARMCA8.o
 .ARM.attributes
                0x000001c3       0x37 ./uart.o
 .ARM.attributes
                0x000001fa       0x37 ./uartConsole.o
 .ARM.attributes
                0x00000231       0x37 ./uartStdio.o
 .ARM.attributes
                0x00000268       0x37 ./uart_irda_cir.o
 .ARM.attributes
                0x0000029f       0x30 c:/ti/ccsv6/tools/compiler/gcc-arm-none-eabi-4_8-2014q3/bin/../lib/gcc/arm-none-eabi/4.8.4/../../../../arm-none-eabi/lib\libc.a(lib_a-exit.o)
 .ARM.attributes
                0x000002cf       0x30 c:/ti/ccsv6/tools/compiler/gcc-arm-none-eabi-4_8-2014q3/bin/../lib/gcc/arm-none-eabi/4.8.4/../../../../arm-none-eabi/lib\libc.a(lib_a-impure.o)
 .ARM.attributes
                0x000002ff       0x30 c:/ti/ccsv6/tools/compiler/gcc-arm-none-eabi-4_8-2014q3/bin/../lib/gcc/arm-none-eabi/4.8.4/../../../../arm-none-eabi/lib\libc.a(lib_a-init.o)
 .ARM.attributes
                0x0000032f       0x30 c:/ti/ccsv6/tools/compiler/gcc-arm-none-eabi-4_8-2014q3/bin/../lib/gcc/arm-none-eabi/4.8.4/../../../../arm-none-eabi/lib\libc.a(lib_a-memset.o)
 .ARM.attributes
                0x0000035f       0x30 c:/ti/ccsv6/tools/compiler/gcc-arm-none-eabi-4_8-2014q3/bin/../lib/gcc/arm-none-eabi/4.8.4/../../../../arm-none-eabi/lib\libc.a(lib_a-__call_atexit.o)
 .ARM.attributes
                0x0000038f       0x30 c:/ti/ccsv6/tools/compiler/gcc-arm-none-eabi-4_8-2014q3/bin/../lib/gcc/arm-none-eabi/4.8.4/../../../../arm-none-eabi/lib\libc.a(lib_a-atexit.o)
 .ARM.attributes
                0x000003bf       0x30 c:/ti/ccsv6/tools/compiler/gcc-arm-none-eabi-4_8-2014q3/bin/../lib/gcc/arm-none-eabi/4.8.4/../../../../arm-none-eabi/lib\libc.a(lib_a-fini.o)
 .ARM.attributes
                0x000003ef       0x30 c:/ti/ccsv6/tools/compiler/gcc-arm-none-eabi-4_8-2014q3/bin/../lib/gcc/arm-none-eabi/4.8.4/../../../../arm-none-eabi/lib\libc.a(lib_a-__atexit.o)
 .ARM.attributes
                0x0000041f       0x18 c:/ti/ccsv6/tools/compiler/gcc-arm-none-eabi-4_8-2014q3/bin/../lib/gcc/arm-none-eabi/4.8.4\libgcc.a(_udivsi3.o)
 .ARM.attributes
                0x00000437       0x18 c:/ti/ccsv6/tools/compiler/gcc-arm-none-eabi-4_8-2014q3/bin/../lib/gcc/arm-none-eabi/4.8.4\libgcc.a(_dvmd_tls.o)
 .ARM.attributes
                0x0000044f       0x30 c:/ti/ccsv6/tools/compiler/gcc-arm-none-eabi-4_8-2014q3/bin/../lib/gcc/arm-none-eabi/4.8.4/../../../../arm-none-eabi/lib\libnosys.a(_exit.o)
 .ARM.attributes
                0x0000047f       0x30 c:/ti/ccsv6/tools/compiler/gcc-arm-none-eabi-4_8-2014q3/bin/../lib/gcc/arm-none-eabi/4.8.4/crtend.o
 .ARM.attributes
                0x000004af       0x18 c:/ti/ccsv6/tools/compiler/gcc-arm-none-eabi-4_8-2014q3/bin/../lib/gcc/arm-none-eabi/4.8.4/crtn.o

.comment        0x00000000       0x70
 .comment       0x00000000       0x70 ./ascii.o
                                 0x71 (size before relaxing)
 .comment       0x00000000       0x71 ./consoleUtils.o
 .comment       0x00000000       0x71 ./cpu.o
 .comment       0x00000000       0x71 ./dmtimer.o
 .comment       0x00000000       0x71 ./interrupt.o
 .comment       0x00000000       0x71 ./main.o
 .comment       0x00000000       0x71 ./uart.o
 .comment       0x00000000       0x71 ./uartConsole.o
 .comment       0x00000000       0x71 ./uartStdio.o
 .comment       0x00000000       0x71 ./uart_irda_cir.o

.debug_info     0x00000000     0x2d60
 .debug_info    0x00000000      0x273 ./ascii.o
 .debug_info    0x00000273      0x27c ./consoleUtils.o
 .debug_info    0x000004ef       0xab ./cpu.o
 .debug_info    0x0000059a      0x574 ./dmtimer.o
 .debug_info    0x00000b0e      0x40e ./interrupt.o
 .debug_info    0x00000f1c      0x1c4 ./main.o
 .debug_info    0x000010e0       0x99 ./startup_ARMCA8.o
 .debug_info    0x00001179       0x74 ./uart.o
 .debug_info    0x000011ed      0x140 ./uartConsole.o
 .debug_info    0x0000132d      0x66a ./uartStdio.o
 .debug_info    0x00001997     0x13c9 ./uart_irda_cir.o

.debug_abbrev   0x00000000      0x8a7
 .debug_abbrev  0x00000000       0xaa ./ascii.o
 .debug_abbrev  0x000000aa      0x145 ./consoleUtils.o
 .debug_abbrev  0x000001ef       0x29 ./cpu.o
 .debug_abbrev  0x00000218       0xf7 ./dmtimer.o
 .debug_abbrev  0x0000030f      0x140 ./interrupt.o
 .debug_abbrev  0x0000044f       0xf8 ./main.o
 .debug_abbrev  0x00000547       0x14 ./startup_ARMCA8.o
 .debug_abbrev  0x0000055b       0x5a ./uart.o
 .debug_abbrev  0x000005b5       0x95 ./uartConsole.o
 .debug_abbrev  0x0000064a      0x172 ./uartStdio.o
 .debug_abbrev  0x000007bc       0xeb ./uart_irda_cir.o

.debug_aranges  0x00000000      0x160
 .debug_aranges
                0x00000000       0x20 ./ascii.o
 .debug_aranges
                0x00000020       0x20 ./consoleUtils.o
 .debug_aranges
                0x00000040       0x20 ./cpu.o
 .debug_aranges
                0x00000060       0x20 ./dmtimer.o
 .debug_aranges
                0x00000080       0x20 ./interrupt.o
 .debug_aranges
                0x000000a0       0x20 ./main.o
 .debug_aranges
                0x000000c0       0x20 ./startup_ARMCA8.o
 .debug_aranges
                0x000000e0       0x20 ./uart.o
 .debug_aranges
                0x00000100       0x20 ./uartConsole.o
 .debug_aranges
                0x00000120       0x20 ./uartStdio.o
 .debug_aranges
                0x00000140       0x20 ./uart_irda_cir.o

.debug_line     0x00000000      0xdba
 .debug_line    0x00000000      0x107 ./ascii.o
 .debug_line    0x00000107      0x11b ./consoleUtils.o
 .debug_line    0x00000222       0x51 ./cpu.o
 .debug_line    0x00000273      0x130 ./dmtimer.o
 .debug_line    0x000003a3       0xf4 ./interrupt.o
 .debug_line    0x00000497       0xe4 ./main.o
 .debug_line    0x0000057b       0x77 ./startup_ARMCA8.o
 .debug_line    0x000005f2       0x8f ./uart.o
 .debug_line    0x00000681       0x68 ./uartConsole.o
 .debug_line    0x000006e9      0x383 ./uartStdio.o
 .debug_line    0x00000a6c      0x34e ./uart_irda_cir.o

.debug_str      0x00000000     0x1521
 .debug_str     0x00000000      0x1e0 ./ascii.o
                                0x1ed (size before relaxing)
 .debug_str     0x000001e0      0x19a ./consoleUtils.o
                                0x2e6 (size before relaxing)
 .debug_str     0x0000037a       0x67 ./cpu.o
                                0x15f (size before relaxing)
 .debug_str     0x000003e1      0x2ac ./dmtimer.o
                                0x3bf (size before relaxing)
 .debug_str     0x0000068d      0x273 ./interrupt.o
                                0x3b4 (size before relaxing)
 .debug_str     0x00000900      0x136 ./main.o
                                0x291 (size before relaxing)
 .debug_str     0x00000a36       0x3b ./uart.o
                                0x157 (size before relaxing)
 .debug_str     0x00000a71       0xb5 ./uartConsole.o
                                0x1d1 (size before relaxing)
 .debug_str     0x00000b26      0x199 ./uartStdio.o
                                0x303 (size before relaxing)
 .debug_str     0x00000cbf      0x862 ./uart_irda_cir.o
                                0x9b8 (size before relaxing)

.debug_frame    0x00000000     0x150c
 .debug_frame   0x00000000       0xb0 ./ascii.o
 .debug_frame   0x000000b0      0x108 ./consoleUtils.o
 .debug_frame   0x000001b8       0xb8 ./cpu.o
 .debug_frame   0x00000270      0x2b4 ./dmtimer.o
 .debug_frame   0x00000524      0x310 ./interrupt.o
 .debug_frame   0x00000834      0x128 ./main.o
 .debug_frame   0x0000095c       0x40 ./uart.o
 .debug_frame   0x0000099c       0xb8 ./uartConsole.o
 .debug_frame   0x00000a54      0x1ac ./uartStdio.o
 .debug_frame   0x00000c00      0x778 ./uart_irda_cir.o
 .debug_frame   0x00001378       0x28 c:/ti/ccsv6/tools/compiler/gcc-arm-none-eabi-4_8-2014q3/bin/../lib/gcc/arm-none-eabi/4.8.4/../../../../arm-none-eabi/lib\libc.a(lib_a-exit.o)
 .debug_frame   0x000013a0       0x2c c:/ti/ccsv6/tools/compiler/gcc-arm-none-eabi-4_8-2014q3/bin/../lib/gcc/arm-none-eabi/4.8.4/../../../../arm-none-eabi/lib\libc.a(lib_a-init.o)
 .debug_frame   0x000013cc       0x2c c:/ti/ccsv6/tools/compiler/gcc-arm-none-eabi-4_8-2014q3/bin/../lib/gcc/arm-none-eabi/4.8.4/../../../../arm-none-eabi/lib\libc.a(lib_a-memset.o)
 .debug_frame   0x000013f8       0x50 c:/ti/ccsv6/tools/compiler/gcc-arm-none-eabi-4_8-2014q3/bin/../lib/gcc/arm-none-eabi/4.8.4/../../../../arm-none-eabi/lib\libc.a(lib_a-__call_atexit.o)
 .debug_frame   0x00001448       0x28 c:/ti/ccsv6/tools/compiler/gcc-arm-none-eabi-4_8-2014q3/bin/../lib/gcc/arm-none-eabi/4.8.4/../../../../arm-none-eabi/lib\libc.a(lib_a-atexit.o)
 .debug_frame   0x00001470       0x2c c:/ti/ccsv6/tools/compiler/gcc-arm-none-eabi-4_8-2014q3/bin/../lib/gcc/arm-none-eabi/4.8.4/../../../../arm-none-eabi/lib\libc.a(lib_a-fini.o)
 .debug_frame   0x0000149c       0x30 c:/ti/ccsv6/tools/compiler/gcc-arm-none-eabi-4_8-2014q3/bin/../lib/gcc/arm-none-eabi/4.8.4/../../../../arm-none-eabi/lib\libc.a(lib_a-__atexit.o)
 .debug_frame   0x000014cc       0x20 c:/ti/ccsv6/tools/compiler/gcc-arm-none-eabi-4_8-2014q3/bin/../lib/gcc/arm-none-eabi/4.8.4\libgcc.a(_udivsi3.o)
 .debug_frame   0x000014ec       0x20 c:/ti/ccsv6/tools/compiler/gcc-arm-none-eabi-4_8-2014q3/bin/../lib/gcc/arm-none-eabi/4.8.4/../../../../arm-none-eabi/lib\libnosys.a(_exit.o)
