<?xml version="1.0"?>
<link_info>
   <banner>TI ARM Linker PC v5.2.2</banner>
   <copyright>Copyright (c) 1996-2015 Texas Instruments Incorporated</copyright>
   <link_time>0x55001c58</link_time>
   <link_errors>0x0</link_errors>
   <output_file>HelloWorld.out</output_file>
   <entry_point>
      <name>_c_int00</name>
      <address>0x40304cec</address>
   </entry_point>
   <input_file_list>
      <input_file id="fl-2">
         <path>.\</path>
         <kind>object</kind>
         <file>main.obj</file>
         <name>main.obj</name>
      </input_file>
      <input_file id="fl-128">
         <path>C:\ti\ccsv6\tools\compiler\ti-cgt-arm_5.2.2\lib\</path>
         <kind>archive</kind>
         <file>rtsv7A8_A_le_eabi.lib</file>
         <name>boot.obj</name>
      </input_file>
      <input_file id="fl-129">
         <path>C:\ti\ccsv6\tools\compiler\ti-cgt-arm_5.2.2\lib\</path>
         <kind>archive</kind>
         <file>rtsv7A8_A_le_eabi.lib</file>
         <name>copy_decompress_none.obj</name>
      </input_file>
      <input_file id="fl-12a">
         <path>C:\ti\ccsv6\tools\compiler\ti-cgt-arm_5.2.2\lib\</path>
         <kind>archive</kind>
         <file>rtsv7A8_A_le_eabi.lib</file>
         <name>copy_decompress_rle.obj</name>
      </input_file>
      <input_file id="fl-12b">
         <path>C:\ti\ccsv6\tools\compiler\ti-cgt-arm_5.2.2\lib\</path>
         <kind>archive</kind>
         <file>rtsv7A8_A_le_eabi.lib</file>
         <name>copy_zero_init.obj</name>
      </input_file>
      <input_file id="fl-12c">
         <path>C:\ti\ccsv6\tools\compiler\ti-cgt-arm_5.2.2\lib\</path>
         <kind>archive</kind>
         <file>rtsv7A8_A_le_eabi.lib</file>
         <name>exit.obj</name>
      </input_file>
      <input_file id="fl-12d">
         <path>C:\ti\ccsv6\tools\compiler\ti-cgt-arm_5.2.2\lib\</path>
         <kind>archive</kind>
         <file>rtsv7A8_A_le_eabi.lib</file>
         <name>memcpy32.obj</name>
      </input_file>
      <input_file id="fl-12e">
         <path>C:\ti\ccsv6\tools\compiler\ti-cgt-arm_5.2.2\lib\</path>
         <kind>archive</kind>
         <file>rtsv7A8_A_le_eabi.lib</file>
         <name>memset32.obj</name>
      </input_file>
      <input_file id="fl-12f">
         <path>C:\ti\ccsv6\tools\compiler\ti-cgt-arm_5.2.2\lib\</path>
         <kind>archive</kind>
         <file>rtsv7A8_A_le_eabi.lib</file>
         <name>pre_init.obj</name>
      </input_file>
      <input_file id="fl-130">
         <path>C:\ti\ccsv6\tools\compiler\ti-cgt-arm_5.2.2\lib\</path>
         <kind>archive</kind>
         <file>rtsv7A8_A_le_eabi.lib</file>
         <name>printf.obj</name>
      </input_file>
      <input_file id="fl-131">
         <path>C:\ti\ccsv6\tools\compiler\ti-cgt-arm_5.2.2\lib\</path>
         <kind>archive</kind>
         <file>rtsv7A8_A_le_eabi.lib</file>
         <name>stkdepth_vars.obj</name>
      </input_file>
      <input_file id="fl-132">
         <path>C:\ti\ccsv6\tools\compiler\ti-cgt-arm_5.2.2\lib\</path>
         <kind>archive</kind>
         <file>rtsv7A8_A_le_eabi.lib</file>
         <name>_lock.obj</name>
      </input_file>
      <input_file id="fl-133">
         <path>C:\ti\ccsv6\tools\compiler\ti-cgt-arm_5.2.2\lib\</path>
         <kind>archive</kind>
         <file>rtsv7A8_A_le_eabi.lib</file>
         <name>_printfi.obj</name>
      </input_file>
      <input_file id="fl-134">
         <path>C:\ti\ccsv6\tools\compiler\ti-cgt-arm_5.2.2\lib\</path>
         <kind>archive</kind>
         <file>rtsv7A8_A_le_eabi.lib</file>
         <name>args_main.obj</name>
      </input_file>
      <input_file id="fl-135">
         <path>C:\ti\ccsv6\tools\compiler\ti-cgt-arm_5.2.2\lib\</path>
         <kind>archive</kind>
         <file>rtsv7A8_A_le_eabi.lib</file>
         <name>atoi.obj</name>
      </input_file>
      <input_file id="fl-136">
         <path>C:\ti\ccsv6\tools\compiler\ti-cgt-arm_5.2.2\lib\</path>
         <kind>archive</kind>
         <file>rtsv7A8_A_le_eabi.lib</file>
         <name>autoinit.obj</name>
      </input_file>
      <input_file id="fl-137">
         <path>C:\ti\ccsv6\tools\compiler\ti-cgt-arm_5.2.2\lib\</path>
         <kind>archive</kind>
         <file>rtsv7A8_A_le_eabi.lib</file>
         <name>cpy_tbl.obj</name>
      </input_file>
      <input_file id="fl-138">
         <path>C:\ti\ccsv6\tools\compiler\ti-cgt-arm_5.2.2\lib\</path>
         <kind>archive</kind>
         <file>rtsv7A8_A_le_eabi.lib</file>
         <name>ctype.obj</name>
      </input_file>
      <input_file id="fl-139">
         <path>C:\ti\ccsv6\tools\compiler\ti-cgt-arm_5.2.2\lib\</path>
         <kind>archive</kind>
         <file>rtsv7A8_A_le_eabi.lib</file>
         <name>defs.obj</name>
      </input_file>
      <input_file id="fl-13a">
         <path>C:\ti\ccsv6\tools\compiler\ti-cgt-arm_5.2.2\lib\</path>
         <kind>archive</kind>
         <file>rtsv7A8_A_le_eabi.lib</file>
         <name>fd_add32.obj</name>
      </input_file>
      <input_file id="fl-13b">
         <path>C:\ti\ccsv6\tools\compiler\ti-cgt-arm_5.2.2\lib\</path>
         <kind>archive</kind>
         <file>rtsv7A8_A_le_eabi.lib</file>
         <name>fd_cmp32.obj</name>
      </input_file>
      <input_file id="fl-13c">
         <path>C:\ti\ccsv6\tools\compiler\ti-cgt-arm_5.2.2\lib\</path>
         <kind>archive</kind>
         <file>rtsv7A8_A_le_eabi.lib</file>
         <name>fd_div32.obj</name>
      </input_file>
      <input_file id="fl-13d">
         <path>C:\ti\ccsv6\tools\compiler\ti-cgt-arm_5.2.2\lib\</path>
         <kind>archive</kind>
         <file>rtsv7A8_A_le_eabi.lib</file>
         <name>fd_mul32.obj</name>
      </input_file>
      <input_file id="fl-13e">
         <path>C:\ti\ccsv6\tools\compiler\ti-cgt-arm_5.2.2\lib\</path>
         <kind>archive</kind>
         <file>rtsv7A8_A_le_eabi.lib</file>
         <name>fd_toi32.obj</name>
      </input_file>
      <input_file id="fl-13f">
         <path>C:\ti\ccsv6\tools\compiler\ti-cgt-arm_5.2.2\lib\</path>
         <kind>archive</kind>
         <file>rtsv7A8_A_le_eabi.lib</file>
         <name>fputc.obj</name>
      </input_file>
      <input_file id="fl-140">
         <path>C:\ti\ccsv6\tools\compiler\ti-cgt-arm_5.2.2\lib\</path>
         <kind>archive</kind>
         <file>rtsv7A8_A_le_eabi.lib</file>
         <name>fputs.obj</name>
      </input_file>
      <input_file id="fl-141">
         <path>C:\ti\ccsv6\tools\compiler\ti-cgt-arm_5.2.2\lib\</path>
         <kind>archive</kind>
         <file>rtsv7A8_A_le_eabi.lib</file>
         <name>frexp.obj</name>
      </input_file>
      <input_file id="fl-142">
         <path>C:\ti\ccsv6\tools\compiler\ti-cgt-arm_5.2.2\lib\</path>
         <kind>archive</kind>
         <file>rtsv7A8_A_le_eabi.lib</file>
         <name>i_tofd32.obj</name>
      </input_file>
      <input_file id="fl-143">
         <path>C:\ti\ccsv6\tools\compiler\ti-cgt-arm_5.2.2\lib\</path>
         <kind>archive</kind>
         <file>rtsv7A8_A_le_eabi.lib</file>
         <name>ldexp.obj</name>
      </input_file>
      <input_file id="fl-144">
         <path>C:\ti\ccsv6\tools\compiler\ti-cgt-arm_5.2.2\lib\</path>
         <kind>archive</kind>
         <file>rtsv7A8_A_le_eabi.lib</file>
         <name>lowlev.obj</name>
      </input_file>
      <input_file id="fl-145">
         <path>C:\ti\ccsv6\tools\compiler\ti-cgt-arm_5.2.2\lib\</path>
         <kind>archive</kind>
         <file>rtsv7A8_A_le_eabi.lib</file>
         <name>ltoa.obj</name>
      </input_file>
      <input_file id="fl-146">
         <path>C:\ti\ccsv6\tools\compiler\ti-cgt-arm_5.2.2\lib\</path>
         <kind>archive</kind>
         <file>rtsv7A8_A_le_eabi.lib</file>
         <name>memccpy.obj</name>
      </input_file>
      <input_file id="fl-147">
         <path>C:\ti\ccsv6\tools\compiler\ti-cgt-arm_5.2.2\lib\</path>
         <kind>archive</kind>
         <file>rtsv7A8_A_le_eabi.lib</file>
         <name>memchr.obj</name>
      </input_file>
      <input_file id="fl-148">
         <path>C:\ti\ccsv6\tools\compiler\ti-cgt-arm_5.2.2\lib\</path>
         <kind>archive</kind>
         <file>rtsv7A8_A_le_eabi.lib</file>
         <name>strchr.obj</name>
      </input_file>
      <input_file id="fl-149">
         <path>C:\ti\ccsv6\tools\compiler\ti-cgt-arm_5.2.2\lib\</path>
         <kind>archive</kind>
         <file>rtsv7A8_A_le_eabi.lib</file>
         <name>strcmp.obj</name>
      </input_file>
      <input_file id="fl-14a">
         <path>C:\ti\ccsv6\tools\compiler\ti-cgt-arm_5.2.2\lib\</path>
         <kind>archive</kind>
         <file>rtsv7A8_A_le_eabi.lib</file>
         <name>strlen.obj</name>
      </input_file>
      <input_file id="fl-14b">
         <path>C:\ti\ccsv6\tools\compiler\ti-cgt-arm_5.2.2\lib\</path>
         <kind>archive</kind>
         <file>rtsv7A8_A_le_eabi.lib</file>
         <name>strncpy.obj</name>
      </input_file>
      <input_file id="fl-14c">
         <path>C:\ti\ccsv6\tools\compiler\ti-cgt-arm_5.2.2\lib\</path>
         <kind>archive</kind>
         <file>rtsv7A8_A_le_eabi.lib</file>
         <name>trgdrv.obj</name>
      </input_file>
      <input_file id="fl-14d">
         <path>C:\ti\ccsv6\tools\compiler\ti-cgt-arm_5.2.2\lib\</path>
         <kind>archive</kind>
         <file>rtsv7A8_A_le_eabi.lib</file>
         <name>trgmsg.obj</name>
      </input_file>
      <input_file id="fl-14e">
         <path>C:\ti\ccsv6\tools\compiler\ti-cgt-arm_5.2.2\lib\</path>
         <kind>archive</kind>
         <file>rtsv7A8_A_le_eabi.lib</file>
         <name>u_div32.obj</name>
      </input_file>
      <input_file id="fl-14f">
         <path>C:\ti\ccsv6\tools\compiler\ti-cgt-arm_5.2.2\lib\</path>
         <kind>archive</kind>
         <file>rtsv7A8_A_le_eabi.lib</file>
         <name>ull_div32.obj</name>
      </input_file>
      <input_file id="fl-150">
         <path>C:\ti\ccsv6\tools\compiler\ti-cgt-arm_5.2.2\lib\</path>
         <kind>archive</kind>
         <file>rtsv7A8_A_le_eabi.lib</file>
         <name>xdclass.obj</name>
      </input_file>
      <input_file id="fl-151">
         <path>C:\ti\ccsv6\tools\compiler\ti-cgt-arm_5.2.2\lib\</path>
         <kind>archive</kind>
         <file>rtsv7A8_A_le_eabi.lib</file>
         <name>xdscale.obj</name>
      </input_file>
      <input_file id="fl-152">
         <path>C:\ti\ccsv6\tools\compiler\ti-cgt-arm_5.2.2\lib\</path>
         <kind>archive</kind>
         <file>rtsv7A8_A_le_eabi.lib</file>
         <name>xdunscal.obj</name>
      </input_file>
      <input_file id="fl-153">
         <path>C:\ti\ccsv6\tools\compiler\ti-cgt-arm_5.2.2\lib\</path>
         <kind>archive</kind>
         <file>rtsv7A8_A_le_eabi.lib</file>
         <name>xferaise.obj</name>
      </input_file>
      <input_file id="fl-154">
         <path>C:\ti\ccsv6\tools\compiler\ti-cgt-arm_5.2.2\lib\</path>
         <kind>archive</kind>
         <file>rtsv7A8_A_le_eabi.lib</file>
         <name>xvalues.obj</name>
      </input_file>
      <input_file id="fl-155">
         <path>C:\ti\ccsv6\tools\compiler\ti-cgt-arm_5.2.2\lib\</path>
         <kind>archive</kind>
         <file>rtsv7A8_A_le_eabi.lib</file>
         <name>_io_perm.obj</name>
      </input_file>
      <input_file id="fl-156">
         <path>C:\ti\ccsv6\tools\compiler\ti-cgt-arm_5.2.2\lib\</path>
         <kind>archive</kind>
         <file>rtsv7A8_A_le_eabi.lib</file>
         <name>errno.obj</name>
      </input_file>
      <input_file id="fl-157">
         <path>C:\ti\ccsv6\tools\compiler\ti-cgt-arm_5.2.2\lib\</path>
         <kind>archive</kind>
         <file>rtsv7A8_A_le_eabi.lib</file>
         <name>feraiseexcept.obj</name>
      </input_file>
      <input_file id="fl-158">
         <path>C:\ti\ccsv6\tools\compiler\ti-cgt-arm_5.2.2\lib\</path>
         <kind>archive</kind>
         <file>rtsv7A8_A_le_eabi.lib</file>
         <name>fflush.obj</name>
      </input_file>
      <input_file id="fl-159">
         <path>C:\ti\ccsv6\tools\compiler\ti-cgt-arm_5.2.2\lib\</path>
         <kind>archive</kind>
         <file>rtsv7A8_A_le_eabi.lib</file>
         <name>fseek.obj</name>
      </input_file>
      <input_file id="fl-15a">
         <path>C:\ti\ccsv6\tools\compiler\ti-cgt-arm_5.2.2\lib\</path>
         <kind>archive</kind>
         <file>rtsv7A8_A_le_eabi.lib</file>
         <name>i_div32.obj</name>
      </input_file>
      <input_file id="fl-15b">
         <path>C:\ti\ccsv6\tools\compiler\ti-cgt-arm_5.2.2\lib\</path>
         <kind>archive</kind>
         <file>rtsv7A8_A_le_eabi.lib</file>
         <name>raise.obj</name>
      </input_file>
      <input_file id="fl-15c">
         <path>C:\ti\ccsv6\tools\compiler\ti-cgt-arm_5.2.2\lib\</path>
         <kind>archive</kind>
         <file>rtsv7A8_A_le_eabi.lib</file>
         <name>setvbuf.obj</name>
      </input_file>
      <input_file id="fl-15d">
         <path>C:\ti\ccsv6\tools\compiler\ti-cgt-arm_5.2.2\lib\</path>
         <kind>archive</kind>
         <file>rtsv7A8_A_le_eabi.lib</file>
         <name>signal.obj</name>
      </input_file>
      <input_file id="fl-15e">
         <path>C:\ti\ccsv6\tools\compiler\ti-cgt-arm_5.2.2\lib\</path>
         <kind>archive</kind>
         <file>rtsv7A8_A_le_eabi.lib</file>
         <name>strcpy.obj</name>
      </input_file>
      <input_file id="fl-15f">
         <path>C:\ti\ccsv6\tools\compiler\ti-cgt-arm_5.2.2\lib\</path>
         <kind>archive</kind>
         <file>rtsv7A8_A_le_eabi.lib</file>
         <name>xdnorm.obj</name>
      </input_file>
      <input_file id="fl-160">
         <path>C:\ti\ccsv6\tools\compiler\ti-cgt-arm_5.2.2\lib\</path>
         <kind>archive</kind>
         <file>rtsv7A8_A_le_eabi.lib</file>
         <name>fopen.obj</name>
      </input_file>
      <input_file id="fl-161">
         <path>C:\ti\ccsv6\tools\compiler\ti-cgt-arm_5.2.2\lib\</path>
         <kind>archive</kind>
         <file>rtsv7A8_A_le_eabi.lib</file>
         <name>memory.obj</name>
      </input_file>
      <input_file id="fl-162">
         <path>C:\ti\ccsv6\tools\compiler\ti-cgt-arm_5.2.2\lib\</path>
         <kind>archive</kind>
         <file>rtsv7A8_A_le_eabi.lib</file>
         <name>fclose.obj</name>
      </input_file>
      <input_file id="fl-163">
         <path>C:\ti\ccsv6\tools\compiler\ti-cgt-arm_5.2.2\lib\</path>
         <kind>archive</kind>
         <file>rtsv7A8_A_le_eabi.lib</file>
         <name>remove.obj</name>
      </input_file>
   </input_file_list>
   <object_component_list>
      <object_component id="oc-f3">
         <name>.text</name>
         <load_address>0x40300000</load_address>
         <run_address>0x40300000</run_address>
         <size>0x1a70</size>
         <input_file_ref idref="fl-133"/>
      </object_component>
      <object_component id="oc-20b">
         <name>.text</name>
         <load_address>0x40301a70</load_address>
         <run_address>0x40301a70</run_address>
         <size>0x63c</size>
         <input_file_ref idref="fl-161"/>
      </object_component>
      <object_component id="oc-112">
         <name>.text</name>
         <load_address>0x403020ac</load_address>
         <run_address>0x403020ac</run_address>
         <size>0x548</size>
         <input_file_ref idref="fl-144"/>
      </object_component>
      <object_component id="oc-228">
         <name>.text</name>
         <load_address>0x403025f4</load_address>
         <run_address>0x403025f4</run_address>
         <size>0x4cc</size>
         <input_file_ref idref="fl-14c"/>
      </object_component>
      <object_component id="oc-211">
         <name>.text</name>
         <load_address>0x40302ac0</load_address>
         <run_address>0x40302ac0</run_address>
         <size>0x2d4</size>
         <input_file_ref idref="fl-160"/>
      </object_component>
      <object_component id="oc-128">
         <name>.text</name>
         <load_address>0x40302d94</load_address>
         <run_address>0x40302d94</run_address>
         <size>0x2b8</size>
         <input_file_ref idref="fl-14f"/>
      </object_component>
      <object_component id="oc-156">
         <name>.text</name>
         <load_address>0x4030304c</load_address>
         <run_address>0x4030304c</run_address>
         <size>0x214</size>
         <input_file_ref idref="fl-13a"/>
      </object_component>
      <object_component id="oc-ed">
         <name>.text</name>
         <load_address>0x40303260</load_address>
         <run_address>0x40303260</run_address>
         <size>0x1c8</size>
         <input_file_ref idref="fl-140"/>
      </object_component>
      <object_component id="oc-1e5">
         <name>.text</name>
         <load_address>0x40303428</load_address>
         <run_address>0x40303428</run_address>
         <size>0x1a8</size>
         <input_file_ref idref="fl-151"/>
      </object_component>
      <object_component id="oc-13c">
         <name>.text</name>
         <load_address>0x403035d0</load_address>
         <run_address>0x403035d0</run_address>
         <size>0x190</size>
         <input_file_ref idref="fl-13c"/>
      </object_component>
      <object_component id="oc-31">
         <name>.text</name>
         <load_address>0x40303760</load_address>
         <run_address>0x40303760</run_address>
         <size>0x180</size>
         <input_file_ref idref="fl-12d"/>
      </object_component>
      <object_component id="oc-23e">
         <name>.text</name>
         <load_address>0x403038e0</load_address>
         <run_address>0x403038e0</run_address>
         <size>0x160</size>
         <input_file_ref idref="fl-15f"/>
      </object_component>
      <object_component id="oc-1a1">
         <name>.text</name>
         <load_address>0x40303a40</load_address>
         <run_address>0x40303a40</run_address>
         <size>0x158</size>
         <input_file_ref idref="fl-15c"/>
      </object_component>
      <object_component id="oc-10c">
         <name>.text</name>
         <load_address>0x40303b98</load_address>
         <run_address>0x40303b98</run_address>
         <size>0x130</size>
         <input_file_ref idref="fl-158"/>
      </object_component>
      <object_component id="oc-137">
         <name>.text</name>
         <load_address>0x40303cc8</load_address>
         <run_address>0x40303cc8</run_address>
         <size>0x128</size>
         <input_file_ref idref="fl-13d"/>
      </object_component>
      <object_component id="oc-106">
         <name>.text</name>
         <load_address>0x40303df0</load_address>
         <run_address>0x40303df0</run_address>
         <size>0x118</size>
         <input_file_ref idref="fl-155"/>
      </object_component>
      <object_component id="oc-1d4">
         <name>.text</name>
         <load_address>0x40303f08</load_address>
         <run_address>0x40303f08</run_address>
         <size>0x118</size>
         <input_file_ref idref="fl-15a"/>
      </object_component>
      <object_component id="oc-e7">
         <name>.text</name>
         <load_address>0x40304020</load_address>
         <run_address>0x40304020</run_address>
         <size>0x100</size>
         <input_file_ref idref="fl-13f"/>
      </object_component>
      <object_component id="oc-26a">
         <name>.text</name>
         <load_address>0x40304120</load_address>
         <run_address>0x40304120</run_address>
         <size>0xfc</size>
         <input_file_ref idref="fl-162"/>
      </object_component>
      <object_component id="oc-12d">
         <name>.text</name>
         <load_address>0x4030421c</load_address>
         <run_address>0x4030421c</run_address>
         <size>0xf4</size>
         <input_file_ref idref="fl-14e"/>
      </object_component>
      <object_component id="oc-132">
         <name>.text:__aeabi_cdcmple</name>
         <load_address>0x40304310</load_address>
         <run_address>0x40304310</run_address>
         <size>0xe0</size>
         <input_file_ref idref="fl-13b"/>
      </object_component>
      <object_component id="oc-141">
         <name>.text:__aeabi_cdrcmple</name>
         <load_address>0x403043f0</load_address>
         <run_address>0x403043f0</run_address>
         <size>0xe0</size>
         <input_file_ref idref="fl-13b"/>
      </object_component>
      <object_component id="oc-1dd">
         <name>.text</name>
         <load_address>0x403044d0</load_address>
         <run_address>0x403044d0</run_address>
         <size>0xb8</size>
         <input_file_ref idref="fl-152"/>
      </object_component>
      <object_component id="oc-4a">
         <name>.text</name>
         <load_address>0x40304588</load_address>
         <run_address>0x40304588</run_address>
         <size>0xb0</size>
         <input_file_ref idref="fl-12e"/>
      </object_component>
      <object_component id="oc-19b">
         <name>.text</name>
         <load_address>0x40304638</load_address>
         <run_address>0x40304638</run_address>
         <size>0xa8</size>
         <input_file_ref idref="fl-159"/>
      </object_component>
      <object_component id="oc-5c">
         <name>.text</name>
         <load_address>0x403046e0</load_address>
         <run_address>0x403046e0</run_address>
         <size>0xa4</size>
         <input_file_ref idref="fl-136"/>
      </object_component>
      <object_component id="oc-c4">
         <name>.text</name>
         <load_address>0x40304784</load_address>
         <run_address>0x40304784</run_address>
         <size>0xa4</size>
         <input_file_ref idref="fl-130"/>
      </object_component>
      <object_component id="oc-279">
         <name>.text</name>
         <load_address>0x40304828</load_address>
         <run_address>0x40304828</run_address>
         <size>0xa4</size>
         <input_file_ref idref="fl-14d"/>
      </object_component>
      <object_component id="oc-3d">
         <name>.text</name>
         <load_address>0x403048cc</load_address>
         <run_address>0x403048cc</run_address>
         <size>0xa0</size>
         <input_file_ref idref="fl-12a"/>
      </object_component>
      <object_component id="oc-179">
         <name>.text</name>
         <load_address>0x4030496c</load_address>
         <run_address>0x4030496c</run_address>
         <size>0x84</size>
         <input_file_ref idref="fl-135"/>
      </object_component>
      <object_component id="oc-8f">
         <name>.text</name>
         <load_address>0x403049f0</load_address>
         <run_address>0x403049f0</run_address>
         <size>0x84</size>
         <input_file_ref idref="fl-137"/>
      </object_component>
      <object_component id="oc-14b">
         <name>.text</name>
         <load_address>0x40304a74</load_address>
         <run_address>0x40304a74</run_address>
         <size>0x80</size>
         <input_file_ref idref="fl-145"/>
      </object_component>
      <object_component id="oc-68">
         <name>.text</name>
         <load_address>0x40304af4</load_address>
         <run_address>0x40304af4</run_address>
         <size>0x78</size>
         <input_file_ref idref="fl-12c"/>
      </object_component>
      <object_component id="oc-161">
         <name>.text</name>
         <load_address>0x40304b6c</load_address>
         <run_address>0x40304b6c</run_address>
         <size>0x68</size>
         <input_file_ref idref="fl-143"/>
      </object_component>
      <object_component id="oc-2bd">
         <name>.text</name>
         <load_address>0x40304bd4</load_address>
         <run_address>0x40304bd4</run_address>
         <size>0x64</size>
         <input_file_ref idref="fl-15d"/>
      </object_component>
      <object_component id="oc-146">
         <name>.text</name>
         <load_address>0x40304c38</load_address>
         <run_address>0x40304c38</run_address>
         <size>0x5c</size>
         <input_file_ref idref="fl-13e"/>
      </object_component>
      <object_component id="oc-24d">
         <name>.text</name>
         <load_address>0x40304c94</load_address>
         <run_address>0x40304c94</run_address>
         <size>0x58</size>
         <input_file_ref idref="fl-157"/>
      </object_component>
      <object_component id="oc-28">
         <name>.text</name>
         <load_address>0x40304cec</load_address>
         <run_address>0x40304cec</run_address>
         <size>0x54</size>
         <input_file_ref idref="fl-128"/>
      </object_component>
      <object_component id="oc-29b">
         <name>.text</name>
         <load_address>0x40304d40</load_address>
         <run_address>0x40304d40</run_address>
         <size>0x4c</size>
         <input_file_ref idref="fl-15b"/>
      </object_component>
      <object_component id="oc-1b4">
         <name>.text</name>
         <load_address>0x40304d8c</load_address>
         <run_address>0x40304d8c</run_address>
         <size>0x48</size>
         <input_file_ref idref="fl-14b"/>
      </object_component>
      <object_component id="oc-1eb">
         <name>.text</name>
         <load_address>0x40304dd4</load_address>
         <run_address>0x40304dd4</run_address>
         <size>0x44</size>
         <input_file_ref idref="fl-153"/>
      </object_component>
      <object_component id="oc-151">
         <name>.text</name>
         <load_address>0x40304e18</load_address>
         <run_address>0x40304e18</run_address>
         <size>0x3c</size>
         <input_file_ref idref="fl-142"/>
      </object_component>
      <object_component id="oc-16d">
         <name>.text</name>
         <load_address>0x40304e54</load_address>
         <run_address>0x40304e54</run_address>
         <size>0x38</size>
         <input_file_ref idref="fl-150"/>
      </object_component>
      <object_component id="oc-15b">
         <name>.text</name>
         <load_address>0x40304e8c</load_address>
         <run_address>0x40304e8c</run_address>
         <size>0x30</size>
         <input_file_ref idref="fl-141"/>
      </object_component>
      <object_component id="oc-173">
         <name>.text</name>
         <load_address>0x40304ebc</load_address>
         <run_address>0x40304ebc</run_address>
         <size>0x2c</size>
         <input_file_ref idref="fl-146"/>
      </object_component>
      <object_component id="oc-120">
         <name>.text</name>
         <load_address>0x40304ee8</load_address>
         <run_address>0x40304ee8</run_address>
         <size>0x2c</size>
         <input_file_ref idref="fl-147"/>
      </object_component>
      <object_component id="oc-167">
         <name>.text</name>
         <load_address>0x40304f14</load_address>
         <run_address>0x40304f14</run_address>
         <size>0x28</size>
         <input_file_ref idref="fl-148"/>
      </object_component>
      <object_component id="oc-1ae">
         <name>.text</name>
         <load_address>0x40304f3c</load_address>
         <run_address>0x40304f3c</run_address>
         <size>0x28</size>
         <input_file_ref idref="fl-149"/>
      </object_component>
      <object_component id="oc-d2">
         <name>.text</name>
         <load_address>0x40304f64</load_address>
         <run_address>0x40304f64</run_address>
         <size>0x24</size>
         <input_file_ref idref="fl-132"/>
      </object_component>
      <object_component id="oc-97">
         <name>.text</name>
         <load_address>0x40304f88</load_address>
         <run_address>0x40304f88</run_address>
         <size>0x20</size>
         <input_file_ref idref="fl-2"/>
      </object_component>
      <object_component id="oc-62">
         <name>.text</name>
         <load_address>0x40304fa8</load_address>
         <run_address>0x40304fa8</run_address>
         <size>0x20</size>
         <input_file_ref idref="fl-134"/>
      </object_component>
      <object_component id="oc-11a">
         <name>.text</name>
         <load_address>0x40304fc8</load_address>
         <run_address>0x40304fc8</run_address>
         <size>0x1c</size>
         <input_file_ref idref="fl-14a"/>
      </object_component>
      <object_component id="oc-27f">
         <name>.text</name>
         <load_address>0x40304fe4</load_address>
         <run_address>0x40304fe4</run_address>
         <size>0x18</size>
         <input_file_ref idref="fl-15e"/>
      </object_component>
      <object_component id="oc-16">
         <name>.text:decompress:none</name>
         <load_address>0x40304ffc</load_address>
         <run_address>0x40304ffc</run_address>
         <size>0x14</size>
         <input_file_ref idref="fl-129"/>
      </object_component>
      <object_component id="oc-22">
         <name>.text:decompress:ZI</name>
         <load_address>0x40305010</load_address>
         <run_address>0x40305010</run_address>
         <size>0x10</size>
         <input_file_ref idref="fl-12b"/>
      </object_component>
      <object_component id="oc-1c">
         <name>.text:decompress:rle24</name>
         <load_address>0x40305020</load_address>
         <run_address>0x40305020</run_address>
         <size>0x8</size>
         <input_file_ref idref="fl-12a"/>
      </object_component>
      <object_component id="oc-56">
         <name>.text</name>
         <load_address>0x40305028</load_address>
         <run_address>0x40305028</run_address>
         <size>0x8</size>
         <input_file_ref idref="fl-12f"/>
      </object_component>
      <object_component id="oc-2d">
         <name>.stack</name>
         <uninitialized>true</uninitialized>
         <run_address>0x40305030</run_address>
         <size>0x0</size>
         <input_file_ref idref="fl-128"/>
      </object_component>
      <object_component id="oc-317">
         <name>.stack</name>
         <uninitialized>true</uninitialized>
         <run_address>0x40305030</run_address>
         <size>0x0</size>
      </object_component>
      <object_component id="oc-1f9">
         <name>.const:.string:_ctypes_</name>
         <load_address>0x40306528</load_address>
         <run_address>0x40306528</run_address>
         <size>0x101</size>
         <input_file_ref idref="fl-138"/>
      </object_component>
      <object_component id="oc-2e">
         <name>.sysmem</name>
         <uninitialized>true</uninitialized>
         <run_address>0x40305830</run_address>
         <size>0x8</size>
         <input_file_ref idref="fl-161"/>
      </object_component>
      <object_component id="oc-318">
         <name>.sysmem</name>
         <uninitialized>true</uninitialized>
         <run_address>0x40305830</run_address>
         <size>0x0</size>
      </object_component>
      <object_component id="oc-316">
         <name>.cinit..data.load</name>
         <load_address>0x40306630</load_address>
         <run_address>0x40306630</run_address>
         <size>0xad</size>
      </object_component>
      <object_component id="oc-313">
         <name>__TI_handler_table</name>
         <load_address>0x403066e0</load_address>
         <run_address>0x403066e0</run_address>
         <size>0xc</size>
      </object_component>
      <object_component id="oc-315">
         <name>.cinit..bss.load</name>
         <load_address>0x403066f0</load_address>
         <run_address>0x403066f0</run_address>
         <size>0x8</size>
      </object_component>
      <object_component id="oc-314">
         <name>__TI_cinit_table</name>
         <load_address>0x403066f8</load_address>
         <run_address>0x403066f8</run_address>
         <size>0x10</size>
      </object_component>
      <object_component id="oc-2ab">
         <name>.bss:__TI_tmpnams</name>
         <uninitialized>true</uninitialized>
         <run_address>0x40306480</run_address>
         <size>0xa0</size>
         <input_file_ref idref="fl-139"/>
      </object_component>
      <object_component id="oc-2b2">
         <name>.bss:__CIOBUF_</name>
         <uninitialized>true</uninitialized>
         <run_address>0x40306360</run_address>
         <size>0x120</size>
         <input_file_ref idref="fl-14d"/>
      </object_component>
      <object_component id="oc-285">
         <name>.common:parmbuf</name>
         <uninitialized>true</uninitialized>
         <run_address>0x40306520</run_address>
         <size>0x8</size>
      </object_component>
      <object_component id="oc-a2">
         <name>.data</name>
         <load_address>0x40306344</load_address>
         <run_address>0x40306344</run_address>
         <size>0x8</size>
         <input_file_ref idref="fl-12c"/>
      </object_component>
      <object_component id="oc-6e">
         <name>.data</name>
         <load_address>0x4030635c</load_address>
         <run_address>0x4030635c</run_address>
         <size>0x4</size>
         <input_file_ref idref="fl-131"/>
      </object_component>
      <object_component id="oc-9f">
         <name>.data</name>
         <load_address>0x4030633c</load_address>
         <run_address>0x4030633c</run_address>
         <size>0x8</size>
         <input_file_ref idref="fl-132"/>
      </object_component>
      <object_component id="oc-f9">
         <name>.data:_ftable</name>
         <load_address>0x40306030</load_address>
         <run_address>0x40306030</run_address>
         <size>0xf0</size>
         <input_file_ref idref="fl-139"/>
      </object_component>
      <object_component id="oc-1a9">
         <name>.data</name>
         <load_address>0x40306320</load_address>
         <run_address>0x40306320</run_address>
         <size>0x10</size>
         <input_file_ref idref="fl-139"/>
      </object_component>
      <object_component id="oc-1ba">
         <name>.data</name>
         <load_address>0x40306120</load_address>
         <run_address>0x40306120</run_address>
         <size>0xd0</size>
         <input_file_ref idref="fl-144"/>
      </object_component>
      <object_component id="oc-248">
         <name>.data</name>
         <load_address>0x403062a0</load_address>
         <run_address>0x403062a0</run_address>
         <size>0x80</size>
         <input_file_ref idref="fl-154"/>
      </object_component>
      <object_component id="oc-253">
         <name>.data</name>
         <load_address>0x40306354</load_address>
         <run_address>0x40306354</run_address>
         <size>0x4</size>
         <input_file_ref idref="fl-156"/>
      </object_component>
      <object_component id="oc-2a1">
         <name>.data</name>
         <load_address>0x4030634c</load_address>
         <run_address>0x4030634c</run_address>
         <size>0x8</size>
         <input_file_ref idref="fl-157"/>
      </object_component>
      <object_component id="oc-2d8">
         <name>.data:sigtable</name>
         <load_address>0x403061f0</load_address>
         <run_address>0x403061f0</run_address>
         <size>0xb0</size>
         <input_file_ref idref="fl-15d"/>
      </object_component>
      <object_component id="oc-270">
         <name>.data</name>
         <load_address>0x40306358</load_address>
         <run_address>0x40306358</run_address>
         <size>0x4</size>
         <input_file_ref idref="fl-160"/>
      </object_component>
      <object_component id="oc-266">
         <name>.data</name>
         <load_address>0x40306330</load_address>
         <run_address>0x40306330</run_address>
         <size>0xc</size>
         <input_file_ref idref="fl-161"/>
      </object_component>
      <object_component id="oc-19a">
         <name>.debug_info</name>
         <load_address>0x0</load_address>
         <run_address>0x0</run_address>
         <size>0xe5</size>
         <input_file_ref idref="fl-2"/>
      </object_component>
      <object_component id="oc-98">
         <name>.debug_info</name>
         <load_address>0xe5</load_address>
         <run_address>0xe5</run_address>
         <size>0xf9</size>
         <input_file_ref idref="fl-2"/>
      </object_component>
      <object_component id="oc-7e">
         <name>.debug_info</name>
         <load_address>0x1de</load_address>
         <run_address>0x1de</run_address>
         <size>0x84</size>
         <input_file_ref idref="fl-2"/>
      </object_component>
      <object_component id="oc-fe">
         <name>.debug_info</name>
         <load_address>0x262</load_address>
         <run_address>0x262</run_address>
         <size>0x4e</size>
         <input_file_ref idref="fl-2"/>
      </object_component>
      <object_component id="oc-2b">
         <name>.debug_info</name>
         <load_address>0x2b0</load_address>
         <run_address>0x2b0</run_address>
         <size>0x11e</size>
         <input_file_ref idref="fl-128"/>
      </object_component>
      <object_component id="oc-3c">
         <name>.debug_info</name>
         <load_address>0x3ce</load_address>
         <run_address>0x3ce</run_address>
         <size>0x109</size>
         <input_file_ref idref="fl-129"/>
      </object_component>
      <object_component id="oc-18">
         <name>.debug_info</name>
         <load_address>0x4d7</load_address>
         <run_address>0x4d7</run_address>
         <size>0x1a8</size>
         <input_file_ref idref="fl-129"/>
      </object_component>
      <object_component id="oc-37">
         <name>.debug_info</name>
         <load_address>0x67f</load_address>
         <run_address>0x67f</run_address>
         <size>0x46</size>
         <input_file_ref idref="fl-129"/>
      </object_component>
      <object_component id="oc-77">
         <name>.debug_info</name>
         <load_address>0x6c5</load_address>
         <run_address>0x6c5</run_address>
         <size>0x2c</size>
         <input_file_ref idref="fl-129"/>
      </object_component>
      <object_component id="oc-44">
         <name>.debug_info</name>
         <load_address>0x6f1</load_address>
         <run_address>0x6f1</run_address>
         <size>0xfd</size>
         <input_file_ref idref="fl-12a"/>
      </object_component>
      <object_component id="oc-3e">
         <name>.debug_info</name>
         <load_address>0x7ee</load_address>
         <run_address>0x7ee</run_address>
         <size>0x210</size>
         <input_file_ref idref="fl-12a"/>
      </object_component>
      <object_component id="oc-1e">
         <name>.debug_info</name>
         <load_address>0x9fe</load_address>
         <run_address>0x9fe</run_address>
         <size>0x1a2</size>
         <input_file_ref idref="fl-12a"/>
      </object_component>
      <object_component id="oc-45">
         <name>.debug_info</name>
         <load_address>0xba0</load_address>
         <run_address>0xba0</run_address>
         <size>0x39</size>
         <input_file_ref idref="fl-12a"/>
      </object_component>
      <object_component id="oc-86">
         <name>.debug_info</name>
         <load_address>0xbd9</load_address>
         <run_address>0xbd9</run_address>
         <size>0x2c</size>
         <input_file_ref idref="fl-12a"/>
      </object_component>
      <object_component id="oc-55">
         <name>.debug_info</name>
         <load_address>0xc05</load_address>
         <run_address>0xc05</run_address>
         <size>0xf8</size>
         <input_file_ref idref="fl-12b"/>
      </object_component>
      <object_component id="oc-23">
         <name>.debug_info</name>
         <load_address>0xcfd</load_address>
         <run_address>0xcfd</run_address>
         <size>0x173</size>
         <input_file_ref idref="fl-12b"/>
      </object_component>
      <object_component id="oc-50">
         <name>.debug_info</name>
         <load_address>0xe70</load_address>
         <run_address>0xe70</run_address>
         <size>0x46</size>
         <input_file_ref idref="fl-12b"/>
      </object_component>
      <object_component id="oc-a6">
         <name>.debug_info</name>
         <load_address>0xeb6</load_address>
         <run_address>0xeb6</run_address>
         <size>0x15a</size>
         <input_file_ref idref="fl-12c"/>
      </object_component>
      <object_component id="oc-a3">
         <name>.debug_info</name>
         <load_address>0x1010</load_address>
         <run_address>0x1010</run_address>
         <size>0xff</size>
         <input_file_ref idref="fl-12c"/>
      </object_component>
      <object_component id="oc-6a">
         <name>.debug_info</name>
         <load_address>0x110f</load_address>
         <run_address>0x110f</run_address>
         <size>0x1d6</size>
         <input_file_ref idref="fl-12c"/>
      </object_component>
      <object_component id="oc-32">
         <name>.debug_info</name>
         <load_address>0x12e5</load_address>
         <run_address>0x12e5</run_address>
         <size>0x14b</size>
         <input_file_ref idref="fl-12d"/>
      </object_component>
      <object_component id="oc-4c">
         <name>.debug_info</name>
         <load_address>0x1430</load_address>
         <run_address>0x1430</run_address>
         <size>0x115</size>
         <input_file_ref idref="fl-12e"/>
      </object_component>
      <object_component id="oc-5a">
         <name>.debug_info</name>
         <load_address>0x1545</load_address>
         <run_address>0x1545</run_address>
         <size>0x111</size>
         <input_file_ref idref="fl-12f"/>
      </object_component>
      <object_component id="oc-fd">
         <name>.debug_info</name>
         <load_address>0x1656</load_address>
         <run_address>0x1656</run_address>
         <size>0x1ff</size>
         <input_file_ref idref="fl-130"/>
      </object_component>
      <object_component id="oc-c7">
         <name>.debug_info</name>
         <load_address>0x1855</load_address>
         <run_address>0x1855</run_address>
         <size>0x281</size>
         <input_file_ref idref="fl-130"/>
      </object_component>
      <object_component id="oc-195">
         <name>.debug_info</name>
         <load_address>0x1ad6</load_address>
         <run_address>0x1ad6</run_address>
         <size>0xae</size>
         <input_file_ref idref="fl-130"/>
      </object_component>
      <object_component id="oc-6f">
         <name>.debug_info</name>
         <load_address>0x1b84</load_address>
         <run_address>0x1b84</run_address>
         <size>0xd2</size>
         <input_file_ref idref="fl-131"/>
      </object_component>
      <object_component id="oc-da">
         <name>.debug_info</name>
         <load_address>0x1c56</load_address>
         <run_address>0x1c56</run_address>
         <size>0xed</size>
         <input_file_ref idref="fl-132"/>
      </object_component>
      <object_component id="oc-a0">
         <name>.debug_info</name>
         <load_address>0x1d43</load_address>
         <run_address>0x1d43</run_address>
         <size>0xdc</size>
         <input_file_ref idref="fl-132"/>
      </object_component>
      <object_component id="oc-d3">
         <name>.debug_info</name>
         <load_address>0x1e1f</load_address>
         <run_address>0x1e1f</run_address>
         <size>0x1e8</size>
         <input_file_ref idref="fl-132"/>
      </object_component>
      <object_component id="oc-180">
         <name>.debug_info</name>
         <load_address>0x2007</load_address>
         <run_address>0x2007</run_address>
         <size>0x394</size>
         <input_file_ref idref="fl-133"/>
      </object_component>
      <object_component id="oc-f6">
         <name>.debug_info</name>
         <load_address>0x239b</load_address>
         <run_address>0x239b</run_address>
         <size>0x1802</size>
         <input_file_ref idref="fl-133"/>
      </object_component>
      <object_component id="oc-181">
         <name>.debug_info</name>
         <load_address>0x3b9d</load_address>
         <run_address>0x3b9d</run_address>
         <size>0x86</size>
         <input_file_ref idref="fl-133"/>
      </object_component>
      <object_component id="oc-186">
         <name>.debug_info</name>
         <load_address>0x3c23</load_address>
         <run_address>0x3c23</run_address>
         <size>0x2c</size>
         <input_file_ref idref="fl-133"/>
      </object_component>
      <object_component id="oc-200">
         <name>.debug_info</name>
         <load_address>0x3c4f</load_address>
         <run_address>0x3c4f</run_address>
         <size>0x46</size>
         <input_file_ref idref="fl-133"/>
      </object_component>
      <object_component id="oc-18b">
         <name>.debug_info</name>
         <load_address>0x3c95</load_address>
         <run_address>0x3c95</run_address>
         <size>0x39</size>
         <input_file_ref idref="fl-133"/>
      </object_component>
      <object_component id="oc-9e">
         <name>.debug_info</name>
         <load_address>0x3cce</load_address>
         <run_address>0x3cce</run_address>
         <size>0x12f</size>
         <input_file_ref idref="fl-134"/>
      </object_component>
      <object_component id="oc-66">
         <name>.debug_info</name>
         <load_address>0x3dfd</load_address>
         <run_address>0x3dfd</run_address>
         <size>0x130</size>
         <input_file_ref idref="fl-134"/>
      </object_component>
      <object_component id="oc-cd">
         <name>.debug_info</name>
         <load_address>0x3f2d</load_address>
         <run_address>0x3f2d</run_address>
         <size>0x5e</size>
         <input_file_ref idref="fl-134"/>
      </object_component>
      <object_component id="oc-1fd">
         <name>.debug_info</name>
         <load_address>0x3f8b</load_address>
         <run_address>0x3f8b</run_address>
         <size>0xdd</size>
         <input_file_ref idref="fl-135"/>
      </object_component>
      <object_component id="oc-17d">
         <name>.debug_info</name>
         <load_address>0x4068</load_address>
         <run_address>0x4068</run_address>
         <size>0x13a</size>
         <input_file_ref idref="fl-135"/>
      </object_component>
      <object_component id="oc-96">
         <name>.debug_info</name>
         <load_address>0x41a2</load_address>
         <run_address>0x41a2</run_address>
         <size>0x286</size>
         <input_file_ref idref="fl-136"/>
      </object_component>
      <object_component id="oc-60">
         <name>.debug_info</name>
         <load_address>0x4428</load_address>
         <run_address>0x4428</run_address>
         <size>0x140</size>
         <input_file_ref idref="fl-136"/>
      </object_component>
      <object_component id="oc-ba">
         <name>.debug_info</name>
         <load_address>0x4568</load_address>
         <run_address>0x4568</run_address>
         <size>0x39</size>
         <input_file_ref idref="fl-136"/>
      </object_component>
      <object_component id="oc-bf">
         <name>.debug_info</name>
         <load_address>0x45a1</load_address>
         <run_address>0x45a1</run_address>
         <size>0xcd</size>
         <input_file_ref idref="fl-136"/>
      </object_component>
      <object_component id="oc-b7">
         <name>.debug_info</name>
         <load_address>0x466e</load_address>
         <run_address>0x466e</run_address>
         <size>0x1a9</size>
         <input_file_ref idref="fl-137"/>
      </object_component>
      <object_component id="oc-90">
         <name>.debug_info</name>
         <load_address>0x4817</load_address>
         <run_address>0x4817</run_address>
         <size>0x165</size>
         <input_file_ref idref="fl-137"/>
      </object_component>
      <object_component id="oc-e2">
         <name>.debug_info</name>
         <load_address>0x497c</load_address>
         <run_address>0x497c</run_address>
         <size>0x2c</size>
         <input_file_ref idref="fl-137"/>
      </object_component>
      <object_component id="oc-261">
         <name>.debug_info</name>
         <load_address>0x49a8</load_address>
         <run_address>0x49a8</run_address>
         <size>0xb7</size>
         <input_file_ref idref="fl-138"/>
      </object_component>
      <object_component id="oc-1fa">
         <name>.debug_info</name>
         <load_address>0x4a5f</load_address>
         <run_address>0x4a5f</run_address>
         <size>0xc3</size>
         <input_file_ref idref="fl-138"/>
      </object_component>
      <object_component id="oc-192">
         <name>.debug_info</name>
         <load_address>0x4b22</load_address>
         <run_address>0x4b22</run_address>
         <size>0xd9</size>
         <input_file_ref idref="fl-139"/>
      </object_component>
      <object_component id="oc-fa">
         <name>.debug_info</name>
         <load_address>0x4bfb</load_address>
         <run_address>0x4bfb</run_address>
         <size>0xc0</size>
         <input_file_ref idref="fl-139"/>
      </object_component>
      <object_component id="oc-2ac">
         <name>.debug_info</name>
         <load_address>0x4cbb</load_address>
         <run_address>0x4cbb</run_address>
         <size>0xca</size>
         <input_file_ref idref="fl-139"/>
      </object_component>
      <object_component id="oc-1aa">
         <name>.debug_info</name>
         <load_address>0x4d85</load_address>
         <run_address>0x4d85</run_address>
         <size>0x14d</size>
         <input_file_ref idref="fl-139"/>
      </object_component>
      <object_component id="oc-157">
         <name>.debug_info</name>
         <load_address>0x4ed2</load_address>
         <run_address>0x4ed2</run_address>
         <size>0x12a</size>
         <input_file_ref idref="fl-13a"/>
      </object_component>
      <object_component id="oc-133">
         <name>.debug_info</name>
         <load_address>0x4ffc</load_address>
         <run_address>0x4ffc</run_address>
         <size>0xf1</size>
         <input_file_ref idref="fl-13b"/>
      </object_component>
      <object_component id="oc-143">
         <name>.debug_info</name>
         <load_address>0x50ed</load_address>
         <run_address>0x50ed</run_address>
         <size>0xf3</size>
         <input_file_ref idref="fl-13b"/>
      </object_component>
      <object_component id="oc-13e">
         <name>.debug_info</name>
         <load_address>0x51e0</load_address>
         <run_address>0x51e0</run_address>
         <size>0x10f</size>
         <input_file_ref idref="fl-13c"/>
      </object_component>
      <object_component id="oc-138">
         <name>.debug_info</name>
         <load_address>0x52ef</load_address>
         <run_address>0x52ef</run_address>
         <size>0x10f</size>
         <input_file_ref idref="fl-13d"/>
      </object_component>
      <object_component id="oc-148">
         <name>.debug_info</name>
         <load_address>0x53fe</load_address>
         <run_address>0x53fe</run_address>
         <size>0xfd</size>
         <input_file_ref idref="fl-13e"/>
      </object_component>
      <object_component id="oc-119">
         <name>.debug_info</name>
         <load_address>0x54fb</load_address>
         <run_address>0x54fb</run_address>
         <size>0x1a7</size>
         <input_file_ref idref="fl-13f"/>
      </object_component>
      <object_component id="oc-e9">
         <name>.debug_info</name>
         <load_address>0x56a2</load_address>
         <run_address>0x56a2</run_address>
         <size>0x215</size>
         <input_file_ref idref="fl-13f"/>
      </object_component>
      <object_component id="oc-127">
         <name>.debug_info</name>
         <load_address>0x58b7</load_address>
         <run_address>0x58b7</run_address>
         <size>0x26b</size>
         <input_file_ref idref="fl-140"/>
      </object_component>
      <object_component id="oc-ee">
         <name>.debug_info</name>
         <load_address>0x5b22</load_address>
         <run_address>0x5b22</run_address>
         <size>0x325</size>
         <input_file_ref idref="fl-140"/>
      </object_component>
      <object_component id="oc-1e4">
         <name>.debug_info</name>
         <load_address>0x5e47</load_address>
         <run_address>0x5e47</run_address>
         <size>0x155</size>
         <input_file_ref idref="fl-141"/>
      </object_component>
      <object_component id="oc-15c">
         <name>.debug_info</name>
         <load_address>0x5f9c</load_address>
         <run_address>0x5f9c</run_address>
         <size>0x155</size>
         <input_file_ref idref="fl-141"/>
      </object_component>
      <object_component id="oc-152">
         <name>.debug_info</name>
         <load_address>0x60f1</load_address>
         <run_address>0x60f1</run_address>
         <size>0xf2</size>
         <input_file_ref idref="fl-142"/>
      </object_component>
      <object_component id="oc-1f2">
         <name>.debug_info</name>
         <load_address>0x61e3</load_address>
         <run_address>0x61e3</run_address>
         <size>0x157</size>
         <input_file_ref idref="fl-143"/>
      </object_component>
      <object_component id="oc-164">
         <name>.debug_info</name>
         <load_address>0x633a</load_address>
         <run_address>0x633a</run_address>
         <size>0x14c</size>
         <input_file_ref idref="fl-143"/>
      </object_component>
      <object_component id="oc-1be">
         <name>.debug_info</name>
         <load_address>0x6486</load_address>
         <run_address>0x6486</run_address>
         <size>0x46e</size>
         <input_file_ref idref="fl-144"/>
      </object_component>
      <object_component id="oc-1bb">
         <name>.debug_info</name>
         <load_address>0x68f4</load_address>
         <run_address>0x68f4</run_address>
         <size>0xdf</size>
         <input_file_ref idref="fl-144"/>
      </object_component>
      <object_component id="oc-114">
         <name>.debug_info</name>
         <load_address>0x69d3</load_address>
         <run_address>0x69d3</run_address>
         <size>0xb85</size>
         <input_file_ref idref="fl-144"/>
      </object_component>
      <object_component id="oc-232">
         <name>.debug_info</name>
         <load_address>0x7558</load_address>
         <run_address>0x7558</run_address>
         <size>0x120</size>
         <input_file_ref idref="fl-144"/>
      </object_component>
      <object_component id="oc-1c0">
         <name>.debug_info</name>
         <load_address>0x7678</load_address>
         <run_address>0x7678</run_address>
         <size>0x2c</size>
         <input_file_ref idref="fl-144"/>
      </object_component>
      <object_component id="oc-1da">
         <name>.debug_info</name>
         <load_address>0x76a4</load_address>
         <run_address>0x76a4</run_address>
         <size>0x115</size>
         <input_file_ref idref="fl-145"/>
      </object_component>
      <object_component id="oc-14d">
         <name>.debug_info</name>
         <load_address>0x77b9</load_address>
         <run_address>0x77b9</run_address>
         <size>0x1a3</size>
         <input_file_ref idref="fl-145"/>
      </object_component>
      <object_component id="oc-1f8">
         <name>.debug_info</name>
         <load_address>0x795c</load_address>
         <run_address>0x795c</run_address>
         <size>0xba</size>
         <input_file_ref idref="fl-146"/>
      </object_component>
      <object_component id="oc-175">
         <name>.debug_info</name>
         <load_address>0x7a16</load_address>
         <run_address>0x7a16</run_address>
         <size>0x174</size>
         <input_file_ref idref="fl-146"/>
      </object_component>
      <object_component id="oc-1ca">
         <name>.debug_info</name>
         <load_address>0x7b8a</load_address>
         <run_address>0x7b8a</run_address>
         <size>0xc9</size>
         <input_file_ref idref="fl-147"/>
      </object_component>
      <object_component id="oc-121">
         <name>.debug_info</name>
         <load_address>0x7c53</load_address>
         <run_address>0x7c53</run_address>
         <size>0x1ab</size>
         <input_file_ref idref="fl-147"/>
      </object_component>
      <object_component id="oc-1f4">
         <name>.debug_info</name>
         <load_address>0x7dfe</load_address>
         <run_address>0x7dfe</run_address>
         <size>0xbe</size>
         <input_file_ref idref="fl-148"/>
      </object_component>
      <object_component id="oc-16a">
         <name>.debug_info</name>
         <load_address>0x7ebc</load_address>
         <run_address>0x7ebc</run_address>
         <size>0x1ad</size>
         <input_file_ref idref="fl-148"/>
      </object_component>
      <object_component id="oc-225">
         <name>.debug_info</name>
         <load_address>0x8069</load_address>
         <run_address>0x8069</run_address>
         <size>0xae</size>
         <input_file_ref idref="fl-149"/>
      </object_component>
      <object_component id="oc-1b1">
         <name>.debug_info</name>
         <load_address>0x8117</load_address>
         <run_address>0x8117</run_address>
         <size>0x1c1</size>
         <input_file_ref idref="fl-149"/>
      </object_component>
      <object_component id="oc-1c8">
         <name>.debug_info</name>
         <load_address>0x82d8</load_address>
         <run_address>0x82d8</run_address>
         <size>0xb3</size>
         <input_file_ref idref="fl-14a"/>
      </object_component>
      <object_component id="oc-11e">
         <name>.debug_info</name>
         <load_address>0x838b</load_address>
         <run_address>0x838b</run_address>
         <size>0x193</size>
         <input_file_ref idref="fl-14a"/>
      </object_component>
      <object_component id="oc-227">
         <name>.debug_info</name>
         <load_address>0x851e</load_address>
         <run_address>0x851e</run_address>
         <size>0xbf</size>
         <input_file_ref idref="fl-14b"/>
      </object_component>
      <object_component id="oc-1b5">
         <name>.debug_info</name>
         <load_address>0x85dd</load_address>
         <run_address>0x85dd</run_address>
         <size>0x1c2</size>
         <input_file_ref idref="fl-14b"/>
      </object_component>
      <object_component id="oc-286">
         <name>.debug_info</name>
         <load_address>0x879f</load_address>
         <run_address>0x879f</run_address>
         <size>0x236</size>
         <input_file_ref idref="fl-14c"/>
      </object_component>
      <object_component id="oc-229">
         <name>.debug_info</name>
         <load_address>0x89d5</load_address>
         <run_address>0x89d5</run_address>
         <size>0x9f6</size>
         <input_file_ref idref="fl-14c"/>
      </object_component>
      <object_component id="oc-289">
         <name>.debug_info</name>
         <load_address>0x93cb</load_address>
         <run_address>0x93cb</run_address>
         <size>0x39</size>
         <input_file_ref idref="fl-14c"/>
      </object_component>
      <object_component id="oc-2b6">
         <name>.debug_info</name>
         <load_address>0x9404</load_address>
         <run_address>0x9404</run_address>
         <size>0xde</size>
         <input_file_ref idref="fl-14d"/>
      </object_component>
      <object_component id="oc-2b3">
         <name>.debug_info</name>
         <load_address>0x94e2</load_address>
         <run_address>0x94e2</run_address>
         <size>0xc6</size>
         <input_file_ref idref="fl-14d"/>
      </object_component>
      <object_component id="oc-27a">
         <name>.debug_info</name>
         <load_address>0x95a8</load_address>
         <run_address>0x95a8</run_address>
         <size>0x24a</size>
         <input_file_ref idref="fl-14d"/>
      </object_component>
      <object_component id="oc-12f">
         <name>.debug_info</name>
         <load_address>0x97f2</load_address>
         <run_address>0x97f2</run_address>
         <size>0x151</size>
         <input_file_ref idref="fl-14e"/>
      </object_component>
      <object_component id="oc-12b">
         <name>.debug_info</name>
         <load_address>0x9943</load_address>
         <run_address>0x9943</run_address>
         <size>0x153</size>
         <input_file_ref idref="fl-14f"/>
      </object_component>
      <object_component id="oc-1f6">
         <name>.debug_info</name>
         <load_address>0x9a96</load_address>
         <run_address>0x9a96</run_address>
         <size>0x108</size>
         <input_file_ref idref="fl-150"/>
      </object_component>
      <object_component id="oc-16f">
         <name>.debug_info</name>
         <load_address>0x9b9e</load_address>
         <run_address>0x9b9e</run_address>
         <size>0x13d</size>
         <input_file_ref idref="fl-150"/>
      </object_component>
      <object_component id="oc-24c">
         <name>.debug_info</name>
         <load_address>0x9cdb</load_address>
         <run_address>0x9cdb</run_address>
         <size>0x168</size>
         <input_file_ref idref="fl-151"/>
      </object_component>
      <object_component id="oc-1e6">
         <name>.debug_info</name>
         <load_address>0x9e43</load_address>
         <run_address>0x9e43</run_address>
         <size>0x186</size>
         <input_file_ref idref="fl-151"/>
      </object_component>
      <object_component id="oc-294">
         <name>.debug_info</name>
         <load_address>0x9fc9</load_address>
         <run_address>0x9fc9</run_address>
         <size>0x86</size>
         <input_file_ref idref="fl-151"/>
      </object_component>
      <object_component id="oc-245">
         <name>.debug_info</name>
         <load_address>0xa04f</load_address>
         <run_address>0xa04f</run_address>
         <size>0x152</size>
         <input_file_ref idref="fl-152"/>
      </object_component>
      <object_component id="oc-1de">
         <name>.debug_info</name>
         <load_address>0xa1a1</load_address>
         <run_address>0xa1a1</run_address>
         <size>0x15b</size>
         <input_file_ref idref="fl-152"/>
      </object_component>
      <object_component id="oc-1ee">
         <name>.debug_info</name>
         <load_address>0xa2fc</load_address>
         <run_address>0xa2fc</run_address>
         <size>0x13b</size>
         <input_file_ref idref="fl-153"/>
      </object_component>
      <object_component id="oc-249">
         <name>.debug_info</name>
         <load_address>0xa437</load_address>
         <run_address>0xa437</run_address>
         <size>0x19d</size>
         <input_file_ref idref="fl-154"/>
      </object_component>
      <object_component id="oc-1a8">
         <name>.debug_info</name>
         <load_address>0xa5d4</load_address>
         <run_address>0xa5d4</run_address>
         <size>0x11a</size>
         <input_file_ref idref="fl-155"/>
      </object_component>
      <object_component id="oc-107">
         <name>.debug_info</name>
         <load_address>0xa6ee</load_address>
         <run_address>0xa6ee</run_address>
         <size>0x1f9</size>
         <input_file_ref idref="fl-155"/>
      </object_component>
      <object_component id="oc-219">
         <name>.debug_info</name>
         <load_address>0xa8e7</load_address>
         <run_address>0xa8e7</run_address>
         <size>0xbb</size>
         <input_file_ref idref="fl-155"/>
      </object_component>
      <object_component id="oc-254">
         <name>.debug_info</name>
         <load_address>0xa9a2</load_address>
         <run_address>0xa9a2</run_address>
         <size>0xbe</size>
         <input_file_ref idref="fl-156"/>
      </object_component>
      <object_component id="oc-2cc">
         <name>.debug_info</name>
         <load_address>0xaa60</load_address>
         <run_address>0xaa60</run_address>
         <size>0x195</size>
         <input_file_ref idref="fl-157"/>
      </object_component>
      <object_component id="oc-2a2">
         <name>.debug_info</name>
         <load_address>0xabf5</load_address>
         <run_address>0xabf5</run_address>
         <size>0xf6</size>
         <input_file_ref idref="fl-157"/>
      </object_component>
      <object_component id="oc-24e">
         <name>.debug_info</name>
         <load_address>0xaceb</load_address>
         <run_address>0xaceb</run_address>
         <size>0x157</size>
         <input_file_ref idref="fl-157"/>
      </object_component>
      <object_component id="oc-2c7">
         <name>.debug_info</name>
         <load_address>0xae42</load_address>
         <run_address>0xae42</run_address>
         <size>0x6f</size>
         <input_file_ref idref="fl-157"/>
      </object_component>
      <object_component id="oc-1ad">
         <name>.debug_info</name>
         <load_address>0xaeb1</load_address>
         <run_address>0xaeb1</run_address>
         <size>0x16b</size>
         <input_file_ref idref="fl-158"/>
      </object_component>
      <object_component id="oc-10d">
         <name>.debug_info</name>
         <load_address>0xb01c</load_address>
         <run_address>0xb01c</run_address>
         <size>0x223</size>
         <input_file_ref idref="fl-158"/>
      </object_component>
      <object_component id="oc-20a">
         <name>.debug_info</name>
         <load_address>0xb23f</load_address>
         <run_address>0xb23f</run_address>
         <size>0x148</size>
         <input_file_ref idref="fl-159"/>
      </object_component>
      <object_component id="oc-19c">
         <name>.debug_info</name>
         <load_address>0xb387</load_address>
         <run_address>0xb387</run_address>
         <size>0x1aa</size>
         <input_file_ref idref="fl-159"/>
      </object_component>
      <object_component id="oc-1d5">
         <name>.debug_info</name>
         <load_address>0xb531</load_address>
         <run_address>0xb531</run_address>
         <size>0x14f</size>
         <input_file_ref idref="fl-15a"/>
      </object_component>
      <object_component id="oc-2c4">
         <name>.debug_info</name>
         <load_address>0xb680</load_address>
         <run_address>0xb680</run_address>
         <size>0xe5</size>
         <input_file_ref idref="fl-15b"/>
      </object_component>
      <object_component id="oc-29c">
         <name>.debug_info</name>
         <load_address>0xb765</load_address>
         <run_address>0xb765</run_address>
         <size>0x13c</size>
         <input_file_ref idref="fl-15b"/>
      </object_component>
      <object_component id="oc-2df">
         <name>.debug_info</name>
         <load_address>0xb8a1</load_address>
         <run_address>0xb8a1</run_address>
         <size>0x2c</size>
         <input_file_ref idref="fl-15b"/>
      </object_component>
      <object_component id="oc-218">
         <name>.debug_info</name>
         <load_address>0xb8cd</load_address>
         <run_address>0xb8cd</run_address>
         <size>0x189</size>
         <input_file_ref idref="fl-15c"/>
      </object_component>
      <object_component id="oc-1a2">
         <name>.debug_info</name>
         <load_address>0xba56</load_address>
         <run_address>0xba56</run_address>
         <size>0x1c9</size>
         <input_file_ref idref="fl-15c"/>
      </object_component>
      <object_component id="oc-2dc">
         <name>.debug_info</name>
         <load_address>0xbc1f</load_address>
         <run_address>0xbc1f</run_address>
         <size>0x105</size>
         <input_file_ref idref="fl-15d"/>
      </object_component>
      <object_component id="oc-2d9">
         <name>.debug_info</name>
         <load_address>0xbd24</load_address>
         <run_address>0xbd24</run_address>
         <size>0xc3</size>
         <input_file_ref idref="fl-15d"/>
      </object_component>
      <object_component id="oc-2be">
         <name>.debug_info</name>
         <load_address>0xbde7</load_address>
         <run_address>0xbde7</run_address>
         <size>0x152</size>
         <input_file_ref idref="fl-15d"/>
      </object_component>
      <object_component id="oc-2b8">
         <name>.debug_info</name>
         <load_address>0xbf39</load_address>
         <run_address>0xbf39</run_address>
         <size>0xbe</size>
         <input_file_ref idref="fl-15e"/>
      </object_component>
      <object_component id="oc-282">
         <name>.debug_info</name>
         <load_address>0xbff7</load_address>
         <run_address>0xbff7</run_address>
         <size>0x1a9</size>
         <input_file_ref idref="fl-15e"/>
      </object_component>
      <object_component id="oc-28f">
         <name>.debug_info</name>
         <load_address>0xc1a0</load_address>
         <run_address>0xc1a0</run_address>
         <size>0x11d</size>
         <input_file_ref idref="fl-15f"/>
      </object_component>
      <object_component id="oc-23f">
         <name>.debug_info</name>
         <load_address>0xc2bd</load_address>
         <run_address>0xc2bd</run_address>
         <size>0x135</size>
         <input_file_ref idref="fl-15f"/>
      </object_component>
      <object_component id="oc-272">
         <name>.debug_info</name>
         <load_address>0xc3f2</load_address>
         <run_address>0xc3f2</run_address>
         <size>0x205</size>
         <input_file_ref idref="fl-160"/>
      </object_component>
      <object_component id="oc-213">
         <name>.debug_info</name>
         <load_address>0xc5f7</load_address>
         <run_address>0xc5f7</run_address>
         <size>0x41e</size>
         <input_file_ref idref="fl-160"/>
      </object_component>
      <object_component id="oc-ac">
         <name>.debug_info</name>
         <load_address>0xca15</load_address>
         <run_address>0xca15</run_address>
         <size>0x2c</size>
         <input_file_ref idref="fl-160"/>
      </object_component>
      <object_component id="oc-74">
         <name>.debug_info</name>
         <load_address>0xca41</load_address>
         <run_address>0xca41</run_address>
         <size>0x1eb</size>
         <input_file_ref idref="fl-161"/>
      </object_component>
      <object_component id="oc-2f">
         <name>.debug_info</name>
         <load_address>0xcc2c</load_address>
         <run_address>0xcc2c</run_address>
         <size>0xca</size>
         <input_file_ref idref="fl-161"/>
      </object_component>
      <object_component id="oc-267">
         <name>.debug_info</name>
         <load_address>0xccf6</load_address>
         <run_address>0xccf6</run_address>
         <size>0x115</size>
         <input_file_ref idref="fl-161"/>
      </object_component>
      <object_component id="oc-20c">
         <name>.debug_info</name>
         <load_address>0xce0b</load_address>
         <run_address>0xce0b</run_address>
         <size>0x86f</size>
         <input_file_ref idref="fl-161"/>
      </object_component>
      <object_component id="oc-b1">
         <name>.debug_info</name>
         <load_address>0xd67a</load_address>
         <run_address>0xd67a</run_address>
         <size>0x62</size>
         <input_file_ref idref="fl-161"/>
      </object_component>
      <object_component id="oc-2af">
         <name>.debug_info</name>
         <load_address>0xd6dc</load_address>
         <run_address>0xd6dc</run_address>
         <size>0x1c9</size>
         <input_file_ref idref="fl-162"/>
      </object_component>
      <object_component id="oc-26c">
         <name>.debug_info</name>
         <load_address>0xd8a5</load_address>
         <run_address>0xd8a5</run_address>
         <size>0x261</size>
         <input_file_ref idref="fl-162"/>
      </object_component>
      <object_component id="oc-319">
         <name>.debug_info</name>
         <load_address>0xdb06</load_address>
         <run_address>0xdb06</run_address>
         <size>0x9c</size>
      </object_component>
      <object_component id="oc-208">
         <name>.debug_line</name>
         <load_address>0x0</load_address>
         <run_address>0x0</run_address>
         <size>0x5f</size>
         <input_file_ref idref="fl-2"/>
      </object_component>
      <object_component id="oc-9b">
         <name>.debug_line</name>
         <load_address>0x5f</load_address>
         <run_address>0x5f</run_address>
         <size>0x43</size>
         <input_file_ref idref="fl-2"/>
      </object_component>
      <object_component id="oc-81">
         <name>.debug_line</name>
         <load_address>0xa2</load_address>
         <run_address>0xa2</run_address>
         <size>0x20</size>
         <input_file_ref idref="fl-2"/>
      </object_component>
      <object_component id="oc-101">
         <name>.debug_line</name>
         <load_address>0xc2</load_address>
         <run_address>0xc2</run_address>
         <size>0x60</size>
         <input_file_ref idref="fl-2"/>
      </object_component>
      <object_component id="oc-29">
         <name>.debug_line</name>
         <load_address>0x122</load_address>
         <run_address>0x122</run_address>
         <size>0x4b</size>
         <input_file_ref idref="fl-128"/>
      </object_component>
      <object_component id="oc-7d">
         <name>.debug_line</name>
         <load_address>0x16d</load_address>
         <run_address>0x16d</run_address>
         <size>0x5a</size>
         <input_file_ref idref="fl-129"/>
      </object_component>
      <object_component id="oc-17">
         <name>.debug_line</name>
         <load_address>0x1c7</load_address>
         <run_address>0x1c7</run_address>
         <size>0x52</size>
         <input_file_ref idref="fl-129"/>
      </object_component>
      <object_component id="oc-3a">
         <name>.debug_line</name>
         <load_address>0x219</load_address>
         <run_address>0x219</run_address>
         <size>0x3a</size>
         <input_file_ref idref="fl-129"/>
      </object_component>
      <object_component id="oc-7a">
         <name>.debug_line</name>
         <load_address>0x253</load_address>
         <run_address>0x253</run_address>
         <size>0x5a</size>
         <input_file_ref idref="fl-129"/>
      </object_component>
      <object_component id="oc-85">
         <name>.debug_line</name>
         <load_address>0x2ad</load_address>
         <run_address>0x2ad</run_address>
         <size>0x5a</size>
         <input_file_ref idref="fl-12a"/>
      </object_component>
      <object_component id="oc-42">
         <name>.debug_line</name>
         <load_address>0x307</load_address>
         <run_address>0x307</run_address>
         <size>0x87</size>
         <input_file_ref idref="fl-12a"/>
      </object_component>
      <object_component id="oc-21">
         <name>.debug_line</name>
         <load_address>0x38e</load_address>
         <run_address>0x38e</run_address>
         <size>0x4b</size>
         <input_file_ref idref="fl-12a"/>
      </object_component>
      <object_component id="oc-48">
         <name>.debug_line</name>
         <load_address>0x3d9</load_address>
         <run_address>0x3d9</run_address>
         <size>0x39</size>
         <input_file_ref idref="fl-12a"/>
      </object_component>
      <object_component id="oc-89">
         <name>.debug_line</name>
         <load_address>0x412</load_address>
         <run_address>0x412</run_address>
         <size>0x5a</size>
         <input_file_ref idref="fl-12a"/>
      </object_component>
      <object_component id="oc-8d">
         <name>.debug_line</name>
         <load_address>0x46c</load_address>
         <run_address>0x46c</run_address>
         <size>0x5a</size>
         <input_file_ref idref="fl-12b"/>
      </object_component>
      <object_component id="oc-26">
         <name>.debug_line</name>
         <load_address>0x4c6</load_address>
         <run_address>0x4c6</run_address>
         <size>0x4f</size>
         <input_file_ref idref="fl-12b"/>
      </object_component>
      <object_component id="oc-53">
         <name>.debug_line</name>
         <load_address>0x515</load_address>
         <run_address>0x515</run_address>
         <size>0x34</size>
         <input_file_ref idref="fl-12b"/>
      </object_component>
      <object_component id="oc-df">
         <name>.debug_line</name>
         <load_address>0x549</load_address>
         <run_address>0x549</run_address>
         <size>0x59</size>
         <input_file_ref idref="fl-12c"/>
      </object_component>
      <object_component id="oc-dd">
         <name>.debug_line</name>
         <load_address>0x5a2</load_address>
         <run_address>0x5a2</run_address>
         <size>0x2a</size>
         <input_file_ref idref="fl-12c"/>
      </object_component>
      <object_component id="oc-6d">
         <name>.debug_line</name>
         <load_address>0x5cc</load_address>
         <run_address>0x5cc</run_address>
         <size>0x80</size>
         <input_file_ref idref="fl-12c"/>
      </object_component>
      <object_component id="oc-35">
         <name>.debug_line</name>
         <load_address>0x64c</load_address>
         <run_address>0x64c</run_address>
         <size>0x9a</size>
         <input_file_ref idref="fl-12d"/>
      </object_component>
      <object_component id="oc-4e">
         <name>.debug_line</name>
         <load_address>0x6e6</load_address>
         <run_address>0x6e6</run_address>
         <size>0x73</size>
         <input_file_ref idref="fl-12e"/>
      </object_component>
      <object_component id="oc-57">
         <name>.debug_line</name>
         <load_address>0x759</load_address>
         <run_address>0x759</run_address>
         <size>0x40</size>
         <input_file_ref idref="fl-12f"/>
      </object_component>
      <object_component id="oc-194">
         <name>.debug_line</name>
         <load_address>0x799</load_address>
         <run_address>0x799</run_address>
         <size>0x9e</size>
         <input_file_ref idref="fl-130"/>
      </object_component>
      <object_component id="oc-c6">
         <name>.debug_line</name>
         <load_address>0x837</load_address>
         <run_address>0x837</run_address>
         <size>0x89</size>
         <input_file_ref idref="fl-130"/>
      </object_component>
      <object_component id="oc-198">
         <name>.debug_line</name>
         <load_address>0x8c0</load_address>
         <run_address>0x8c0</run_address>
         <size>0x59</size>
         <input_file_ref idref="fl-130"/>
      </object_component>
      <object_component id="oc-a9">
         <name>.debug_line</name>
         <load_address>0x919</load_address>
         <run_address>0x919</run_address>
         <size>0x33</size>
         <input_file_ref idref="fl-131"/>
      </object_component>
      <object_component id="oc-105">
         <name>.debug_line</name>
         <load_address>0x94c</load_address>
         <run_address>0x94c</run_address>
         <size>0x20</size>
         <input_file_ref idref="fl-132"/>
      </object_component>
      <object_component id="oc-d9">
         <name>.debug_line</name>
         <load_address>0x96c</load_address>
         <run_address>0x96c</run_address>
         <size>0x2b</size>
         <input_file_ref idref="fl-132"/>
      </object_component>
      <object_component id="oc-d7">
         <name>.debug_line</name>
         <load_address>0x997</load_address>
         <run_address>0x997</run_address>
         <size>0x64</size>
         <input_file_ref idref="fl-132"/>
      </object_component>
      <object_component id="oc-1ff">
         <name>.debug_line</name>
         <load_address>0x9fb</load_address>
         <run_address>0x9fb</run_address>
         <size>0xda</size>
         <input_file_ref idref="fl-133"/>
      </object_component>
      <object_component id="oc-f8">
         <name>.debug_line</name>
         <load_address>0xad5</load_address>
         <run_address>0xad5</run_address>
         <size>0xb48</size>
         <input_file_ref idref="fl-133"/>
      </object_component>
      <object_component id="oc-184">
         <name>.debug_line</name>
         <load_address>0x161d</load_address>
         <run_address>0x161d</run_address>
         <size>0x5a</size>
         <input_file_ref idref="fl-133"/>
      </object_component>
      <object_component id="oc-189">
         <name>.debug_line</name>
         <load_address>0x1677</load_address>
         <run_address>0x1677</run_address>
         <size>0x59</size>
         <input_file_ref idref="fl-133"/>
      </object_component>
      <object_component id="oc-203">
         <name>.debug_line</name>
         <load_address>0x16d0</load_address>
         <run_address>0x16d0</run_address>
         <size>0x5a</size>
         <input_file_ref idref="fl-133"/>
      </object_component>
      <object_component id="oc-18e">
         <name>.debug_line</name>
         <load_address>0x172a</load_address>
         <run_address>0x172a</run_address>
         <size>0x2e</size>
         <input_file_ref idref="fl-133"/>
      </object_component>
      <object_component id="oc-cc">
         <name>.debug_line</name>
         <load_address>0x1758</load_address>
         <run_address>0x1758</run_address>
         <size>0x2b</size>
[...]
         <object_component_ref idref="oc-68"/>
      </symbol>
      <symbol id="sm-c5">
         <name>__TI_dtors_ptr</name>
         <value>0x40306348</value>
         <object_component_ref idref="oc-a2"/>
      </symbol>
      <symbol id="sm-c6">
         <name>__TI_cleanup_ptr</name>
         <value>0x40306344</value>
         <object_component_ref idref="oc-a2"/>
      </symbol>
      <symbol id="sm-df">
         <name>memcpy</name>
         <value>0x40303760</value>
         <object_component_ref idref="oc-31"/>
      </symbol>
      <symbol id="sm-e0">
         <name>__aeabi_memcpy</name>
         <value>0x40303760</value>
         <object_component_ref idref="oc-31"/>
      </symbol>
      <symbol id="sm-e1">
         <name>__aeabi_memcpy8</name>
         <value>0x40303760</value>
         <object_component_ref idref="oc-31"/>
      </symbol>
      <symbol id="sm-e2">
         <name>__aeabi_memcpy4</name>
         <value>0x40303760</value>
         <object_component_ref idref="oc-31"/>
      </symbol>
      <symbol id="sm-f1">
         <name>__aeabi_memset</name>
         <value>0x4030458c</value>
         <object_component_ref idref="oc-4a"/>
      </symbol>
      <symbol id="sm-f2">
         <name>memset</name>
         <value>0x40304598</value>
         <object_component_ref idref="oc-4a"/>
      </symbol>
      <symbol id="sm-f3">
         <name>__aeabi_memset8</name>
         <value>0x4030458c</value>
         <object_component_ref idref="oc-4a"/>
      </symbol>
      <symbol id="sm-f4">
         <name>__aeabi_memset4</name>
         <value>0x4030458c</value>
         <object_component_ref idref="oc-4a"/>
      </symbol>
      <symbol id="sm-f5">
         <name>__aeabi_memclr8</name>
         <value>0x40304588</value>
         <object_component_ref idref="oc-4a"/>
      </symbol>
      <symbol id="sm-f6">
         <name>__aeabi_memclr4</name>
         <value>0x40304588</value>
         <object_component_ref idref="oc-4a"/>
      </symbol>
      <symbol id="sm-f7">
         <name>__aeabi_memclr</name>
         <value>0x40304588</value>
         <object_component_ref idref="oc-4a"/>
      </symbol>
      <symbol id="sm-101">
         <name>_system_pre_init</name>
         <value>0x40305028</value>
         <object_component_ref idref="oc-56"/>
      </symbol>
      <symbol id="sm-11f">
         <name>printf</name>
         <value>0x4030478c</value>
         <object_component_ref idref="oc-c4"/>
      </symbol>
      <symbol id="sm-127">
         <name>main_func_sp</name>
         <value>0x4030635c</value>
         <object_component_ref idref="oc-6e"/>
      </symbol>
      <symbol id="sm-141">
         <name>_nop</name>
         <value>0x40304f7c</value>
         <object_component_ref idref="oc-d2"/>
      </symbol>
      <symbol id="sm-142">
         <name>_lock</name>
         <value>0x4030633c</value>
         <object_component_ref idref="oc-9f"/>
      </symbol>
      <symbol id="sm-143">
         <name>_unlock</name>
         <value>0x40306340</value>
         <object_component_ref idref="oc-9f"/>
      </symbol>
      <symbol id="sm-144">
         <name>_register_lock</name>
         <value>0x40304f70</value>
         <object_component_ref idref="oc-d2"/>
      </symbol>
      <symbol id="sm-145">
         <name>_register_unlock</name>
         <value>0x40304f64</value>
         <object_component_ref idref="oc-d2"/>
      </symbol>
      <symbol id="sm-23e">
         <name>__TI_printfi</name>
         <value>0x40301574</value>
         <object_component_ref idref="oc-f3"/>
      </symbol>
      <symbol id="sm-253">
         <name>_args_main</name>
         <value>0x40304fa8</value>
         <object_component_ref idref="oc-62"/>
      </symbol>
      <symbol id="sm-268">
         <name>atoi</name>
         <value>0x4030496c</value>
         <object_component_ref idref="oc-179"/>
      </symbol>
      <symbol id="sm-28d">
         <name>__TI_auto_init</name>
         <value>0x403046e0</value>
         <object_component_ref idref="oc-5c"/>
      </symbol>
      <symbol id="sm-2a7">
         <name>copy_in</name>
         <value>0x403049f0</value>
         <object_component_ref idref="oc-8f"/>
      </symbol>
      <symbol id="sm-2b2">
         <name>_ctypes_</name>
         <value>0x40306528</value>
         <object_component_ref idref="oc-1f9"/>
      </symbol>
      <symbol id="sm-2cb">
         <name>__aeabi_stdout</name>
         <value>0x40306328</value>
         <object_component_ref idref="oc-1a9"/>
      </symbol>
      <symbol id="sm-2cc">
         <name>__TI_tmpnams</name>
         <value>0x40306480</value>
         <object_component_ref idref="oc-2ab"/>
      </symbol>
      <symbol id="sm-2cd">
         <name>__aeabi_stderr</name>
         <value>0x4030632c</value>
         <object_component_ref idref="oc-1a9"/>
      </symbol>
      <symbol id="sm-2ce">
         <name>__aeabi_stdin</name>
         <value>0x40306324</value>
         <object_component_ref idref="oc-1a9"/>
      </symbol>
      <symbol id="sm-2cf">
         <name>_ftable</name>
         <value>0x40306030</value>
         <object_component_ref idref="oc-f9"/>
      </symbol>
      <symbol id="sm-2d0">
         <name>__TI_ft_end</name>
         <value>0x40306320</value>
         <object_component_ref idref="oc-1a9"/>
      </symbol>
      <symbol id="sm-2f4">
         <name>__aeabi_dsub</name>
         <value>0x4030304c</value>
         <object_component_ref idref="oc-156"/>
      </symbol>
      <symbol id="sm-2f5">
         <name>__aeabi_dadd</name>
         <value>0x40303058</value>
         <object_component_ref idref="oc-156"/>
      </symbol>
      <symbol id="sm-31c">
         <name>__aeabi_cdcmpeq</name>
         <value>0x40304310</value>
         <object_component_ref idref="oc-132"/>
      </symbol>
      <symbol id="sm-31d">
         <name>__aeabi_cdcmple</name>
         <value>0x40304310</value>
         <object_component_ref idref="oc-132"/>
      </symbol>
      <symbol id="sm-31e">
         <name>__aeabi_cdrcmple</name>
         <value>0x403043f0</value>
         <object_component_ref idref="oc-141"/>
      </symbol>
      <symbol id="sm-33e">
         <name>__aeabi_ddiv</name>
         <value>0x403035d0</value>
         <object_component_ref idref="oc-13c"/>
      </symbol>
      <symbol id="sm-355">
         <name>__aeabi_dmul</name>
         <value>0x40303cc8</value>
         <object_component_ref idref="oc-137"/>
      </symbol>
      <symbol id="sm-363">
         <name>__aeabi_d2iz</name>
         <value>0x40304c38</value>
         <object_component_ref idref="oc-146"/>
      </symbol>
      <symbol id="sm-37a">
         <name>putc</name>
         <value>0x40304020</value>
         <object_component_ref idref="oc-e7"/>
      </symbol>
      <symbol id="sm-37b">
         <name>fputc</name>
         <value>0x40304020</value>
         <object_component_ref idref="oc-e7"/>
      </symbol>
      <symbol id="sm-37c">
         <name>putchar</name>
         <value>0x4030410c</value>
         <object_component_ref idref="oc-e7"/>
      </symbol>
      <symbol id="sm-39c">
         <name>puts</name>
         <value>0x403033f0</value>
         <object_component_ref idref="oc-ed"/>
      </symbol>
      <symbol id="sm-39d">
         <name>fputs</name>
         <value>0x40303260</value>
         <object_component_ref idref="oc-ed"/>
      </symbol>
      <symbol id="sm-3aa">
         <name>frexp</name>
         <value>0x40304e8c</value>
         <object_component_ref idref="oc-15b"/>
      </symbol>
      <symbol id="sm-3b6">
         <name>__aeabi_i2d</name>
         <value>0x40304e18</value>
         <object_component_ref idref="oc-151"/>
      </symbol>
      <symbol id="sm-3c6">
         <name>ldexp</name>
         <value>0x40304b6c</value>
         <object_component_ref idref="oc-161"/>
      </symbol>
      <symbol id="sm-419">
         <name>open</name>
         <value>0x403022e0</value>
         <object_component_ref idref="oc-112"/>
      </symbol>
      <symbol id="sm-41a">
         <name>add_device</name>
         <value>0x403024cc</value>
         <object_component_ref idref="oc-112"/>
      </symbol>
      <symbol id="sm-41b">
         <name>remove_device</name>
         <value>0x40302250</value>
         <object_component_ref idref="oc-112"/>
      </symbol>
      <symbol id="sm-41c">
         <name>lseek</name>
         <value>0x403023f8</value>
         <object_component_ref idref="oc-112"/>
      </symbol>
      <symbol id="sm-41d">
         <name>read</name>
         <value>0x4030229c</value>
         <object_component_ref idref="oc-112"/>
      </symbol>
      <symbol id="sm-41e">
         <name>rename</name>
         <value>0x403021e4</value>
         <object_component_ref idref="oc-112"/>
      </symbol>
      <symbol id="sm-41f">
         <name>write</name>
         <value>0x403020ac</value>
         <object_component_ref idref="oc-112"/>
      </symbol>
      <symbol id="sm-420">
         <name>close</name>
         <value>0x4030243c</value>
         <object_component_ref idref="oc-112"/>
      </symbol>
      <symbol id="sm-421">
         <name>unlink</name>
         <value>0x403021a4</value>
         <object_component_ref idref="oc-112"/>
      </symbol>
      <symbol id="sm-42f">
         <name>ltoa</name>
         <value>0x40304a74</value>
         <object_component_ref idref="oc-14b"/>
      </symbol>
      <symbol id="sm-43e">
         <name>memccpy</name>
         <value>0x40304ebc</value>
         <object_component_ref idref="oc-173"/>
      </symbol>
      <symbol id="sm-44d">
         <name>memchr</name>
         <value>0x40304ee8</value>
         <object_component_ref idref="oc-120"/>
      </symbol>
      <symbol id="sm-45c">
         <name>strchr</name>
         <value>0x40304f14</value>
         <object_component_ref idref="oc-167"/>
      </symbol>
      <symbol id="sm-46a">
         <name>strcmp</name>
         <value>0x40304f3c</value>
         <object_component_ref idref="oc-1ae"/>
      </symbol>
      <symbol id="sm-478">
         <name>strlen</name>
         <value>0x40304fc8</value>
         <object_component_ref idref="oc-11a"/>
      </symbol>
      <symbol id="sm-487">
         <name>strncpy</name>
         <value>0x40304d8c</value>
         <object_component_ref idref="oc-1b4"/>
      </symbol>
      <symbol id="sm-4a8">
         <name>HOSTgetenv</name>
         <value>0x40302984</value>
         <object_component_ref idref="oc-228"/>
      </symbol>
      <symbol id="sm-4a9">
         <name>HOSTrename</name>
         <value>0x4030273c</value>
         <object_component_ref idref="oc-228"/>
      </symbol>
      <symbol id="sm-4aa">
         <name>HOSTclose</name>
         <value>0x403029ec</value>
         <object_component_ref idref="oc-228"/>
      </symbol>
      <symbol id="sm-4ab">
         <name>HOSTunlink</name>
         <value>0x40302678</value>
         <object_component_ref idref="oc-228"/>
      </symbol>
      <symbol id="sm-4ac">
         <name>HOSTlseek</name>
         <value>0x403028e4</value>
         <object_component_ref idref="oc-228"/>
      </symbol>
      <symbol id="sm-4ad">
         <name>HOSTopen</name>
         <value>0x40302858</value>
         <object_component_ref idref="oc-228"/>
      </symbol>
      <symbol id="sm-4ae">
         <name>HOSTclock</name>
         <value>0x40302a54</value>
         <object_component_ref idref="oc-228"/>
      </symbol>
      <symbol id="sm-4af">
         <name>HOSTwrite</name>
         <value>0x403025f4</value>
         <object_component_ref idref="oc-228"/>
      </symbol>
      <symbol id="sm-4b0">
         <name>HOSTread</name>
         <value>0x403027d4</value>
         <object_component_ref idref="oc-228"/>
      </symbol>
      <symbol id="sm-4b1">
         <name>HOSTtime</name>
         <value>0x403026dc</value>
         <object_component_ref idref="oc-228"/>
      </symbol>
      <symbol id="sm-4cb">
         <name>__TI_readmsg</name>
         <value>0x40304878</value>
         <object_component_ref idref="oc-279"/>
      </symbol>
      <symbol id="sm-4cc">
         <name>C$$IO$$</name>
         <value>0x40304870</value>
         <object_component_ref idref="oc-279"/>
      </symbol>
      <symbol id="sm-4cd">
         <name>__CIOBUF_</name>
         <value>0x40306360</value>
         <object_component_ref idref="oc-2b2"/>
      </symbol>
      <symbol id="sm-4ce">
         <name>__TI_writemsg</name>
         <value>0x40304828</value>
         <object_component_ref idref="oc-279"/>
      </symbol>
      <symbol id="sm-4e3">
         <name>__aeabi_uidivmod</name>
         <value>0x4030421c</value>
         <object_component_ref idref="oc-12d"/>
      </symbol>
      <symbol id="sm-4e4">
         <name>__aeabi_uidiv</name>
         <value>0x4030421c</value>
         <object_component_ref idref="oc-12d"/>
      </symbol>
      <symbol id="sm-50e">
         <name>__aeabi_uldivmod</name>
         <value>0x40302d94</value>
         <object_component_ref idref="oc-128"/>
      </symbol>
      <symbol id="sm-51c">
         <name>_Dclass</name>
         <value>0x40304e54</value>
         <object_component_ref idref="oc-16d"/>
      </symbol>
      <symbol id="sm-53a">
         <name>_Dscale</name>
         <value>0x40303428</value>
         <object_component_ref idref="oc-1e5"/>
      </symbol>
      <symbol id="sm-54e">
         <name>_Dunscale</name>
         <value>0x403044d0</value>
         <object_component_ref idref="oc-1dd"/>
      </symbol>
      <symbol id="sm-55c">
         <name>_Feraise</name>
         <value>0x40304dd4</value>
         <object_component_ref idref="oc-1eb"/>
      </symbol>
      <symbol id="sm-56c">
         <name>_Rteps</name>
         <value>0x40306300</value>
         <object_component_ref idref="oc-248"/>
      </symbol>
      <symbol id="sm-56d">
         <name>_Zero</name>
         <value>0x40306318</value>
         <object_component_ref idref="oc-248"/>
      </symbol>
      <symbol id="sm-56e">
         <name>_Hugeval</name>
         <value>0x403062c0</value>
         <object_component_ref idref="oc-248"/>
      </symbol>
      <symbol id="sm-56f">
         <name>_Snan</name>
         <value>0x403062f0</value>
         <object_component_ref idref="oc-248"/>
      </symbol>
      <symbol id="sm-570">
         <name>_Nan</name>
         <value>0x403062e0</value>
         <object_component_ref idref="oc-248"/>
      </symbol>
      <symbol id="sm-571">
         <name>_Inf</name>
         <value>0x403062d0</value>
         <object_component_ref idref="oc-248"/>
      </symbol>
      <symbol id="sm-572">
         <name>_Xbig</name>
         <value>0x40306310</value>
         <object_component_ref idref="oc-248"/>
      </symbol>
      <symbol id="sm-573">
         <name>_Eps</name>
         <value>0x403062b0</value>
         <object_component_ref idref="oc-248"/>
      </symbol>
      <symbol id="sm-574">
         <name>_Denorm</name>
         <value>0x403062a0</value>
         <object_component_ref idref="oc-248"/>
      </symbol>
      <symbol id="sm-590">
         <name>__TI_wrt_ok</name>
         <value>0x40303df0</value>
         <object_component_ref idref="oc-106"/>
      </symbol>
      <symbol id="sm-591">
         <name>__TI_rd_ok</name>
         <value>0x40303e90</value>
         <object_component_ref idref="oc-106"/>
      </symbol>
      <symbol id="sm-599">
         <name>_Errno</name>
         <value>0x40306354</value>
         <object_component_ref idref="oc-253"/>
      </symbol>
      <symbol id="sm-5b8">
         <name>feraiseexcept</name>
         <value>0x40304c94</value>
         <object_component_ref idref="oc-24d"/>
      </symbol>
      <symbol id="sm-5b9">
         <name>_Tls_setup__Fenv</name>
         <value>0x40306350</value>
         <object_component_ref idref="oc-2a1"/>
      </symbol>
      <symbol id="sm-5ba">
         <name>_Fenv</name>
         <value>0x4030634c</value>
         <object_component_ref idref="oc-2a1"/>
      </symbol>
      <symbol id="sm-5d4">
         <name>__TI_doflush</name>
         <value>0x40303b98</value>
         <object_component_ref idref="oc-10c"/>
      </symbol>
      <symbol id="sm-5d5">
         <name>fflush</name>
         <value>0x40303c1c</value>
         <object_component_ref idref="oc-10c"/>
      </symbol>
      <symbol id="sm-5e7">
         <name>fseek</name>
         <value>0x40304638</value>
         <object_component_ref idref="oc-19b"/>
      </symbol>
      <symbol id="sm-5fd">
         <name>__aeabi_idivmod</name>
         <value>0x40303f08</value>
         <object_component_ref idref="oc-1d4"/>
      </symbol>
      <symbol id="sm-5fe">
         <name>__aeabi_idiv</name>
         <value>0x40303f08</value>
         <object_component_ref idref="oc-1d4"/>
      </symbol>
      <symbol id="sm-611">
         <name>raise</name>
         <value>0x40304d40</value>
         <object_component_ref idref="oc-29b"/>
      </symbol>
      <symbol id="sm-62c">
         <name>setvbuf</name>
         <value>0x40303a40</value>
         <object_component_ref idref="oc-1a1"/>
      </symbol>
      <symbol id="sm-646">
         <name>signal</name>
         <value>0x40304bd4</value>
         <object_component_ref idref="oc-2bd"/>
      </symbol>
      <symbol id="sm-654">
         <name>strcpy</name>
         <value>0x40304fe4</value>
         <object_component_ref idref="oc-27f"/>
      </symbol>
      <symbol id="sm-669">
         <name>_Dnorm</name>
         <value>0x403038e0</value>
         <object_component_ref idref="oc-23e"/>
      </symbol>
      <symbol id="sm-69d">
         <name>__TI_cleanup</name>
         <value>0x40302c00</value>
         <object_component_ref idref="oc-211"/>
      </symbol>
      <symbol id="sm-69e">
         <name>freopen</name>
         <value>0x40302c4c</value>
         <object_component_ref idref="oc-211"/>
      </symbol>
      <symbol id="sm-69f">
         <name>fopen</name>
         <value>0x40302c98</value>
         <object_component_ref idref="oc-211"/>
      </symbol>
      <symbol id="sm-704">
         <name>_sys_memory</name>
         <value>0x40305830</value>
         <object_component_ref idref="oc-2e"/>
      </symbol>
      <symbol id="sm-705">
         <name>free</name>
         <value>0x40301c28</value>
         <object_component_ref idref="oc-20b"/>
      </symbol>
      <symbol id="sm-706">
         <name>realloc</name>
         <value>0x40301d80</value>
         <object_component_ref idref="oc-20b"/>
      </symbol>
      <symbol id="sm-707">
         <name>memalign</name>
         <value>0x40301f14</value>
         <object_component_ref idref="oc-20b"/>
      </symbol>
      <symbol id="sm-708">
         <name>calloc</name>
         <value>0x40302054</value>
         <object_component_ref idref="oc-20b"/>
      </symbol>
      <symbol id="sm-709">
         <name>malloc</name>
         <value>0x40301b6c</value>
         <object_component_ref idref="oc-20b"/>
      </symbol>
      <symbol id="sm-70a">
         <name>minit</name>
         <value>0x40301a70</value>
         <object_component_ref idref="oc-20b"/>
      </symbol>
      <symbol id="sm-720">
         <name>__TI_closefile</name>
         <value>0x40304120</value>
         <object_component_ref idref="oc-26a"/>
      </symbol>
      <symbol id="sm-721">
         <name>fclose</name>
         <value>0x403041cc</value>
         <object_component_ref idref="oc-26a"/>
      </symbol>
      <symbol id="sm-723">
         <name>__TI_static_base__</name>
         <value>0x40306630</value>
      </symbol>
      <symbol id="sm-726">
         <name>SHT$$INIT_ARRAY$$Limit</name>
         <value>0x0</value>
      </symbol>
      <symbol id="sm-727">
         <name>SHT$$INIT_ARRAY$$Base</name>
         <value>0x0</value>
      </symbol>
      <symbol id="sm-728">
         <name>remove</name>
         <value>0x403021a4</value>
      </symbol>
   </symbol_table>
   <title>Link successful</title>
</link_info>
