<?xml version="1.0"?>
<link_info>
   <banner>TI ARM Linker PC v5.2.2</banner>
   <copyright>Copyright (c) 1996-2015 Texas Instruments Incorporated</copyright>
   <link_time>0x55009427</link_time>
   <link_errors>0x0</link_errors>
   <output_file>Timer.out</output_file>
   <entry_point>
      <name>_c_int00</name>
      <address>0x4030571c</address>
   </entry_point>
   <input_file_list>
      <input_file id="fl-2">
         <path>.\</path>
         <kind>object</kind>
         <file>ascii.obj</file>
         <name>ascii.obj</name>
      </input_file>
      <input_file id="fl-3">
         <path>.\</path>
         <kind>object</kind>
         <file>consoleUtils.obj</file>
         <name>consoleUtils.obj</name>
      </input_file>
      <input_file id="fl-4">
         <path>.\</path>
         <kind>object</kind>
         <file>cpu.obj</file>
         <name>cpu.obj</name>
      </input_file>
      <input_file id="fl-5">
         <path>.\</path>
         <kind>object</kind>
         <file>dmtimer.obj</file>
         <name>dmtimer.obj</name>
      </input_file>
      <input_file id="fl-6">
         <path>.\</path>
         <kind>object</kind>
         <file>interrupt.obj</file>
         <name>interrupt.obj</name>
      </input_file>
      <input_file id="fl-7">
         <path>.\</path>
         <kind>object</kind>
         <file>main.obj</file>
         <name>main.obj</name>
      </input_file>
      <input_file id="fl-8">
         <path>.\</path>
         <kind>object</kind>
         <file>uart.obj</file>
         <name>uart.obj</name>
      </input_file>
      <input_file id="fl-9">
         <path>.\</path>
         <kind>object</kind>
         <file>uartConsole.obj</file>
         <name>uartConsole.obj</name>
      </input_file>
      <input_file id="fl-a">
         <path>.\</path>
         <kind>object</kind>
         <file>uartStdio.obj</file>
         <name>uartStdio.obj</name>
      </input_file>
      <input_file id="fl-b">
         <path>.\</path>
         <kind>object</kind>
         <file>uart_irda_cir.obj</file>
         <name>uart_irda_cir.obj</name>
      </input_file>
      <input_file id="fl-131">
         <path>C:\ti\ccsv6\tools\compiler\ti-cgt-arm_5.2.2\lib\</path>
         <kind>archive</kind>
         <file>rtsv7A8_A_le_eabi.lib</file>
         <name>boot.obj</name>
      </input_file>
      <input_file id="fl-132">
         <path>C:\ti\ccsv6\tools\compiler\ti-cgt-arm_5.2.2\lib\</path>
         <kind>archive</kind>
         <file>rtsv7A8_A_le_eabi.lib</file>
         <name>copy_decompress_none.obj</name>
      </input_file>
      <input_file id="fl-133">
         <path>C:\ti\ccsv6\tools\compiler\ti-cgt-arm_5.2.2\lib\</path>
         <kind>archive</kind>
         <file>rtsv7A8_A_le_eabi.lib</file>
         <name>copy_decompress_rle.obj</name>
      </input_file>
      <input_file id="fl-134">
         <path>C:\ti\ccsv6\tools\compiler\ti-cgt-arm_5.2.2\lib\</path>
         <kind>archive</kind>
         <file>rtsv7A8_A_le_eabi.lib</file>
         <name>copy_zero_init.obj</name>
      </input_file>
      <input_file id="fl-135">
         <path>C:\ti\ccsv6\tools\compiler\ti-cgt-arm_5.2.2\lib\</path>
         <kind>archive</kind>
         <file>rtsv7A8_A_le_eabi.lib</file>
         <name>exit.obj</name>
      </input_file>
      <input_file id="fl-136">
         <path>C:\ti\ccsv6\tools\compiler\ti-cgt-arm_5.2.2\lib\</path>
         <kind>archive</kind>
         <file>rtsv7A8_A_le_eabi.lib</file>
         <name>memcpy32.obj</name>
      </input_file>
      <input_file id="fl-137">
         <path>C:\ti\ccsv6\tools\compiler\ti-cgt-arm_5.2.2\lib\</path>
         <kind>archive</kind>
         <file>rtsv7A8_A_le_eabi.lib</file>
         <name>memset32.obj</name>
      </input_file>
      <input_file id="fl-138">
         <path>C:\ti\ccsv6\tools\compiler\ti-cgt-arm_5.2.2\lib\</path>
         <kind>archive</kind>
         <file>rtsv7A8_A_le_eabi.lib</file>
         <name>pre_init.obj</name>
      </input_file>
      <input_file id="fl-139">
         <path>C:\ti\ccsv6\tools\compiler\ti-cgt-arm_5.2.2\lib\</path>
         <kind>archive</kind>
         <file>rtsv7A8_A_le_eabi.lib</file>
         <name>stkdepth_vars.obj</name>
      </input_file>
      <input_file id="fl-13a">
         <path>C:\ti\ccsv6\tools\compiler\ti-cgt-arm_5.2.2\lib\</path>
         <kind>archive</kind>
         <file>rtsv7A8_A_le_eabi.lib</file>
         <name>u_div32.obj</name>
      </input_file>
      <input_file id="fl-13b">
         <path>C:\ti\ccsv6\tools\compiler\ti-cgt-arm_5.2.2\lib\</path>
         <kind>archive</kind>
         <file>rtsv7A8_A_le_eabi.lib</file>
         <name>_lock.obj</name>
      </input_file>
      <input_file id="fl-13c">
         <path>C:\ti\ccsv6\tools\compiler\ti-cgt-arm_5.2.2\lib\</path>
         <kind>archive</kind>
         <file>rtsv7A8_A_le_eabi.lib</file>
         <name>args_main.obj</name>
      </input_file>
      <input_file id="fl-13d">
         <path>C:\ti\ccsv6\tools\compiler\ti-cgt-arm_5.2.2\lib\</path>
         <kind>archive</kind>
         <file>rtsv7A8_A_le_eabi.lib</file>
         <name>autoinit.obj</name>
      </input_file>
      <input_file id="fl-13e">
         <path>C:\ti\ccsv6\tools\compiler\ti-cgt-arm_5.2.2\lib\</path>
         <kind>archive</kind>
         <file>rtsv7A8_A_le_eabi.lib</file>
         <name>cpy_tbl.obj</name>
      </input_file>
   </input_file_list>
   <object_component_list>
      <object_component id="oc-136">
         <name>.text</name>
         <load_address>0x40300000</load_address>
         <run_address>0x40300000</run_address>
         <size>0x1d10</size>
         <input_file_ref idref="fl-b"/>
      </object_component>
      <object_component id="oc-e3">
         <name>.text</name>
         <load_address>0x40301d10</load_address>
         <run_address>0x40301d10</run_address>
         <size>0x19f8</size>
         <input_file_ref idref="fl-a"/>
      </object_component>
      <object_component id="oc-bd">
         <name>.text</name>
         <load_address>0x40303708</load_address>
         <run_address>0x40303708</run_address>
         <size>0x69c</size>
         <input_file_ref idref="fl-5"/>
      </object_component>
      <object_component id="oc-116">
         <name>.text</name>
         <load_address>0x40303da4</load_address>
         <run_address>0x40303da4</run_address>
         <size>0x638</size>
         <input_file_ref idref="fl-2"/>
      </object_component>
      <object_component id="oc-b7">
         <name>.text</name>
         <load_address>0x403043dc</load_address>
         <run_address>0x403043dc</run_address>
         <size>0x3e4</size>
         <input_file_ref idref="fl-6"/>
      </object_component>
      <object_component id="oc-90">
         <name>.text</name>
         <load_address>0x403047c0</load_address>
         <run_address>0x403047c0</run_address>
         <size>0x35c</size>
         <input_file_ref idref="fl-7"/>
      </object_component>
      <object_component id="oc-b1">
         <name>.text</name>
         <load_address>0x40304b1c</load_address>
         <run_address>0x40304b1c</run_address>
         <size>0x280</size>
         <input_file_ref idref="fl-3"/>
      </object_component>
      <object_component id="oc-13c">
         <name>.text</name>
         <load_address>0x40304d9c</load_address>
         <run_address>0x40304d9c</run_address>
         <size>0x270</size>
         <input_file_ref idref="fl-8"/>
      </object_component>
      <object_component id="oc-2e">
         <name>.text</name>
         <load_address>0x4030500c</load_address>
         <run_address>0x4030500c</run_address>
         <size>0x180</size>
         <input_file_ref idref="fl-136"/>
      </object_component>
      <object_component id="oc-10b">
         <name>.text</name>
         <load_address>0x4030518c</load_address>
         <run_address>0x4030518c</run_address>
         <size>0x14c</size>
         <input_file_ref idref="fl-9"/>
      </object_component>
      <object_component id="oc-111">
         <name>.text</name>
         <load_address>0x403052d8</load_address>
         <run_address>0x403052d8</run_address>
         <size>0xf4</size>
         <input_file_ref idref="fl-13a"/>
      </object_component>
      <object_component id="oc-47">
         <name>.text</name>
         <load_address>0x403053cc</load_address>
         <run_address>0x403053cc</run_address>
         <size>0xb0</size>
         <input_file_ref idref="fl-137"/>
      </object_component>
      <object_component id="oc-59">
         <name>.text</name>
         <load_address>0x4030547c</load_address>
         <run_address>0x4030547c</run_address>
         <size>0xa4</size>
         <input_file_ref idref="fl-13d"/>
      </object_component>
      <object_component id="oc-3a">
         <name>.text</name>
         <load_address>0x40305520</load_address>
         <run_address>0x40305520</run_address>
         <size>0xa0</size>
         <input_file_ref idref="fl-133"/>
      </object_component>
      <object_component id="oc-88">
         <name>.text</name>
         <load_address>0x403055c0</load_address>
         <run_address>0x403055c0</run_address>
         <size>0x84</size>
         <input_file_ref idref="fl-13e"/>
      </object_component>
      <object_component id="oc-65">
         <name>.text</name>
         <load_address>0x40305644</load_address>
         <run_address>0x40305644</run_address>
         <size>0x78</size>
         <input_file_ref idref="fl-135"/>
      </object_component>
      <object_component id="oc-f7">
         <name>.text</name>
         <load_address>0x403056bc</load_address>
         <run_address>0x403056bc</run_address>
         <size>0x60</size>
         <input_file_ref idref="fl-4"/>
      </object_component>
      <object_component id="oc-28">
         <name>.text</name>
         <load_address>0x4030571c</load_address>
         <run_address>0x4030571c</run_address>
         <size>0x54</size>
         <input_file_ref idref="fl-131"/>
      </object_component>
      <object_component id="oc-ce">
         <name>.text</name>
         <load_address>0x40305770</load_address>
         <run_address>0x40305770</run_address>
         <size>0x24</size>
         <input_file_ref idref="fl-13b"/>
      </object_component>
      <object_component id="oc-5f">
         <name>.text</name>
         <load_address>0x40305794</load_address>
         <run_address>0x40305794</run_address>
         <size>0x20</size>
         <input_file_ref idref="fl-13c"/>
      </object_component>
      <object_component id="oc-16">
         <name>.text:decompress:none</name>
         <load_address>0x403057b4</load_address>
         <run_address>0x403057b4</run_address>
         <size>0x14</size>
         <input_file_ref idref="fl-132"/>
      </object_component>
      <object_component id="oc-22">
         <name>.text:decompress:ZI</name>
         <load_address>0x403057c8</load_address>
         <run_address>0x403057c8</run_address>
         <size>0x10</size>
         <input_file_ref idref="fl-134"/>
      </object_component>
      <object_component id="oc-fd">
         <name>.text:CPUIntStatus</name>
         <load_address>0x403057d8</load_address>
         <run_address>0x403057d8</run_address>
         <size>0xc</size>
         <input_file_ref idref="fl-4"/>
      </object_component>
      <object_component id="oc-1c">
         <name>.text:decompress:rle24</name>
         <load_address>0x403057e4</load_address>
         <run_address>0x403057e4</run_address>
         <size>0x8</size>
         <input_file_ref idref="fl-133"/>
      </object_component>
      <object_component id="oc-53">
         <name>.text</name>
         <load_address>0x403057ec</load_address>
         <run_address>0x403057ec</run_address>
         <size>0x8</size>
         <input_file_ref idref="fl-138"/>
      </object_component>
      <object_component id="oc-2d">
         <name>.stack</name>
         <uninitialized>true</uninitialized>
         <run_address>0x403057f4</run_address>
         <size>0x0</size>
         <input_file_ref idref="fl-131"/>
      </object_component>
      <object_component id="oc-17f">
         <name>.stack</name>
         <uninitialized>true</uninitialized>
         <run_address>0x403057f4</run_address>
         <size>0x0</size>
      </object_component>
      <object_component id="oc-146">
         <name>.const:.string</name>
         <load_address>0x40306214</load_address>
         <run_address>0x40306214</run_address>
         <size>0x14</size>
         <input_file_ref idref="fl-a"/>
      </object_component>
      <object_component id="oc-11c">
         <name>.const</name>
         <load_address>0x40306228</load_address>
         <run_address>0x40306228</run_address>
         <size>0x4</size>
         <input_file_ref idref="fl-a"/>
      </object_component>
      <object_component id="oc-17e">
         <name>.cinit..data.load</name>
         <load_address>0x40306230</load_address>
         <run_address>0x40306230</run_address>
         <size>0x15</size>
      </object_component>
      <object_component id="oc-17b">
         <name>__TI_handler_table</name>
         <load_address>0x40306248</load_address>
         <run_address>0x40306248</run_address>
         <size>0xc</size>
      </object_component>
      <object_component id="oc-17d">
         <name>.cinit..bss.load</name>
         <load_address>0x40306258</load_address>
         <run_address>0x40306258</run_address>
         <size>0x8</size>
      </object_component>
      <object_component id="oc-17c">
         <name>__TI_cinit_table</name>
         <load_address>0x40306260</load_address>
         <run_address>0x40306260</run_address>
         <size>0x10</size>
      </object_component>
      <object_component id="oc-fe">
         <name>.bss:fnRAMVectors</name>
         <uninitialized>true</uninitialized>
         <run_address>0x40305ff4</run_address>
         <size>0x200</size>
         <input_file_ref idref="fl-6"/>
      </object_component>
      <object_component id="oc-e9">
         <name>.common:ConsoleType</name>
         <uninitialized>true</uninitialized>
         <run_address>0x403061f4</run_address>
         <size>0x1</size>
      </object_component>
      <object_component id="oc-c3">
         <name>.data</name>
         <load_address>0x403061f8</load_address>
         <run_address>0x403061f8</run_address>
         <size>0x8</size>
         <input_file_ref idref="fl-7"/>
      </object_component>
      <object_component id="oc-9b">
         <name>.data</name>
         <load_address>0x40306208</load_address>
         <run_address>0x40306208</run_address>
         <size>0x8</size>
         <input_file_ref idref="fl-135"/>
      </object_component>
      <object_component id="oc-6b">
         <name>.data</name>
         <load_address>0x40306210</load_address>
         <run_address>0x40306210</run_address>
         <size>0x4</size>
         <input_file_ref idref="fl-139"/>
      </object_component>
      <object_component id="oc-98">
         <name>.data</name>
         <load_address>0x40306200</load_address>
         <run_address>0x40306200</run_address>
         <size>0x8</size>
         <input_file_ref idref="fl-13b"/>
      </object_component>
      <object_component id="oc-145">
         <name>.debug_info</name>
         <load_address>0x0</load_address>
         <run_address>0x0</run_address>
         <size>0xad</size>
         <input_file_ref idref="fl-2"/>
      </object_component>
      <object_component id="oc-117">
         <name>.debug_info</name>
         <load_address>0xad</load_address>
         <run_address>0xad</run_address>
         <size>0x69c</size>
         <input_file_ref idref="fl-2"/>
      </object_component>
      <object_component id="oc-77">
         <name>.debug_info</name>
         <load_address>0x749</load_address>
         <run_address>0x749</run_address>
         <size>0x84</size>
         <input_file_ref idref="fl-2"/>
      </object_component>
      <object_component id="oc-ea">
         <name>.debug_info</name>
         <load_address>0x7cd</load_address>
         <run_address>0x7cd</run_address>
         <size>0x1f9</size>
         <input_file_ref idref="fl-3"/>
      </object_component>
      <object_component id="oc-b3">
         <name>.debug_info</name>
         <load_address>0x9c6</load_address>
         <run_address>0x9c6</run_address>
         <size>0x68a</size>
         <input_file_ref idref="fl-3"/>
      </object_component>
      <object_component id="oc-f2">
         <name>.debug_info</name>
         <load_address>0x1050</load_address>
         <run_address>0x1050</run_address>
         <size>0x4e</size>
         <input_file_ref idref="fl-3"/>
      </object_component>
      <object_component id="oc-ed">
         <name>.debug_info</name>
         <load_address>0x109e</load_address>
         <run_address>0x109e</run_address>
         <size>0x48</size>
         <input_file_ref idref="fl-3"/>
      </object_component>
      <object_component id="oc-fa">
         <name>.debug_info</name>
         <load_address>0x10e6</load_address>
         <run_address>0x10e6</run_address>
         <size>0x2ac</size>
         <input_file_ref idref="fl-4"/>
      </object_component>
      <object_component id="oc-104">
         <name>.debug_info</name>
         <load_address>0x1392</load_address>
         <run_address>0x1392</run_address>
         <size>0xaf</size>
         <input_file_ref idref="fl-5"/>
      </object_component>
      <object_component id="oc-c0">
         <name>.debug_info</name>
         <load_address>0x1441</load_address>
         <run_address>0x1441</run_address>
         <size>0x14ad</size>
         <input_file_ref idref="fl-5"/>
      </object_component>
      <object_component id="oc-12a">
         <name>.debug_info</name>
         <load_address>0x28ee</load_address>
         <run_address>0x28ee</run_address>
         <size>0x9e</size>
         <input_file_ref idref="fl-5"/>
      </object_component>
      <object_component id="oc-102">
         <name>.debug_info</name>
         <load_address>0x298c</load_address>
         <run_address>0x298c</run_address>
         <size>0x13e</size>
         <input_file_ref idref="fl-6"/>
      </object_component>
      <object_component id="oc-ff">
         <name>.debug_info</name>
         <load_address>0x2aca</load_address>
         <run_address>0x2aca</run_address>
         <size>0xce</size>
         <input_file_ref idref="fl-6"/>
      </object_component>
      <object_component id="oc-b8">
         <name>.debug_info</name>
         <load_address>0x2b98</load_address>
         <run_address>0x2b98</run_address>
         <size>0x1031</size>
         <input_file_ref idref="fl-6"/>
      </object_component>
      <object_component id="oc-107">
         <name>.debug_info</name>
         <load_address>0x3bc9</load_address>
         <run_address>0x3bc9</run_address>
         <size>0x405</size>
         <input_file_ref idref="fl-7"/>
      </object_component>
      <object_component id="oc-c4">
         <name>.debug_info</name>
         <load_address>0x3fce</load_address>
         <run_address>0x3fce</run_address>
         <size>0xde</size>
         <input_file_ref idref="fl-7"/>
      </object_component>
      <object_component id="oc-91">
         <name>.debug_info</name>
         <load_address>0x40ac</load_address>
         <run_address>0x40ac</run_address>
         <size>0x44f</size>
         <input_file_ref idref="fl-7"/>
      </object_component>
      <object_component id="oc-131">
         <name>.debug_info</name>
         <load_address>0x44fb</load_address>
         <run_address>0x44fb</run_address>
         <size>0xba</size>
         <input_file_ref idref="fl-7"/>
      </object_component>
      <object_component id="oc-13d">
         <name>.debug_info</name>
         <load_address>0x45b5</load_address>
         <run_address>0x45b5</run_address>
         <size>0x194</size>
         <input_file_ref idref="fl-8"/>
      </object_component>
      <object_component id="oc-10c">
         <name>.debug_info</name>
         <load_address>0x4749</load_address>
         <run_address>0x4749</run_address>
         <size>0x643</size>
         <input_file_ref idref="fl-9"/>
      </object_component>
      <object_component id="oc-120">
         <name>.debug_info</name>
         <load_address>0x4d8c</load_address>
         <run_address>0x4d8c</run_address>
         <size>0x1d3</size>
         <input_file_ref idref="fl-a"/>
      </object_component>
      <object_component id="oc-11d">
         <name>.debug_info</name>
         <load_address>0x4f5f</load_address>
         <run_address>0x4f5f</run_address>
         <size>0xc3</size>
         <input_file_ref idref="fl-a"/>
      </object_component>
      <object_component id="oc-e7">
         <name>.debug_info</name>
         <load_address>0x5022</load_address>
         <run_address>0x5022</run_address>
         <size>0x1284</size>
         <input_file_ref idref="fl-a"/>
      </object_component>
      <object_component id="oc-14c">
         <name>.debug_info</name>
         <load_address>0x62a6</load_address>
         <run_address>0x62a6</run_address>
         <size>0xba</size>
         <input_file_ref idref="fl-b"/>
      </object_component>
      <object_component id="oc-139">
         <name>.debug_info</name>
         <load_address>0x6360</load_address>
         <run_address>0x6360</run_address>
         <size>0x4b04</size>
         <input_file_ref idref="fl-b"/>
      </object_component>
      <object_component id="oc-2b">
         <name>.debug_info</name>
         <load_address>0xae64</load_address>
         <run_address>0xae64</run_address>
         <size>0x11e</size>
         <input_file_ref idref="fl-131"/>
      </object_component>
      <object_component id="oc-39">
         <name>.debug_info</name>
         <load_address>0xaf82</load_address>
         <run_address>0xaf82</run_address>
         <size>0x109</size>
         <input_file_ref idref="fl-132"/>
      </object_component>
      <object_component id="oc-17">
         <name>.debug_info</name>
         <load_address>0xb08b</load_address>
         <run_address>0xb08b</run_address>
         <size>0x1a8</size>
         <input_file_ref idref="fl-132"/>
      </object_component>
      <object_component id="oc-34">
         <name>.debug_info</name>
         <load_address>0xb233</load_address>
         <run_address>0xb233</run_address>
         <size>0x46</size>
         <input_file_ref idref="fl-132"/>
      </object_component>
      <object_component id="oc-70">
         <name>.debug_info</name>
         <load_address>0xb279</load_address>
         <run_address>0xb279</run_address>
         <size>0x2c</size>
         <input_file_ref idref="fl-132"/>
      </object_component>
      <object_component id="oc-41">
         <name>.debug_info</name>
         <load_address>0xb2a5</load_address>
         <run_address>0xb2a5</run_address>
         <size>0xfd</size>
         <input_file_ref idref="fl-133"/>
      </object_component>
      <object_component id="oc-3c">
         <name>.debug_info</name>
         <load_address>0xb3a2</load_address>
         <run_address>0xb3a2</run_address>
         <size>0x210</size>
         <input_file_ref idref="fl-133"/>
      </object_component>
      <object_component id="oc-1e">
         <name>.debug_info</name>
         <load_address>0xb5b2</load_address>
         <run_address>0xb5b2</run_address>
         <size>0x1a2</size>
         <input_file_ref idref="fl-133"/>
      </object_component>
      <object_component id="oc-42">
         <name>.debug_info</name>
         <load_address>0xb754</load_address>
         <run_address>0xb754</run_address>
         <size>0x39</size>
         <input_file_ref idref="fl-133"/>
      </object_component>
      <object_component id="oc-7f">
         <name>.debug_info</name>
         <load_address>0xb78d</load_address>
         <run_address>0xb78d</run_address>
         <size>0x2c</size>
         <input_file_ref idref="fl-133"/>
      </object_component>
      <object_component id="oc-52">
         <name>.debug_info</name>
         <load_address>0xb7b9</load_address>
         <run_address>0xb7b9</run_address>
         <size>0xf8</size>
         <input_file_ref idref="fl-134"/>
      </object_component>
      <object_component id="oc-24">
         <name>.debug_info</name>
         <load_address>0xb8b1</load_address>
         <run_address>0xb8b1</run_address>
         <size>0x173</size>
         <input_file_ref idref="fl-134"/>
      </object_component>
      <object_component id="oc-4d">
         <name>.debug_info</name>
         <load_address>0xba24</load_address>
         <run_address>0xba24</run_address>
         <size>0x46</size>
         <input_file_ref idref="fl-134"/>
      </object_component>
      <object_component id="oc-9f">
         <name>.debug_info</name>
         <load_address>0xba6a</load_address>
         <run_address>0xba6a</run_address>
         <size>0x15a</size>
         <input_file_ref idref="fl-135"/>
      </object_component>
      <object_component id="oc-9c">
         <name>.debug_info</name>
         <load_address>0xbbc4</load_address>
         <run_address>0xbbc4</run_address>
         <size>0xff</size>
         <input_file_ref idref="fl-135"/>
      </object_component>
      <object_component id="oc-66">
         <name>.debug_info</name>
         <load_address>0xbcc3</load_address>
         <run_address>0xbcc3</run_address>
         <size>0x1d6</size>
         <input_file_ref idref="fl-135"/>
      </object_component>
      <object_component id="oc-31">
         <name>.debug_info</name>
         <load_address>0xbe99</load_address>
         <run_address>0xbe99</run_address>
         <size>0x14b</size>
         <input_file_ref idref="fl-136"/>
      </object_component>
      <object_component id="oc-4a">
         <name>.debug_info</name>
         <load_address>0xbfe4</load_address>
         <run_address>0xbfe4</run_address>
         <size>0x115</size>
         <input_file_ref idref="fl-137"/>
      </object_component>
      <object_component id="oc-55">
         <name>.debug_info</name>
         <load_address>0xc0f9</load_address>
         <run_address>0xc0f9</run_address>
         <size>0x111</size>
         <input_file_ref idref="fl-138"/>
      </object_component>
      <object_component id="oc-6c">
         <name>.debug_info</name>
         <load_address>0xc20a</load_address>
         <run_address>0xc20a</run_address>
         <size>0xd2</size>
         <input_file_ref idref="fl-139"/>
      </object_component>
      <object_component id="oc-113">
         <name>.debug_info</name>
         <load_address>0xc2dc</load_address>
         <run_address>0xc2dc</run_address>
         <size>0x151</size>
         <input_file_ref idref="fl-13a"/>
      </object_component>
      <object_component id="oc-d6">
         <name>.debug_info</name>
         <load_address>0xc42d</load_address>
         <run_address>0xc42d</run_address>
         <size>0xed</size>
         <input_file_ref idref="fl-13b"/>
      </object_component>
      <object_component id="oc-99">
         <name>.debug_info</name>
         <load_address>0xc51a</load_address>
         <run_address>0xc51a</run_address>
         <size>0xdc</size>
         <input_file_ref idref="fl-13b"/>
      </object_component>
      <object_component id="oc-cf">
         <name>.debug_info</name>
         <load_address>0xc5f6</load_address>
         <run_address>0xc5f6</run_address>
         <size>0x1e8</size>
         <input_file_ref idref="fl-13b"/>
      </object_component>
      <object_component id="oc-97">
         <name>.debug_info</name>
         <load_address>0xc7de</load_address>
         <run_address>0xc7de</run_address>
         <size>0x12f</size>
         <input_file_ref idref="fl-13c"/>
      </object_component>
      <object_component id="oc-62">
         <name>.debug_info</name>
         <load_address>0xc90d</load_address>
         <run_address>0xc90d</run_address>
         <size>0x130</size>
         <input_file_ref idref="fl-13c"/>
      </object_component>
      <object_component id="oc-c9">
         <name>.debug_info</name>
         <load_address>0xca3d</load_address>
         <run_address>0xca3d</run_address>
         <size>0x5e</size>
         <input_file_ref idref="fl-13c"/>
      </object_component>
      <object_component id="oc-8f">
         <name>.debug_info</name>
         <load_address>0xca9b</load_address>
         <run_address>0xca9b</run_address>
         <size>0x286</size>
         <input_file_ref idref="fl-13d"/>
      </object_component>
      <object_component id="oc-5a">
         <name>.debug_info</name>
         <load_address>0xcd21</load_address>
         <run_address>0xcd21</run_address>
         <size>0x140</size>
         <input_file_ref idref="fl-13d"/>
      </object_component>
      <object_component id="oc-a7">
         <name>.debug_info</name>
         <load_address>0xce61</load_address>
         <run_address>0xce61</run_address>
         <size>0x39</size>
         <input_file_ref idref="fl-13d"/>
      </object_component>
      <object_component id="oc-ac">
         <name>.debug_info</name>
         <load_address>0xce9a</load_address>
         <run_address>0xce9a</run_address>
         <size>0xcd</size>
         <input_file_ref idref="fl-13d"/>
      </object_component>
      <object_component id="oc-a4">
         <name>.debug_info</name>
         <load_address>0xcf67</load_address>
         <run_address>0xcf67</run_address>
         <size>0x1a9</size>
         <input_file_ref idref="fl-13e"/>
      </object_component>
      <object_component id="oc-89">
         <name>.debug_info</name>
         <load_address>0xd110</load_address>
         <run_address>0xd110</run_address>
         <size>0x165</size>
         <input_file_ref idref="fl-13e"/>
      </object_component>
      <object_component id="oc-de">
         <name>.debug_info</name>
         <load_address>0xd275</load_address>
         <run_address>0xd275</run_address>
         <size>0x2c</size>
         <input_file_ref idref="fl-13e"/>
      </object_component>
      <object_component id="oc-180">
         <name>.debug_info</name>
         <load_address>0xd2a1</load_address>
         <run_address>0xd2a1</run_address>
         <size>0x97</size>
      </object_component>
      <object_component id="oc-14f">
         <name>.debug_line</name>
         <load_address>0x0</load_address>
         <run_address>0x0</run_address>
         <size>0x20</size>
         <input_file_ref idref="fl-2"/>
      </object_component>
      <object_component id="oc-11a">
         <name>.debug_line</name>
         <load_address>0x20</load_address>
         <run_address>0x20</run_address>
         <size>0x1bc</size>
         <input_file_ref idref="fl-2"/>
      </object_component>
      <object_component id="oc-7a">
         <name>.debug_line</name>
         <load_address>0x1dc</load_address>
         <run_address>0x1dc</run_address>
         <size>0x20</size>
         <input_file_ref idref="fl-2"/>
      </object_component>
      <object_component id="oc-122">
         <name>.debug_line</name>
         <load_address>0x1fc</load_address>
         <run_address>0x1fc</run_address>
         <size>0x47</size>
         <input_file_ref idref="fl-3"/>
      </object_component>
      <object_component id="oc-b2">
         <name>.debug_line</name>
         <load_address>0x243</load_address>
         <run_address>0x243</run_address>
         <size>0x16b</size>
         <input_file_ref idref="fl-3"/>
      </object_component>
      <object_component id="oc-f5">
         <name>.debug_line</name>
         <load_address>0x3ae</load_address>
         <run_address>0x3ae</run_address>
         <size>0x60</size>
         <input_file_ref idref="fl-3"/>
      </object_component>
      <object_component id="oc-f0">
         <name>.debug_line</name>
         <load_address>0x40e</load_address>
         <run_address>0x40e</run_address>
         <size>0x35</size>
         <input_file_ref idref="fl-3"/>
      </object_component>
      <object_component id="oc-f9">
         <name>.debug_line</name>
         <load_address>0x443</load_address>
         <run_address>0x443</run_address>
         <size>0xe0</size>
         <input_file_ref idref="fl-4"/>
      </object_component>
      <object_component id="oc-129">
         <name>.debug_line</name>
         <load_address>0x523</load_address>
         <run_address>0x523</run_address>
         <size>0x20</size>
         <input_file_ref idref="fl-5"/>
      </object_component>
      <object_component id="oc-be">
         <name>.debug_line</name>
         <load_address>0x543</load_address>
         <run_address>0x543</run_address>
         <size>0x30f</size>
         <input_file_ref idref="fl-5"/>
      </object_component>
      <object_component id="oc-12d">
         <name>.debug_line</name>
         <load_address>0x852</load_address>
         <run_address>0x852</run_address>
         <size>0x30</size>
         <input_file_ref idref="fl-5"/>
      </object_component>
      <object_component id="oc-127">
         <name>.debug_line</name>
         <load_address>0x882</load_address>
         <run_address>0x882</run_address>
         <size>0x2c</size>
         <input_file_ref idref="fl-6"/>
      </object_component>
      <object_component id="oc-125">
         <name>.debug_line</name>
         <load_address>0x8ae</load_address>
         <run_address>0x8ae</run_address>
         <size>0x32</size>
         <input_file_ref idref="fl-6"/>
      </object_component>
      <object_component id="oc-bb">
         <name>.debug_line</name>
         <load_address>0x8e0</load_address>
         <run_address>0x8e0</run_address>
         <size>0x38c</size>
         <input_file_ref idref="fl-6"/>
      </object_component>
      <object_component id="oc-130">
         <name>.debug_line</name>
         <load_address>0xc6c</load_address>
         <run_address>0xc6c</run_address>
         <size>0x57</size>
         <input_file_ref idref="fl-7"/>
      </object_component>
      <object_component id="oc-106">
         <name>.debug_line</name>
         <load_address>0xcc3</load_address>
         <run_address>0xcc3</run_address>
         <size>0x2d</size>
         <input_file_ref idref="fl-7"/>
      </object_component>
      <object_component id="oc-94">
         <name>.debug_line</name>
         <load_address>0xcf0</load_address>
         <run_address>0xcf0</run_address>
         <size>0x130</size>
         <input_file_ref idref="fl-7"/>
      </object_component>
      <object_component id="oc-134">
         <name>.debug_line</name>
         <load_address>0xe20</load_address>
         <run_address>0xe20</run_address>
         <size>0x33</size>
         <input_file_ref idref="fl-7"/>
      </object_component>
      <object_component id="oc-140">
         <name>.debug_line</name>
         <load_address>0xe53</load_address>
         <run_address>0xe53</run_address>
         <size>0xe7</size>
         <input_file_ref idref="fl-8"/>
      </object_component>
      <object_component id="oc-110">
         <name>.debug_line</name>
         <load_address>0xf3a</load_address>
         <run_address>0xf3a</run_address>
         <size>0xe4</size>
         <input_file_ref idref="fl-9"/>
      </object_component>
      <object_component id="oc-14a">
         <name>.debug_line</name>
         <load_address>0x101e</load_address>
         <run_address>0x101e</run_address>
         <size>0x40</size>
         <input_file_ref idref="fl-a"/>
      </object_component>
      <object_component id="oc-148">
         <name>.debug_line</name>
         <load_address>0x105e</load_address>
         <run_address>0x105e</run_address>
         <size>0x32</size>
         <input_file_ref idref="fl-a"/>
      </object_component>
      <object_component id="oc-e5">
         <name>.debug_line</name>
         <load_address>0x1090</load_address>
         <run_address>0x1090</run_address>
         <size>0x664</size>
         <input_file_ref idref="fl-a"/>
      </object_component>
      <object_component id="oc-151">
         <name>.debug_line</name>
         <load_address>0x16f4</load_address>
         <run_address>0x16f4</run_address>
         <size>0x20</size>
         <input_file_ref idref="fl-b"/>
      </object_component>
      <object_component id="oc-137">
         <name>.debug_line</name>
         <load_address>0x1714</load_address>
         <run_address>0x1714</run_address>
         <size>0xa5d</size>
         <input_file_ref idref="fl-b"/>
      </object_component>
      <object_component id="oc-2a">
         <name>.debug_line</name>
         <load_address>0x2171</load_address>
         <run_address>0x2171</run_address>
         <size>0x4b</size>
         <input_file_ref idref="fl-131"/>
      </object_component>
      <object_component id="oc-76">
         <name>.debug_line</name>
         <load_address>0x21bc</load_address>
         <run_address>0x21bc</run_address>
         <size>0x5a</size>
         <input_file_ref idref="fl-132"/>
      </object_component>
      <object_component id="oc-1a">
         <name>.debug_line</name>
         <load_address>0x2216</load_address>
         <run_address>0x2216</run_address>
         <size>0x52</size>
         <input_file_ref idref="fl-132"/>
      </object_component>
      <object_component id="oc-37">
         <name>.debug_line</name>
         <load_address>0x2268</load_address>
         <run_address>0x2268</run_address>
         <size>0x3a</size>
         <input_file_ref idref="fl-132"/>
      </object_component>
      <object_component id="oc-73">
         <name>.debug_line</name>
         <load_address>0x22a2</load_address>
         <run_address>0x22a2</run_address>
         <size>0x5a</size>
         <input_file_ref idref="fl-132"/>
      </object_component>
      <object_component id="oc-7e">
         <name>.debug_line</name>
         <load_address>0x22fc</load_address>
         <run_address>0x22fc</run_address>
         <size>0x5a</size>
         <input_file_ref idref="fl-133"/>
      </object_component>
      <object_component id="oc-3f">
         <name>.debug_line</name>
         <load_address>0x2356</load_address>
         <run_address>0x2356</run_address>
         <size>0x87</size>
         <input_file_ref idref="fl-133"/>
      </object_component>
      <object_component id="oc-21">
         <name>.debug_line</name>
         <load_address>0x23dd</load_address>
         <run_address>0x23dd</run_address>
         <size>0x4b</size>
         <input_file_ref idref="fl-133"/>
      </object_component>
      <object_component id="oc-45">
         <name>.debug_line</name>
         <load_address>0x2428</load_address>
         <run_address>0x2428</run_address>
         <size>0x39</size>
         <input_file_ref idref="fl-133"/>
      </object_component>
      <object_component id="oc-82">
         <name>.debug_line</name>
         <load_address>0x2461</load_address>
         <run_address>0x2461</run_address>
         <size>0x5a</size>
         <input_file_ref idref="fl-133"/>
      </object_component>
      <object_component id="oc-86">
         <name>.debug_line</name>
         <load_address>0x24bb</load_address>
         <run_address>0x24bb</run_address>
         <size>0x5a</size>
         <input_file_ref idref="fl-134"/>
      </object_component>
      <object_component id="oc-27">
         <name>.debug_line</name>
         <load_address>0x2515</load_address>
         <run_address>0x2515</run_address>
         <size>0x4f</size>
         <input_file_ref idref="fl-134"/>
      </object_component>
      <object_component id="oc-50">
         <name>.debug_line</name>
         <load_address>0x2564</load_address>
         <run_address>0x2564</run_address>
         <size>0x34</size>
         <input_file_ref idref="fl-134"/>
      </object_component>
      <object_component id="oc-db">
         <name>.debug_line</name>
         <load_address>0x2598</load_address>
         <run_address>0x2598</run_address>
         <size>0x59</size>
         <input_file_ref idref="fl-135"/>
      </object_component>
      <object_component id="oc-d9">
         <name>.debug_line</name>
         <load_address>0x25f1</load_address>
         <run_address>0x25f1</run_address>
         <size>0x2a</size>
         <input_file_ref idref="fl-135"/>
      </object_component>
      <object_component id="oc-69">
         <name>.debug_line</name>
         <load_address>0x261b</load_address>
         <run_address>0x261b</run_address>
         <size>0x80</size>
         <input_file_ref idref="fl-135"/>
      </object_component>
      <object_component id="oc-30">
         <name>.debug_line</name>
         <load_address>0x269b</load_address>
         <run_address>0x269b</run_address>
         <size>0x9a</size>
         <input_file_ref idref="fl-136"/>
      </object_component>
      <object_component id="oc-48">
         <name>.debug_line</name>
         <load_address>0x2735</load_address>
         <run_address>0x2735</run_address>
         <size>0x73</size>
         <input_file_ref idref="fl-137"/>
      </object_component>
      <object_component id="oc-54">
         <name>.debug_line</name>
         <load_address>0x27a8</load_address>
         <run_address>0x27a8</run_address>
         <size>0x40</size>
         <input_file_ref idref="fl-138"/>
      </object_component>
      <object_component id="oc-a2">
         <name>.debug_line</name>
         <load_address>0x27e8</load_address>
         <run_address>0x27e8</run_address>
         <size>0x33</size>
         <input_file_ref idref="fl-139"/>
      </object_component>
      <object_component id="oc-115">
         <name>.debug_line</name>
         <load_address>0x281b</load_address>
         <run_address>0x281b</run_address>
         <size>0x86</size>
         <input_file_ref idref="fl-13a"/>
      </object_component>
      <object_component id="oc-10a">
         <name>.debug_line</name>
         <load_address>0x28a1</load_address>
         <run_address>0x28a1</run_address>
         <size>0x20</size>
         <input_file_ref idref="fl-13b"/>
      </object_component>
      <object_component id="oc-d5">
         <name>.debug_line</name>
         <load_address>0x28c1</load_address>
         <run_address>0x28c1</run_address>
         <size>0x2b</size>
         <input_file_ref idref="fl-13b"/>
      </object_component>
      <object_component id="oc-d3">
         <name>.debug_line</name>
         <load_address>0x28ec</load_address>
         <run_address>0x28ec</run_address>
         <size>0x64</size>
         <input_file_ref idref="fl-13b"/>
      </object_component>
      <object_component id="oc-c8">
         <name>.debug_line</name>
         <load_address>0x2950</load_address>
         <run_address>0x2950</run_address>
         <size>0x2b</size>
         <input_file_ref idref="fl-13c"/>
      </object_component>
      <object_component id="oc-64">
         <name>.debug_line</name>
         <load_address>0x297b</load_address>
         <run_address>0x297b</run_address>
         <size>0x53</size>
         <input_file_ref idref="fl-13c"/>
      </object_component>
      <object_component id="oc-cc">
         <name>.debug_line</name>
         <load_address>0x29ce</load_address>
         <run_address>0x29ce</run_address>
         <size>0x2b</size>
         <input_file_ref idref="fl-13c"/>
      </object_component>
      <object_component id="oc-a6">
         <name>.debug_line</name>
         <load_address>0x29f9</load_address>
         <run_address>0x29f9</run_address>
         <size>0x69</size>
         <input_file_ref idref="fl-13d"/>
      </object_component>
      <object_component id="oc-5d">
         <name>.debug_line</name>
         <load_address>0x2a62</load_address>
         <run_address>0x2a62</run_address>
         <size>0x75</size>
         <input_file_ref idref="fl-13d"/>
      </object_component>
      <object_component id="oc-aa">
         <name>.debug_line</name>
         <load_address>0x2ad7</load_address>
         <run_address>0x2ad7</run_address>
         <size>0x2e</size>
         <input_file_ref idref="fl-13d"/>
      </object_component>
      <object_component id="oc-af">
         <name>.debug_line</name>
         <load_address>0x2b05</load_address>
         <run_address>0x2b05</run_address>
         <size>0x5b</size>
         <input_file_ref idref="fl-13d"/>
      </object_component>
      <object_component id="oc-dd">
         <name>.debug_line</name>
         <load_address>0x2b60</load_address>
         <run_address>0x2b60</run_address>
         <size>0x68</size>
         <input_file_ref idref="fl-13e"/>
      </object_component>
      <object_component id="oc-8d">
         <name>.debug_line</name>
         <load_address>0x2bc8</load_address>
         <run_address>0x2bc8</run_address>
         <size>0x70</size>
         <input_file_ref idref="fl-13e"/>
      </object_component>
      <object_component id="oc-e1">
         <name>.debug_line</name>
         <load_address>0x2c38</load_address>
         <run_address>0x2c38</run_address>
         <size>0x2e</size>
         <input_file_ref idref="fl-13e"/>
      </object_component>
      <object_component id="oc-11b">
         <name>.debug_frame</name>
         <load_address>0x0</load_address>
         <run_address>0x0</run_address>
         <size>0xd0</size>
         <input_file_ref idref="fl-2"/>
      </object_component>
      <object_component id="oc-b6">
         <name>.debug_frame</name>
         <load_address>0xd0</load_address>
         <run_address>0xd0</run_address>
         <size>0x128</size>
         <input_file_ref idref="fl-3"/>
      </object_component>
      <object_component id="oc-f8">
         <name>.debug_frame</name>
         <load_address>0x1f8</load_address>
         <run_address>0x1f8</run_address>
         <size>0xa5</size>
         <input_file_ref idref="fl-4"/>
      </object_component>
      <object_component id="oc-c2">
         <name>.debug_frame</name>
         <load_address>0x29d</load_address>
         <run_address>0x29d</run_address>
         <size>0x2b1</size>
         <input_file_ref idref="fl-5"/>
      </object_component>
      <object_component id="oc-bc">
         <name>.debug_frame</name>
         <load_address>0x54e</load_address>
         <run_address>0x54e</run_address>
         <size>0x2b0</size>
         <input_file_ref idref="fl-6"/>
      </object_component>
      <object_component id="oc-95">
         <name>.debug_frame</name>
         <load_address>0x7fe</load_address>
         <run_address>0x7fe</run_address>
         <size>0xa0</size>
         <input_file_ref idref="fl-7"/>
      </object_component>
      <object_component id="oc-141">
         <name>.debug_frame</name>
         <load_address>0x89e</load_address>
         <run_address>0x89e</run_address>
         <size>0x57</size>
         <input_file_ref idref="fl-8"/>
      </object_component>
      <object_component id="oc-10f">
         <name>.debug_frame</name>
         <load_address>0x8f5</load_address>
         <run_address>0x8f5</run_address>
         <size>0xca</size>
         <input_file_ref idref="fl-9"/>
      </object_component>
      <object_component id="oc-e4">
         <name>.debug_frame</name>
         <load_address>0x9bf</load_address>
         <run_address>0x9bf</run_address>
         <size>0x1c8</size>
         <input_file_ref idref="fl-a"/>
      </object_component>
      <object_component id="oc-13b">
         <name>.debug_frame</name>
         <load_address>0xb87</load_address>
         <run_address>0xb87</run_address>
         <size>0x76c</size>
         <input_file_ref idref="fl-b"/>
      </object_component>
      <object_component id="oc-1b">
         <name>.debug_frame</name>
         <load_address>0x12f3</load_address>
         <run_address>0x12f3</run_address>
         <size>0x3f</size>
         <input_file_ref idref="fl-132"/>
      </object_component>
      <object_component id="oc-3e">
         <name>.debug_frame</name>
         <load_address>0x1332</load_address>
         <run_address>0x1332</run_address>
         <size>0x4e</size>
         <input_file_ref idref="fl-133"/>
      </object_component>
      <object_component id="oc-20">
         <name>.debug_frame</name>
         <load_address>0x1380</load_address>
         <run_address>0x1380</run_address>
         <size>0x3f</size>
         <input_file_ref idref="fl-133"/>
      </object_component>
      <object_component id="oc-26">
         <name>.debug_frame</name>
         <load_address>0x13bf</load_address>
         <run_address>0x13bf</run_address>
         <size>0x3f</size>
         <input_file_ref idref="fl-134"/>
      </object_component>
      <object_component id="oc-6a">
         <name>.debug_frame</name>
         <load_address>0x13fe</load_address>
         <run_address>0x13fe</run_address>
         <size>0x6f</size>
         <input_file_ref idref="fl-135"/>
      </object_component>
      <object_component id="oc-58">
         <name>.debug_frame</name>
         <load_address>0x146d</load_address>
         <run_address>0x146d</run_address>
         <size>0x3f</size>
         <input_file_ref idref="fl-138"/>
      </object_component>
      <object_component id="oc-d2">
         <name>.debug_frame</name>
         <load_address>0x14ac</load_address>
         <run_address>0x14ac</run_address>
         <size>0x61</size>
         <input_file_ref idref="fl-13b"/>
      </object_component>
      <object_component id="oc-60">
         <name>.debug_frame</name>
         <load_address>0x150d</load_address>
         <run_address>0x150d</run_address>
         <size>0x3f</size>
         <input_file_ref idref="fl-13c"/>
      </object_component>
      <object_component id="oc-5e">
         <name>.debug_frame</name>
         <load_address>0x154c</load_address>
         <run_address>0x154c</run_address>
         <size>0x4e</size>
         <input_file_ref idref="fl-13d"/>
      </object_component>
      <object_component id="oc-8c">
         <name>.debug_frame</name>
         <load_address>0x159a</load_address>
         <run_address>0x159a</run_address>
         <size>0x4e</size>
         <input_file_ref idref="fl-13e"/>
      </object_component>
      <object_component id="oc-14e">
         <name>.debug_abbrev</name>
         <load_address>0x0</load_address>
         <run_address>0x0</run_address>
         <size>0x1c</size>
         <input_file_ref idref="fl-2"/>
      </object_component>
      <object_component id="oc-144">
         <name>.debug_abbrev</name>
         <load_address>0x1c</load_address>
         <run_address>0x1c</run_address>
         <size>0xab</size>
         <input_file_ref idref="fl-2"/>
      </object_component>
      <object_component id="oc-79">
         <name>.debug_abbrev</name>
         <load_address>0xc7</load_address>
         <run_address>0xc7</run_address>
         <size>0x1f</size>
         <input_file_ref idref="fl-2"/>
      </object_component>
      <object_component id="oc-121">
         <name>.debug_abbrev</name>
         <load_address>0xe6</load_address>
         <run_address>0xe6</run_address>
         <size>0xbe</size>
         <input_file_ref idref="fl-3"/>
      </object_component>
      <object_component id="oc-ec">
         <name>.debug_abbrev</name>
         <load_address>0x1a4</load_address>
         <run_address>0x1a4</run_address>
         <size>0x137</size>
         <input_file_ref idref="fl-3"/>
      </object_component>
      <object_component id="oc-f4">
         <name>.debug_abbrev</name>
         <load_address>0x2db</load_address>
         <run_address>0x2db</run_address>
         <size>0x4b</size>
         <input_file_ref idref="fl-3"/>
      </object_component>
      <object_component id="oc-ef">
         <name>.debug_abbrev</name>
         <load_address>0x326</load_address>
         <run_address>0x326</run_address>
         <size>0x33</size>
         <input_file_ref idref="fl-3"/>
      </object_component>
      <object_component id="oc-123">
         <name>.debug_abbrev</name>
         <load_address>0x359</load_address>
         <run_address>0x359</run_address>
         <size>0x50</size>
         <input_file_ref idref="fl-4"/>
      </object_component>
      <object_component id="oc-128">
         <name>.debug_abbrev</name>
         <load_address>0x3a9</load_address>
         <run_address>0x3a9</run_address>
         <size>0x1c</size>
         <input_file_ref idref="fl-5"/>
      </object_component>
      <object_component id="oc-103">
         <name>.debug_abbrev</name>
         <load_address>0x3c5</load_address>
         <run_address>0x3c5</run_address>
         <size>0x105</size>
         <input_file_ref idref="fl-5"/>
      </object_component>
      <object_component id="oc-12c">
         <name>.debug_abbrev</name>
         <load_address>0x4ca</load_address>
         <run_address>0x4ca</run_address>
         <size>0x4b</size>
         <input_file_ref idref="fl-5"/>
      </object_component>
      <object_component id="oc-126">
         <name>.debug_abbrev</name>
         <load_address>0x515</load_address>
         <run_address>0x515</run_address>
         <size>0x6a</size>
         <input_file_ref idref="fl-6"/>
      </object_component>
      <object_component id="oc-124">
         <name>.debug_abbrev</name>
         <load_address>0x57f</load_address>
         <run_address>0x57f</run_address>
         <size>0x29</size>
         <input_file_ref idref="fl-6"/>
      </object_component>
      <object_component id="oc-101">
         <name>.debug_abbrev</name>
         <load_address>0x5a8</load_address>
         <run_address>0x5a8</run_address>
         <size>0x130</size>
         <input_file_ref idref="fl-6"/>
      </object_component>
      <object_component id="oc-12f">
         <name>.debug_abbrev</name>
         <load_address>0x6d8</load_address>
         <run_address>0x6d8</run_address>
         <size>0x8b</size>
         <input_file_ref idref="fl-7"/>
      </object_component>
      <object_component id="oc-105">
         <name>.debug_abbrev</name>
         <load_address>0x763</load_address>
         <run_address>0x763</run_address>
         <size>0x27</size>
         <input_file_ref idref="fl-7"/>
      </object_component>
      <object_component id="oc-c6">
         <name>.debug_abbrev</name>
         <load_address>0x78a</load_address>
         <run_address>0x78a</run_address>
         <size>0xb8</size>
         <input_file_ref idref="fl-7"/>
      </object_component>
      <object_component id="oc-133">
         <name>.debug_abbrev</name>
         <load_address>0x842</load_address>
         <run_address>0x842</run_address>
         <size>0x5c</size>
         <input_file_ref idref="fl-7"/>
      </object_component>
      <object_component id="oc-14d">
         <name>.debug_abbrev</name>
         <load_address>0x89e</load_address>
         <run_address>0x89e</run_address>
         <size>0x99</size>
         <input_file_ref idref="fl-8"/>
      </object_component>
      <object_component id="oc-142">
         <name>.debug_abbrev</name>
         <load_address>0x937</load_address>
         <run_address>0x937</run_address>
         <size>0xd4</size>
         <input_file_ref idref="fl-9"/>
      </object_component>
      <object_component id="oc-149">
         <name>.debug_abbrev</name>
         <load_address>0xa0b</load_address>
         <run_address>0xa0b</run_address>
         <size>0xb6</size>
         <input_file_ref idref="fl-a"/>
      </object_component>
      <object_component id="oc-147">
         <name>.debug_abbrev</name>
         <load_address>0xac1</load_address>
         <run_address>0xac1</run_address>
         <size>0x27</size>
         <input_file_ref idref="fl-a"/>
      </object_component>
      <object_component id="oc-11f">
         <name>.debug_abbrev</name>
         <load_address>0xae8</load_address>
         <run_address>0xae8</run_address>
         <size>0x170</size>
         <input_file_ref idref="fl-a"/>
      </object_component>
      <object_component id="oc-150">
         <name>.debug_abbrev</name>
         <load_address>0xc58</load_address>
         <run_address>0xc58</run_address>
         <size>0x23</size>
         <input_file_ref idref="fl-b"/>
      </object_component>
      <object_component id="oc-14b">
         <name>.debug_abbrev</name>
         <load_address>0xc7b</load_address>
         <run_address>0xc7b</run_address>
         <size>0x105</size>
         <input_file_ref idref="fl-b"/>
      </object_component>
      <object_component id="oc-6e">
         <name>.debug_abbrev</name>
         <load_address>0xd80</load_address>
         <run_address>0xd80</run_address>
         <size>0x3d</size>
         <input_file_ref idref="fl-131"/>
      </object_component>
      <object_component id="oc-75">
         <name>.debug_abbrev</name>
         <load_address>0xdbd</load_address>
         <run_address>0xdbd</run_address>
         <size>0x52</size>
         <input_file_ref idref="fl-132"/>
      </object_component>
      <object_component id="oc-33">
         <name>.debug_abbrev</name>
         <load_address>0xe0f</load_address>
         <run_address>0xe0f</run_address>
         <size>0x74</size>
         <input_file_ref idref="fl-132"/>
      </object_component>
      <object_component id="oc-36">
         <name>.debug_abbrev</name>
         <load_address>0xe83</load_address>
         <run_address>0xe83</run_address>
         <size>0x24</size>
         <input_file_ref idref="fl-132"/>
      </object_component>
      <object_component id="oc-72">
         <name>.debug_abbrev</name>
         <load_address>0xea7</load_address>
         <run_address>0xea7</run_address>
         <size>0x24</size>
         <input_file_ref idref="fl-132"/>
      </object_component>
      <object_component id="oc-7d">
         <name>.debug_abbrev</name>
         <load_address>0xecb</load_address>
         <run_address>0xecb</run_address>
         <size>0x52</size>
         <input_file_ref idref="fl-133"/>
      </object_component>
      <object_component id="oc-7c">
         <name>.debug_abbrev</name>
         <load_address>0xf1d</load_address>
         <run_address>0xf1d</run_address>
         <size>0x7b</size>
         <input_file_ref idref="fl-133"/>
      </object_component>
      <object_component id="oc-40">
         <name>.debug_abbrev</name>
         <load_address>0xf98</load_address>
         <run_address>0xf98</run_address>
         <size>0x74</size>
         <input_file_ref idref="fl-133"/>
      </object_component>
      <object_component id="oc-44">
         <name>.debug_abbrev</name>
         <load_address>0x100c</load_address>
         <run_address>0x100c</run_address>
         <size>0x24</size>
         <input_file_ref idref="fl-133"/>
      </object_component>
      <object_component id="oc-81">
         <name>.debug_abbrev</name>
         <load_address>0x1030</load_address>
         <run_address>0x1030</run_address>
         <size>0x24</size>
         <input_file_ref idref="fl-133"/>
      </object_component>
      <object_component id="oc-85">
         <name>.debug_abbrev</name>
         <load_address>0x1054</load_address>
         <run_address>0x1054</run_address>
         <size>0x52</size>
         <input_file_ref idref="fl-134"/>
      </object_component>
      <object_component id="oc-4c">
         <name>.debug_abbrev</name>
         <load_address>0x10a6</load_address>
         <run_address>0x10a6</run_address>
         <size>0x74</size>
         <input_file_ref idref="fl-134"/>
      </object_component>
      <object_component id="oc-4f">
         <name>.debug_abbrev</name>
         <load_address>0x111a</load_address>
         <run_address>0x111a</run_address>
         <size>0x24</size>
         <input_file_ref idref="fl-134"/>
      </object_component>
      <object_component id="oc-da">
         <name>.debug_abbrev</name>
         <load_address>0x113e</load_address>
         <run_address>0x113e</run_address>
         <size>0x6b</size>
         <input_file_ref idref="fl-135"/>
      </object_component>
      <object_component id="oc-d8">
         <name>.debug_abbrev</name>
         <load_address>0x11a9</load_address>
         <run_address>0x11a9</run_address>
         <size>0x29</size>
         <input_file_ref idref="fl-135"/>
      </object_component>
      <object_component id="oc-9e">
         <name>.debug_abbrev</name>
         <load_address>0x11d2</load_address>
         <run_address>0x11d2</run_address>
         <size>0xba</size>
         <input_file_ref idref="fl-135"/>
      </object_component>
      <object_component id="oc-6f">
         <name>.debug_abbrev</name>
         <load_address>0x128c</load_address>
         <run_address>0x128c</run_address>
         <size>0x4b</size>
         <input_file_ref idref="fl-136"/>
      </object_component>
      <object_component id="oc-84">
         <name>.debug_abbrev</name>
         <load_address>0x12d7</load_address>
         <run_address>0x12d7</run_address>
         <size>0x4f</size>
         <input_file_ref idref="fl-137"/>
      </object_component>
      <object_component id="oc-87">
         <name>.debug_abbrev</name>
         <load_address>0x1326</load_address>
         <run_address>0x1326</run_address>
         <size>0x55</size>
         <input_file_ref idref="fl-138"/>
      </object_component>
      <object_component id="oc-a1">
         <name>.debug_abbrev</name>
         <load_address>0x137b</load_address>
         <run_address>0x137b</run_address>
         <size>0x27</size>
         <input_file_ref idref="fl-139"/>
      </object_component>
      <object_component id="oc-143">
         <name>.debug_abbrev</name>
         <load_address>0x13a2</load_address>
         <run_address>0x13a2</run_address>
         <size>0x63</size>
         <input_file_ref idref="fl-13a"/>
      </object_component>
      <object_component id="oc-109">
         <name>.debug_abbrev</name>
         <load_address>0x1405</load_address>
         <run_address>0x1405</run_address>
         <size>0x45</size>
         <input_file_ref idref="fl-13b"/>
      </object_component>
      <object_component id="oc-d4">
         <name>.debug_abbrev</name>
         <load_address>0x144a</load_address>
         <run_address>0x144a</run_address>
         <size>0x29</size>
         <input_file_ref idref="fl-13b"/>
      </object_component>
      <object_component id="oc-108">
         <name>.debug_abbrev</name>
         <load_address>0x1473</load_address>
         <run_address>0x1473</run_address>
         <size>0x6f</size>
         <input_file_ref idref="fl-13b"/>
      </object_component>
      <object_component id="oc-c7">
         <name>.debug_abbrev</name>
         <load_address>0x14e2</load_address>
         <run_address>0x14e2</run_address>
         <size>0x8e</size>
         <input_file_ref idref="fl-13c"/>
      </object_component>
      <object_component id="oc-96">
         <name>.debug_abbrev</name>
         <load_address>0x1570</load_address>
         <run_address>0x1570</run_address>
         <size>0x68</size>
         <input_file_ref idref="fl-13c"/>
      </object_component>
      <object_component id="oc-cb">
         <name>.debug_abbrev</name>
         <load_address>0x15d8</load_address>
         <run_address>0x15d8</run_address>
         <size>0x49</size>
         <input_file_ref idref="fl-13c"/>
      </object_component>
      <object_component id="oc-a5">
         <name>.debug_abbrev</name>
         <load_address>0x1621</load_address>
         <run_address>0x1621</run_address>
         <size>0x9a</size>
         <input_file_ref idref="fl-13d"/>
      </object_component>
      <object_component id="oc-8e">
         <name>.debug_abbrev</name>
         <load_address>0x16bb</load_address>
         <run_address>0x16bb</run_address>
         <size>0x7e</size>
         <input_file_ref idref="fl-13d"/>
      </object_component>
      <object_component id="oc-a9">
         <name>.debug_abbrev</name>
         <load_address>0x1739</load_address>
         <run_address>0x1739</run_address>
         <size>0x24</size>
         <input_file_ref idref="fl-13d"/>
      </object_component>
      <object_component id="oc-ae">
         <name>.debug_abbrev</name>
         <load_address>0x175d</load_address>
         <run_address>0x175d</run_address>
         <size>0x4b</size>
         <input_file_ref idref="fl-13d"/>
      </object_component>
      <object_component id="oc-dc">
         <name>.debug_abbrev</name>
         <load_address>0x17a8</load_address>
         <run_address>0x17a8</run_address>
         <size>0x9c</size>
         <input_file_ref idref="fl-13e"/>
      </object_component>
      <object_component id="oc-a3">
         <name>.debug_abbrev</name>
         <load_address>0x1844</load_address>
         <run_address>0x1844</run_address>
         <size>0x8c</size>
         <input_file_ref idref="fl-13e"/>
      </object_component>
      <object_component id="oc-e0">
         <name>.debug_abbrev</name>
         <load_address>0x18d0</load_address>
         <run_address>0x18d0</run_address>
         <size>0x24</size>
         <input_file_ref idref="fl-13e"/>
      </object_component>
      <object_component id="oc-181">
         <name>.debug_abbrev</name>
         <load_address>0x18f4</load_address>
         <run_address>0x18f4</run_address>
         <size>0xf</size>
      </object_component>
      <object_component id="oc-7b">
         <name>.debug_str</name>
         <load_address>0x0</load_address>
         <run_address>0x0</run_address>
         <size>0xf5</size>
         <input_file_ref idref="fl-2"/>
      </object_component>
      <object_component id="oc-f6">
         <name>.debug_str</name>
         <load_address>0xf5</load_address>
         <run_address>0xf5</run_address>
         <size>0xd8</size>
         <input_file_ref idref="fl-3"/>
      </object_component>
      <object_component id="oc-f1">
         <name>.debug_str</name>
         <load_address>0x1cd</load_address>
         <run_address>0x1cd</run_address>
         <size>0xd5</size>
         <input_file_ref idref="fl-3"/>
      </object_component>
      <object_component id="oc-12e">
         <name>.debug_str</name>
         <load_address>0x2a2</load_address>
         <run_address>0x2a2</run_address>
         <size>0xd0</size>
         <input_file_ref idref="fl-5"/>
      </object_component>
      <object_component id="oc-135">
         <name>.debug_str</name>
         <load_address>0x372</load_address>
         <run_address>0x372</run_address>
         <size>0xe1</size>
         <input_file_ref idref="fl-7"/>
      </object_component>
      <object_component id="oc-38">
         <name>.debug_str</name>
         <load_address>0x453</load_address>
         <run_address>0x453</run_address>
         <size>0xc9</size>
         <input_file_ref idref="fl-132"/>
      </object_component>
      <object_component id="oc-74">
         <name>.debug_str</name>
         <load_address>0x51c</load_address>
         <run_address>0x51c</run_address>
         <size>0xc6</size>
         <input_file_ref idref="fl-132"/>
      </object_component>
      <object_component id="oc-46">
         <name>.debug_str</name>
         <load_address>0x5e2</load_address>
         <run_address>0x5e2</run_address>
         <size>0xbb</size>
         <input_file_ref idref="fl-133"/>
      </object_component>
      <object_component id="oc-83">
         <name>.debug_str</name>
         <load_address>0x69d</load_address>
         <run_address>0x69d</run_address>
         <size>0xc6</size>
         <input_file_ref idref="fl-133"/>
      </object_component>
      <object_component id="oc-51">
         <name>.debug_str</name>
         <load_address>0x763</load_address>
         <run_address>0x763</run_address>
         <size>0xc3</size>
         <input_file_ref idref="fl-134"/>
      </object_component>
      <object_component id="oc-cd">
         <name>.debug_str</name>
         <load_address>0x826</load_address>
         <run_address>0x826</run_address>
         <size>0x9f</size>
         <input_file_ref idref="fl-13c"/>
      </object_component>
      <object_component id="oc-ab">
         <name>.debug_str</name>
         <load_address>0x8c5</load_address>
         <run_address>0x8c5</run_address>
         <size>0xab</size>
         <input_file_ref idref="fl-13d"/>
      </object_component>
      <object_component id="oc-b0">
         <name>.debug_str</name>
         <load_address>0x970</load_address>
         <run_address>0x970</run_address>
         <size>0x11d</size>
         <input_file_ref idref="fl-13d"/>
      </object_component>
      <object_component id="oc-e2">
         <name>.debug_str</name>
         <load_address>0xa8d</load_address>
         <run_address>0xa8d</run_address>
         <size>0xa0</size>
         <input_file_ref idref="fl-13e"/>
      </object_component>
      <object_component id="oc-119">
         <name>.debug_aranges</name>
         <load_address>0x0</load_address>
         <run_address>0x0</run_address>
         <size>0x48</size>
         <input_file_ref idref="fl-2"/>
      </object_component>
      <object_component id="oc-b5">
         <name>.debug_aranges</name>
         <load_address>0x48</load_address>
         <run_address>0x48</run_address>
         <size>0x58</size>
         <input_file_ref idref="fl-3"/>
      </object_component>
      <object_component id="oc-fb">
         <name>.debug_aranges</name>
         <load_address>0xa0</load_address>
         <run_address>0xa0</run_address>
         <size>0x50</size>
         <input_file_ref idref="fl-4"/>
      </object_component>
      <object_component id="oc-bf">
         <name>.debug_aranges</name>
         <load_address>0xf0</load_address>
         <run_address>0xf0</run_address>
         <size>0xe8</size>
         <input_file_ref idref="fl-5"/>
      </object_component>
      <object_component id="oc-ba">
         <name>.debug_aranges</name>
         <load_address>0x1d8</load_address>
         <run_address>0x1d8</run_address>
         <size>0x110</size>
         <input_file_ref idref="fl-6"/>
      </object_component>
      <object_component id="oc-92">
         <name>.debug_aranges</name>
         <load_address>0x2e8</load_address>
         <run_address>0x2e8</run_address>
         <size>0x40</size>
         <input_file_ref idref="fl-7"/>
      </object_component>
      <object_component id="oc-13e">
         <name>.debug_aranges</name>
         <load_address>0x328</load_address>
         <run_address>0x328</run_address>
         <size>0x28</size>
         <input_file_ref idref="fl-8"/>
      </object_component>
      <object_component id="oc-10d">
         <name>.debug_aranges</name>
         <load_address>0x350</load_address>
         <run_address>0x350</run_address>
         <size>0x48</size>
         <input_file_ref idref="fl-9"/>
      </object_component>
      <object_component id="oc-e6">
         <name>.debug_aranges</name>
         <load_address>0x398</load_address>
         <run_address>0x398</run_address>
         <size>0x88</size>
         <input_file_ref idref="fl-a"/>
      </object_component>
      <object_component id="oc-138">
         <name>.debug_aranges</name>
         <load_address>0x420</load_address>
         <run_address>0x420</run_address>
         <size>0x268</size>
         <input_file_ref idref="fl-b"/>
      </object_component>
      <object_component id="oc-29">
         <name>.debug_aranges</name>
         <load_address>0x688</load_address>
         <run_address>0x688</run_address>
         <size>0x20</size>
         <input_file_ref idref="fl-131"/>
      </object_component>
      <object_component id="oc-19">
         <name>.debug_aranges</name>
         <load_address>0x6a8</load_address>
         <run_address>0x6a8</run_address>
         <size>0x20</size>
         <input_file_ref idref="fl-132"/>
      </object_component>
      <object_component id="oc-3b">
         <name>.debug_aranges</name>
         <load_address>0x6c8</load_address>
         <run_address>0x6c8</run_address>
         <size>0x20</size>
         <input_file_ref idref="fl-133"/>
      </object_component>
      <object_component id="oc-1d">
         <name>.debug_aranges</name>
         <load_address>0x6e8</load_address>
         <run_address>0x6e8</run_address>
         <size>0x20</size>
         <input_file_ref idref="fl-133"/>
      </object_component>
      <object_component id="oc-23">
         <name>.debug_aranges</name>
         <load_address>0x708</load_address>
         <run_address>0x708</run_address>
         <size>0x20</size>
         <input_file_ref idref="fl-134"/>
      </object_component>
      <object_component id="oc-67">
         <name>.debug_aranges</name>
         <load_address>0x728</load_address>
         <run_address>0x728</run_address>
         <size>0x30</size>
         <input_file_ref idref="fl-135"/>
      </object_component>
      <object_component id="oc-2f">
         <name>.debug_aranges</name>
         <load_address>0x758</load_address>
         <run_address>0x758</run_address>
         <size>0x20</size>
         <input_file_ref idref="fl-136"/>
      </object_component>
      <object_component id="oc-49">
         <name>.debug_aranges</name>
         <load_address>0x778</load_address>
         <run_address>0x778</run_address>
         <size>0x28</size>
         <input_file_ref idref="fl-137"/>
      </object_component>
      <object_component id="oc-57">
         <name>.debug_aranges</name>
         <load_address>0x7a0</load_address>
         <run_address>0x7a0</run_address>
         <size>0x20</size>
         <input_file_ref idref="fl-138"/>
      </object_component>
      <object_component id="oc-112">
         <name>.debug_aranges</name>
         <load_address>0x7c0</load_address>
         <run_address>0x7c0</run_address>
         <size>0x28</size>
         <input_file_ref idref="fl-13a"/>
      </object_component>
      <object_component id="oc-d0">
         <name>.debug_aranges</name>
         <load_address>0x7e8</load_address>
         <run_address>0x7e8</run_address>
         <size>0x30</size>
         <input_file_ref idref="fl-13b"/>
      </object_component>
      <object_component id="oc-61">
         <name>.debug_aranges</name>
         <load_address>0x818</load_address>
         <run_address>0x818</run_address>
         <size>0x20</size>
         <input_file_ref idref="fl-13c"/>
      </object_component>
      <object_component id="oc-5b">
         <name>.debug_aranges</name>
         <load_address>0x838</load_address>
         <run_address>0x838</run_address>
         <size>0x20</size>
         <input_file_ref idref="fl-13d"/>
      </object_component>
      <object_component id="oc-8a">
         <name>.debug_aranges</name>
         <load_address>0x858</load_address>
         <run_address>0x858</run_address>
         <size>0x20</size>
         <input_file_ref idref="fl-13e"/>
      </object_component>
      <object_component id="oc-118">
         <name>.debug_pubnames</name>
         <load_address>0x0</load_address>
         <run_address>0x0</run_address>
         <size>0x74</size>
         <input_file_ref idref="fl-2"/>
      </object_component>
      <object_component id="oc-eb">
         <name>.debug_pubnames</name>
         <load_address>0x74</load_address>
         <run_address>0x74</run_address>
         <size>0x22</size>
         <input_file_ref idref="fl-3"/>
      </object_component>
      <object_component id="oc-b4">
         <name>.debug_pubnames</name>
         <load_address>0x96</load_address>
         <run_address>0x96</run_address>
         <size>0xc6</size>
         <input_file_ref idref="fl-3"/>
      </object_component>
      <object_component id="oc-fc">
         <name>.debug_pubnames</name>
         <load_address>0x15c</load_address>
         <run_address>0x15c</run_address>
         <size>0x8c</size>
         <input_file_ref idref="fl-4"/>
      </object_component>
      <object_component id="oc-c1">
         <name>.debug_pubnames</name>
         <load_address>0x1e8</load_address>
         <run_address>0x1e8</run_address>
         <size>0x280</size>
         <input_file_ref idref="fl-5"/>
      </object_component>
      <object_component id="oc-100">
         <name>.debug_pubnames</name>
         <load_address>0x468</load_address>
         <run_address>0x468</run_address>
         <size>0x23</size>
         <input_file_ref idref="fl-6"/>
      </object_component>
      <object_component id="oc-b9">
         <name>.debug_pubnames</name>
         <load_address>0x48b</load_address>
         <run_address>0x48b</run_address>
         <size>0x2d1</size>
         <input_file_ref idref="fl-6"/>
      </object_component>
      <object_component id="oc-c5">
         <name>.debug_pubnames</name>
         <load_address>0x75c</load_address>
         <run_address>0x75c</run_address>
         <size>0x2b</size>
         <input_file_ref idref="fl-7"/>
      </object_component>
      <object_component id="oc-93">
         <name>.debug_pubnames</name>
         <load_address>0x787</load_address>
         <run_address>0x787</run_address>
         <size>0x71</size>
         <input_file_ref idref="fl-7"/>
      </object_component>
      <object_component id="oc-13f">
         <name>.debug_pubnames</name>
         <load_address>0x7f8</load_address>
         <run_address>0x7f8</run_address>
         <size>0x3f</size>
         <input_file_ref idref="fl-8"/>
      </object_component>
      <object_component id="oc-10e">
         <name>.debug_pubnames</name>
         <load_address>0x837</load_address>
         <run_address>0x837</run_address>
         <size>0x90</size>
         <input_file_ref idref="fl-9"/>
      </object_component>
      <object_component id="oc-11e">
         <name>.debug_pubnames</name>
         <load_address>0x8c7</load_address>
         <run_address>0x8c7</run_address>
         <size>0x1e</size>
         <input_file_ref idref="fl-a"/>
      </object_component>
      <object_component id="oc-e8">
         <name>.debug_pubnames</name>
         <load_address>0x8e5</load_address>
         <run_address>0x8e5</run_address>
         <size>0xe6</size>
         <input_file_ref idref="fl-a"/>
      </object_component>
      <object_component id="oc-13a">
         <name>.debug_pubnames</name>
         <load_address>0x9cb</load_address>
         <run_address>0x9cb</run_address>
         <size>0x779</size>
         <input_file_ref idref="fl-b"/>
      </object_component>
      <object_component id="oc-2c">
         <name>.debug_pubnames</name>
         <load_address>0x1144</load_address>
         <run_address>0x1144</run_address>
         <size>0x1f</size>
         <input_file_ref idref="fl-131"/>
      </object_component>
      <object_component id="oc-18">
         <name>.debug_pubnames</name>
         <load_address>0x1163</load_address>
         <run_address>0x1163</run_address>
         <size>0x2b</size>
         <input_file_ref idref="fl-132"/>
      </object_component>
      <object_component id="oc-3d">
         <name>.debug_pubnames</name>
         <load_address>0x118e</load_address>
         <run_address>0x118e</run_address>
         <size>0x2f</size>
         <input_file_ref idref="fl-133"/>
      </object_component>
      <object_component id="oc-1f">
         <name>.debug_pubnames</name>
         <load_address>0x11bd</load_address>
         <run_address>0x11bd</run_address>
         <size>0x2c</size>
         <input_file_ref idref="fl-133"/>
      </object_component>
      <object_component id="oc-25">
         <name>.debug_pubnames</name>
         <load_address>0x11e9</load_address>
         <run_address>0x11e9</run_address>
         <size>0x25</size>
         <input_file_ref idref="fl-134"/>
      </object_component>
      <object_component id="oc-9d">
         <name>.debug_pubnames</name>
         <load_address>0x120e</load_address>
         <run_address>0x120e</run_address>
         <size>0x3a</size>
[...]
      <symbol id="sm-2f5">
         <name>UARTStdioInit</name>
         <value>0x40301db4</value>
         <object_component_ref idref="oc-e3"/>
      </symbol>
      <symbol id="sm-2f6">
         <name>UARTGetHexNum</name>
         <value>0x40302200</value>
         <object_component_ref idref="oc-e3"/>
      </symbol>
      <symbol id="sm-2f7">
         <name>UARTPutHexNum</name>
         <value>0x40302020</value>
         <object_component_ref idref="oc-e3"/>
      </symbol>
      <symbol id="sm-2f8">
         <name>UARTGetNum</name>
         <value>0x4030214c</value>
         <object_component_ref idref="oc-e3"/>
      </symbol>
      <symbol id="sm-2f9">
         <name>UARTPutNum</name>
         <value>0x40301f24</value>
         <object_component_ref idref="oc-e3"/>
      </symbol>
      <symbol id="sm-2fa">
         <name>UARTwrite</name>
         <value>0x40302478</value>
         <object_component_ref idref="oc-e3"/>
      </symbol>
      <symbol id="sm-2fb">
         <name>UARTGetc</name>
         <value>0x4030246c</value>
         <object_component_ref idref="oc-e3"/>
      </symbol>
      <symbol id="sm-2fc">
         <name>UARTGets</name>
         <value>0x40301e78</value>
         <object_component_ref idref="oc-e3"/>
      </symbol>
      <symbol id="sm-2fd">
         <name>UARTprintf</name>
         <value>0x403024ec</value>
         <object_component_ref idref="oc-e3"/>
      </symbol>
      <symbol id="sm-2fe">
         <name>UARTPutc</name>
         <value>0x40302458</value>
         <object_component_ref idref="oc-e3"/>
      </symbol>
      <symbol id="sm-2ff">
         <name>UARTPuts</name>
         <value>0x40301dc0</value>
         <object_component_ref idref="oc-e3"/>
      </symbol>
      <symbol id="sm-378">
         <name>UARTAutobaudWordLenGet</name>
         <value>0x40301b74</value>
         <object_component_ref idref="oc-136"/>
      </symbol>
      <symbol id="sm-379">
         <name>UARTDivisorLatchDisable</name>
         <value>0x403002cc</value>
         <object_component_ref idref="oc-136"/>
      </symbol>
      <symbol id="sm-37a">
         <name>UARTCharPutNonBlocking</name>
         <value>0x40301004</value>
         <object_component_ref idref="oc-136"/>
      </symbol>
      <symbol id="sm-37b">
         <name>UARTDMAEnable</name>
         <value>0x40300868</value>
         <object_component_ref idref="oc-136"/>
      </symbol>
      <symbol id="sm-37c">
         <name>UARTXON1XOFF1ValProgram</name>
         <value>0x403016d4</value>
         <object_component_ref idref="oc-136"/>
      </symbol>
      <symbol id="sm-37d">
         <name>UARTScratchPadRegWrite</name>
         <value>0x40301c0c</value>
         <object_component_ref idref="oc-136"/>
      </symbol>
      <symbol id="sm-37e">
         <name>UARTPulseShapingControl</name>
         <value>0x40301540</value>
         <object_component_ref idref="oc-136"/>
      </symbol>
      <symbol id="sm-37f">
         <name>UARTSubConfigXOFFModeEn</name>
         <value>0x40300bfc</value>
         <object_component_ref idref="oc-136"/>
      </symbol>
      <symbol id="sm-380">
         <name>UARTModemStatusChangeCheck</name>
         <value>0x403018b8</value>
         <object_component_ref idref="oc-136"/>
      </symbol>
      <symbol id="sm-381">
         <name>UARTFIFOTrigLvlGranControl</name>
         <value>0x4030194c</value>
         <object_component_ref idref="oc-136"/>
      </symbol>
      <symbol id="sm-382">
         <name>UARTDivisorValCompute</name>
         <value>0x40300060</value>
         <object_component_ref idref="oc-136"/>
      </symbol>
      <symbol id="sm-383">
         <name>UARTIntPendingStatusGet</name>
         <value>0x40301344</value>
         <object_component_ref idref="oc-136"/>
      </symbol>
      <symbol id="sm-384">
         <name>UARTModuleReset</name>
         <value>0x40301584</value>
         <object_component_ref idref="oc-136"/>
      </symbol>
      <symbol id="sm-385">
         <name>UARTAutobaudParityGet</name>
         <value>0x40301b28</value>
         <object_component_ref idref="oc-136"/>
      </symbol>
      <symbol id="sm-386">
         <name>UARTTCRTLRBitValRestore</name>
         <value>0x40300cd4</value>
         <object_component_ref idref="oc-136"/>
      </symbol>
      <symbol id="sm-387">
         <name>UARTIntIdentityGet</name>
         <value>0x403012f8</value>
         <object_component_ref idref="oc-136"/>
      </symbol>
      <symbol id="sm-388">
         <name>UARTCharGetTimeout</name>
         <value>0x40301120</value>
         <object_component_ref idref="oc-136"/>
      </symbol>
      <symbol id="sm-389">
         <name>UARTEnhanFuncBitValRestore</name>
         <value>0x403009e8</value>
         <object_component_ref idref="oc-136"/>
      </symbol>
      <symbol id="sm-38a">
         <name>UARTModemControlSet</name>
         <value>0x4030183c</value>
         <object_component_ref idref="oc-136"/>
      </symbol>
      <symbol id="sm-38b">
         <name>UARTSubConfigTCRTLRModeEn</name>
         <value>0x40300b24</value>
         <object_component_ref idref="oc-136"/>
      </symbol>
      <symbol id="sm-38c">
         <name>UARTLoopbackModeControl</name>
         <value>0x403017f8</value>
         <object_component_ref idref="oc-136"/>
      </symbol>
      <symbol id="sm-38d">
         <name>UARTIdleModeConfigure</name>
         <value>0x403015b8</value>
         <object_component_ref idref="oc-136"/>
      </symbol>
      <symbol id="sm-38e">
         <name>UARTDivisorLatchEnable</name>
         <value>0x403002a8</value>
         <object_component_ref idref="oc-136"/>
      </symbol>
      <symbol id="sm-38f">
         <name>UARTFIFOCharGet</name>
         <value>0x40301224</value>
         <object_component_ref idref="oc-136"/>
      </symbol>
      <symbol id="sm-390">
         <name>UARTFIFOWrite</name>
         <value>0x40301240</value>
         <object_component_ref idref="oc-136"/>
      </symbol>
      <symbol id="sm-391">
         <name>UARTWakeUpEventsEnable</name>
         <value>0x403018ec</value>
         <object_component_ref idref="oc-136"/>
      </symbol>
      <symbol id="sm-392">
         <name>UARTSpecialCharDetectControl</name>
         <value>0x40301478</value>
         <object_component_ref idref="oc-136"/>
      </symbol>
      <symbol id="sm-393">
         <name>UARTDivisorLatchWrite</name>
         <value>0x40300124</value>
         <object_component_ref idref="oc-136"/>
      </symbol>
      <symbol id="sm-394">
         <name>UARTWakeUpEventsDisable</name>
         <value>0x4030191c</value>
         <object_component_ref idref="oc-136"/>
      </symbol>
      <symbol id="sm-395">
         <name>UARTScratchPadRegRead</name>
         <value>0x40301c50</value>
         <object_component_ref idref="oc-136"/>
      </symbol>
      <symbol id="sm-396">
         <name>UARTModuleVersionNumberGet</name>
         <value>0x40301c6c</value>
         <object_component_ref idref="oc-136"/>
      </symbol>
      <symbol id="sm-397">
         <name>UARTRXCTSDSRWakeUpConfigure</name>
         <value>0x40301a38</value>
         <object_component_ref idref="oc-136"/>
      </symbol>
      <symbol id="sm-398">
         <name>UARTEnhanFuncEnable</name>
         <value>0x40300988</value>
         <object_component_ref idref="oc-136"/>
      </symbol>
      <symbol id="sm-399">
         <name>UARTTxFIFOLevelGet</name>
         <value>0x40301af8</value>
         <object_component_ref idref="oc-136"/>
      </symbol>
      <symbol id="sm-39a">
         <name>UARTOperatingModeSelect</name>
         <value>0x40300000</value>
         <object_component_ref idref="oc-136"/>
      </symbol>
      <symbol id="sm-39b">
         <name>UARTXON2XOFF2ValProgram</name>
         <value>0x40301704</value>
         <object_component_ref idref="oc-136"/>
      </symbol>
      <symbol id="sm-39c">
         <name>UARTLineCharacConfig</name>
         <value>0x403003cc</value>
         <object_component_ref idref="oc-136"/>
      </symbol>
      <symbol id="sm-39d">
         <name>UARTIntEnable</name>
         <value>0x40300db0</value>
         <object_component_ref idref="oc-136"/>
      </symbol>
      <symbol id="sm-39e">
         <name>UARTCharsAvail</name>
         <value>0x40300fb0</value>
         <object_component_ref idref="oc-136"/>
      </symbol>
      <symbol id="sm-39f">
         <name>UARTRxFIFOLevelGet</name>
         <value>0x40301b10</value>
         <object_component_ref idref="oc-136"/>
      </symbol>
      <symbol id="sm-3a0">
         <name>UARTFlowCtrlTrigLvlConfig</name>
         <value>0x40301684</value>
         <object_component_ref idref="oc-136"/>
      </symbol>
      <symbol id="sm-3a1">
         <name>UARTCharGetNonBlocking</name>
         <value>0x40301070</value>
         <object_component_ref idref="oc-136"/>
      </symbol>
      <symbol id="sm-3a2">
         <name>UARTDMACounterResetControl</name>
         <value>0x40301a98</value>
         <object_component_ref idref="oc-136"/>
      </symbol>
      <symbol id="sm-3a3">
         <name>UARTModemStatusGet</name>
         <value>0x4030189c</value>
         <object_component_ref idref="oc-136"/>
      </symbol>
      <symbol id="sm-3a4">
         <name>UARTAutoRTSAutoCTSControl</name>
         <value>0x403013ec</value>
         <object_component_ref idref="oc-136"/>
      </symbol>
      <symbol id="sm-3a5">
         <name>UARTFIFORegisterWrite</name>
         <value>0x403008fc</value>
         <object_component_ref idref="oc-136"/>
      </symbol>
      <symbol id="sm-3a6">
         <name>UARTDSRInterruptControl</name>
         <value>0x403019b0</value>
         <object_component_ref idref="oc-136"/>
      </symbol>
      <symbol id="sm-3a7">
         <name>UARTIntDisable</name>
         <value>0x40300e94</value>
         <object_component_ref idref="oc-136"/>
      </symbol>
      <symbol id="sm-3a8">
         <name>UARTCharPut</name>
         <value>0x403011b0</value>
         <object_component_ref idref="oc-136"/>
      </symbol>
      <symbol id="sm-3a9">
         <name>UARTTxDMAThresholdControl</name>
         <value>0x40301c88</value>
         <object_component_ref idref="oc-136"/>
      </symbol>
      <symbol id="sm-3aa">
         <name>UARTParityModeSet</name>
         <value>0x40300444</value>
         <object_component_ref idref="oc-136"/>
      </symbol>
      <symbol id="sm-3ab">
         <name>UARTAutoIdleModeControl</name>
         <value>0x40301640</value>
         <object_component_ref idref="oc-136"/>
      </symbol>
      <symbol id="sm-3ac">
         <name>UARTRxErrorGet</name>
         <value>0x403012ac</value>
         <object_component_ref idref="oc-136"/>
      </symbol>
      <symbol id="sm-3ad">
         <name>UARTFIFOEnableStatusGet</name>
         <value>0x40301398</value>
         <object_component_ref idref="oc-136"/>
      </symbol>
      <symbol id="sm-3ae">
         <name>UARTXONAnyFeatureControl</name>
         <value>0x40301734</value>
         <object_component_ref idref="oc-136"/>
      </symbol>
      <symbol id="sm-3af">
         <name>UARTFIFOCharPut</name>
         <value>0x40301204</value>
         <object_component_ref idref="oc-136"/>
      </symbol>
      <symbol id="sm-3b0">
         <name>UARTSubConfigMSRSPRModeEn</name>
         <value>0x40300a4c</value>
         <object_component_ref idref="oc-136"/>
      </symbol>
      <symbol id="sm-3b1">
         <name>UARTDMADisable</name>
         <value>0x403008c4</value>
         <object_component_ref idref="oc-136"/>
      </symbol>
      <symbol id="sm-3b2">
         <name>UARTTxFIFOFullStatusGet</name>
         <value>0x40301adc</value>
         <object_component_ref idref="oc-136"/>
      </symbol>
      <symbol id="sm-3b3">
         <name>UARTFIFOConfig</name>
         <value>0x403004a4</value>
         <object_component_ref idref="oc-136"/>
      </symbol>
      <symbol id="sm-3b4">
         <name>UARTTxDMAThresholdValConfig</name>
         <value>0x40301ccc</value>
         <object_component_ref idref="oc-136"/>
      </symbol>
      <symbol id="sm-3b5">
         <name>UARTWakeUpControl</name>
         <value>0x403015fc</value>
         <object_component_ref idref="oc-136"/>
      </symbol>
      <symbol id="sm-3b6">
         <name>UARTResumeOperation</name>
         <value>0x403018d4</value>
         <object_component_ref idref="oc-136"/>
      </symbol>
      <symbol id="sm-3b7">
         <name>UARTRegConfModeRestore</name>
         <value>0x40300368</value>
         <object_component_ref idref="oc-136"/>
      </symbol>
      <symbol id="sm-3b8">
         <name>UARTSpaceAvail</name>
         <value>0x40300f5c</value>
         <object_component_ref idref="oc-136"/>
      </symbol>
      <symbol id="sm-3b9">
         <name>UARTAutobaudSpeedGet</name>
         <value>0x40301bc0</value>
         <object_component_ref idref="oc-136"/>
      </symbol>
      <symbol id="sm-3ba">
         <name>UARTCharGet</name>
         <value>0x403010c8</value>
         <object_component_ref idref="oc-136"/>
      </symbol>
      <symbol id="sm-3bb">
         <name>UARTSoftwareFlowCtrlOptSet</name>
         <value>0x403014dc</value>
         <object_component_ref idref="oc-136"/>
      </symbol>
      <symbol id="sm-3bc">
         <name>UARTModemControlClear</name>
         <value>0x4030186c</value>
         <object_component_ref idref="oc-136"/>
      </symbol>
      <symbol id="sm-3bd">
         <name>UARTRegConfigModeEnable</name>
         <value>0x403002f0</value>
         <object_component_ref idref="oc-136"/>
      </symbol>
      <symbol id="sm-3be">
         <name>UARTRXCTSDSRTransitionStatusGet</name>
         <value>0x40301a7c</value>
         <object_component_ref idref="oc-136"/>
      </symbol>
      <symbol id="sm-3bf">
         <name>UARTTxEmptyIntControl</name>
         <value>0x403019f4</value>
         <object_component_ref idref="oc-136"/>
      </symbol>
      <symbol id="sm-3c0">
         <name>UARTParityModeGet</name>
         <value>0x40300488</value>
         <object_component_ref idref="oc-136"/>
      </symbol>
      <symbol id="sm-3c1">
         <name>UARTBreakCtl</name>
         <value>0x40300388</value>
         <object_component_ref idref="oc-136"/>
      </symbol>
      <symbol id="sm-3d1">
         <name>_c_int00</name>
         <value>0x4030571c</value>
         <object_component_ref idref="oc-28"/>
      </symbol>
      <symbol id="sm-3d2">
         <name>__stack</name>
         <value>0x403057f4</value>
         <object_component_ref idref="oc-2d"/>
      </symbol>
      <symbol id="sm-3e9">
         <name>__TI_decompress_none</name>
         <value>0x403057b4</value>
         <object_component_ref idref="oc-16"/>
      </symbol>
      <symbol id="sm-411">
         <name>__TI_decompress_rle24</name>
         <value>0x403057e4</value>
         <object_component_ref idref="oc-1c"/>
      </symbol>
      <symbol id="sm-423">
         <name>__TI_zero_init</name>
         <value>0x403057c8</value>
         <object_component_ref idref="oc-22"/>
      </symbol>
      <symbol id="sm-443">
         <name>C$$EXIT</name>
         <value>0x40305644</value>
         <object_component_ref idref="oc-65"/>
      </symbol>
      <symbol id="sm-444">
         <name>abort</name>
         <value>0x4030564c</value>
         <object_component_ref idref="oc-65"/>
      </symbol>
      <symbol id="sm-445">
         <name>exit</name>
         <value>0x40305658</value>
         <object_component_ref idref="oc-65"/>
      </symbol>
      <symbol id="sm-446">
         <name>__TI_dtors_ptr</name>
         <value>0x4030620c</value>
         <object_component_ref idref="oc-9b"/>
      </symbol>
      <symbol id="sm-447">
         <name>__TI_cleanup_ptr</name>
         <value>0x40306208</value>
         <object_component_ref idref="oc-9b"/>
      </symbol>
      <symbol id="sm-460">
         <name>memcpy</name>
         <value>0x4030500c</value>
         <object_component_ref idref="oc-2e"/>
      </symbol>
      <symbol id="sm-461">
         <name>__aeabi_memcpy</name>
         <value>0x4030500c</value>
         <object_component_ref idref="oc-2e"/>
      </symbol>
      <symbol id="sm-462">
         <name>__aeabi_memcpy8</name>
         <value>0x4030500c</value>
         <object_component_ref idref="oc-2e"/>
      </symbol>
      <symbol id="sm-463">
         <name>__aeabi_memcpy4</name>
         <value>0x4030500c</value>
         <object_component_ref idref="oc-2e"/>
      </symbol>
      <symbol id="sm-472">
         <name>__aeabi_memset</name>
         <value>0x403053d0</value>
         <object_component_ref idref="oc-47"/>
      </symbol>
      <symbol id="sm-473">
         <name>memset</name>
         <value>0x403053dc</value>
         <object_component_ref idref="oc-47"/>
      </symbol>
      <symbol id="sm-474">
         <name>__aeabi_memset8</name>
         <value>0x403053d0</value>
         <object_component_ref idref="oc-47"/>
      </symbol>
      <symbol id="sm-475">
         <name>__aeabi_memset4</name>
         <value>0x403053d0</value>
         <object_component_ref idref="oc-47"/>
      </symbol>
      <symbol id="sm-476">
         <name>__aeabi_memclr8</name>
         <value>0x403053cc</value>
         <object_component_ref idref="oc-47"/>
      </symbol>
      <symbol id="sm-477">
         <name>__aeabi_memclr4</name>
         <value>0x403053cc</value>
         <object_component_ref idref="oc-47"/>
      </symbol>
      <symbol id="sm-478">
         <name>__aeabi_memclr</name>
         <value>0x403053cc</value>
         <object_component_ref idref="oc-47"/>
      </symbol>
      <symbol id="sm-482">
         <name>_system_pre_init</name>
         <value>0x403057ec</value>
         <object_component_ref idref="oc-53"/>
      </symbol>
      <symbol id="sm-48a">
         <name>main_func_sp</name>
         <value>0x40306210</value>
         <object_component_ref idref="oc-6b"/>
      </symbol>
      <symbol id="sm-49f">
         <name>__aeabi_uidivmod</name>
         <value>0x403052d8</value>
         <object_component_ref idref="oc-111"/>
      </symbol>
      <symbol id="sm-4a0">
         <name>__aeabi_uidiv</name>
         <value>0x403052d8</value>
         <object_component_ref idref="oc-111"/>
      </symbol>
      <symbol id="sm-4ba">
         <name>_nop</name>
         <value>0x40305788</value>
         <object_component_ref idref="oc-ce"/>
      </symbol>
      <symbol id="sm-4bb">
         <name>_lock</name>
         <value>0x40306200</value>
         <object_component_ref idref="oc-98"/>
      </symbol>
      <symbol id="sm-4bc">
         <name>_unlock</name>
         <value>0x40306204</value>
         <object_component_ref idref="oc-98"/>
      </symbol>
      <symbol id="sm-4bd">
         <name>_register_lock</name>
         <value>0x4030577c</value>
         <object_component_ref idref="oc-ce"/>
      </symbol>
      <symbol id="sm-4be">
         <name>_register_unlock</name>
         <value>0x40305770</value>
         <object_component_ref idref="oc-ce"/>
      </symbol>
      <symbol id="sm-4d3">
         <name>_args_main</name>
         <value>0x40305794</value>
         <object_component_ref idref="oc-5f"/>
      </symbol>
      <symbol id="sm-4f8">
         <name>__TI_auto_init</name>
         <value>0x4030547c</value>
         <object_component_ref idref="oc-59"/>
      </symbol>
      <symbol id="sm-512">
         <name>copy_in</name>
         <value>0x403055c0</value>
         <object_component_ref idref="oc-88"/>
      </symbol>
      <symbol id="sm-513">
         <name>__TI_static_base__</name>
         <value>0x40306230</value>
      </symbol>
      <symbol id="sm-516">
         <name>SHT$$INIT_ARRAY$$Limit</name>
         <value>0x0</value>
      </symbol>
      <symbol id="sm-517">
         <name>SHT$$INIT_ARRAY$$Base</name>
         <value>0x0</value>
      </symbol>
   </symbol_table>
   <title>Link successful</title>
</link_info>
